
  vitepress v1.6.4

  ➜  Local:   http://127.0.0.1:4174/
  ➜  press h to show help
02:23:37 [vitepress] hmr update /@fs/F:/work/linkx-admin/linkx-fe/src/components/LxTransferPanel/demo/basic.vue, /components/lxtransferpanel.md
02:24:01 [vitepress] hmr update /@fs/F:/work/linkx-admin/linkx-fe/src/components/LxTransferPanel/demo/basic.vue, /components/lxtransferpanel.md
02:32:54 [vitepress] page reload .vitepress/dist/404.html
02:32:54 [vitepress] page reload .vitepress/dist/DELIVERY-CHECK.html
02:32:54 [vitepress] page reload .vitepress/dist/index.html
02:32:54 [vitepress] page reload .vitepress/dist/ROADMAP.html
02:32:54 [vitepress] page reload .vitepress/dist/components/element-bridge.html
02:32:54 [vitepress] page reload .vitepress/dist/components/lxactionbuttons.html
02:32:54 [vitepress] page reload .vitepress/dist/components/lxauthimg.html
02:32:54 [vitepress] page reload .vitepress/dist/components/lxbreadcrumb.html
02:32:54 [vitepress] page reload .vitepress/dist/components/lxbutton.html
02:32:54 [vitepress] page reload .vitepress/dist/components/lxcascader.html
02:32:54 [vitepress] page reload .vitepress/dist/components/lxcheckbox.html
02:32:54 [vitepress] page reload .vitepress/dist/components/lxcodeslot.html
02:32:54 [vitepress] page reload .vitepress/dist/components/lxconfirm.html
02:32:54 [vitepress] page reload .vitepress/dist/components/lxdatepicker.html
02:32:54 [vitepress] page reload .vitepress/dist/components/lxdescriptions.html
02:32:54 [vitepress] page reload .vitepress/dist/components/lxdialog.html
02:32:54 [vitepress] page reload .vitepress/dist/components/lxdrawer.html
02:32:54 [vitepress] page reload .vitepress/dist/components/lxdutycalendar.html
02:32:54 [vitepress] page reload .vitepress/dist/components/lxdynamicform.html
02:32:54 [vitepress] page reload .vitepress/dist/components/lxempty.html
02:32:54 [vitepress] page reload .vitepress/dist/components/lxform.html
02:32:54 [vitepress] page reload .vitepress/dist/components/lxformerrorbanner.html
02:32:54 [vitepress] page reload .vitepress/dist/components/lxgauge.html
02:32:54 [vitepress] page reload .vitepress/dist/components/lxicons.html
02:32:54 [vitepress] page reload .vitepress/dist/components/lxinput.html
02:32:54 [vitepress] page reload .vitepress/dist/components/lxinputnumber.html
02:32:54 [vitepress] page reload .vitepress/dist/components/lxmessage.html
02:32:54 [vitepress] page reload .vitepress/dist/components/lxmetriccard.html
02:32:54 [vitepress] page reload .vitepress/dist/components/lxnavbar.html
02:32:54 [vitepress] page reload .vitepress/dist/components/lxnodebadge.html
02:32:54 [vitepress] page reload .vitepress/dist/components/lxpagecard.html
02:32:54 [vitepress] page reload .vitepress/dist/components/lxpagination.html
02:32:54 [vitepress] page reload .vitepress/dist/components/lxpasswordinput.html
02:32:54 [vitepress] page reload .vitepress/dist/components/lxprotable.html
02:32:54 [vitepress] page reload .vitepress/dist/components/lxradio.html
02:32:54 [vitepress] page reload .vitepress/dist/components/lxsearchbar.html
02:32:54 [vitepress] page reload .vitepress/dist/components/lxsectiontitle.html
02:32:54 [vitepress] page reload .vitepress/dist/components/lxselect.html
02:32:54 [vitepress] page reload .vitepress/dist/components/lxselectpagination.html
02:32:54 [vitepress] page reload .vitepress/dist/components/lxselecttree.html
02:32:54 [vitepress] page reload .vitepress/dist/components/lxsidebar.html
02:32:54 [vitepress] page reload .vitepress/dist/components/lxsplitlayout.html
02:32:54 [vitepress] page reload .vitepress/dist/components/lxstatusdot.html
02:32:54 [vitepress] page reload .vitepress/dist/components/lxstatusswitch.html
02:32:54 [vitepress] page reload .vitepress/dist/components/lxswitch.html
02:32:54 [vitepress] page reload .vitepress/dist/components/lxtabsbar.html
02:32:54 [vitepress] page reload .vitepress/dist/components/lxtag.html
02:32:54 [vitepress] page reload .vitepress/dist/components/lxtextarea.html
02:32:54 [vitepress] page reload .vitepress/dist/components/lxtransferpanel.html
02:32:54 [vitepress] page reload .vitepress/dist/components/lxtreeselect.html
02:32:54 [vitepress] page reload .vitepress/dist/components/lxupload.html
02:32:54 [vitepress] page reload .vitepress/dist/components/lxvirtualtree.html
02:32:54 [vitepress] page reload .vitepress/dist/components/new-components.html
02:32:54 [vitepress] page reload .vitepress/dist/components/permissions.html
02:33:19 [vitepress] page reload .vitepress/dist/components/lxcascader.html
02:33:19 [vitepress] page reload .vitepress/dist/404.html
02:33:19 [vitepress] page reload .vitepress/dist/DELIVERY-CHECK.html
02:33:19 [vitepress] page reload .vitepress/dist/index.html
02:33:19 [vitepress] page reload .vitepress/dist/ROADMAP.html
02:33:19 [vitepress] page reload .vitepress/dist/components/element-bridge.html
02:33:19 [vitepress] page reload .vitepress/dist/components/lxactionbuttons.html
02:33:19 [vitepress] page reload .vitepress/dist/components/lxauthimg.html
02:33:19 [vitepress] page reload .vitepress/dist/components/lxbreadcrumb.html
02:33:19 [vitepress] page reload .vitepress/dist/components/lxbutton.html
02:33:19 [vitepress] page reload .vitepress/dist/components/lxcheckbox.html
02:33:19 [vitepress] page reload .vitepress/dist/components/lxcodeslot.html
02:33:19 [vitepress] page reload .vitepress/dist/components/lxconfirm.html
02:33:19 [vitepress] page reload .vitepress/dist/components/lxdatepicker.html
02:33:19 [vitepress] page reload .vitepress/dist/components/lxdescriptions.html
02:33:19 [vitepress] page reload .vitepress/dist/components/lxdialog.html
02:33:19 [vitepress] page reload .vitepress/dist/components/lxdrawer.html
02:33:19 [vitepress] page reload .vitepress/dist/components/lxdutycalendar.html
02:33:19 [vitepress] page reload .vitepress/dist/components/lxdynamicform.html
02:33:19 [vitepress] page reload .vitepress/dist/components/lxempty.html
02:33:20 [vitepress] page reload .vitepress/dist/components/lxform.html
02:33:20 [vitepress] page reload .vitepress/dist/components/lxformerrorbanner.html
02:33:20 [vitepress] page reload .vitepress/dist/components/lxgauge.html
02:33:20 [vitepress] page reload .vitepress/dist/components/lxicons.html
02:33:20 [vitepress] page reload .vitepress/dist/components/lxinput.html
02:33:20 [vitepress] page reload .vitepress/dist/components/lxinputnumber.html
02:33:20 [vitepress] page reload .vitepress/dist/components/lxmessage.html
02:33:20 [vitepress] page reload .vitepress/dist/components/lxmetriccard.html
02:33:20 [vitepress] page reload .vitepress/dist/components/lxnavbar.html
02:33:20 [vitepress] page reload .vitepress/dist/components/lxnodebadge.html
02:33:20 [vitepress] page reload .vitepress/dist/components/lxpagecard.html
02:33:20 [vitepress] page reload .vitepress/dist/components/lxpagination.html
02:33:20 [vitepress] page reload .vitepress/dist/components/lxpasswordinput.html
02:33:20 [vitepress] page reload .vitepress/dist/components/lxprotable.html
02:33:20 [vitepress] page reload .vitepress/dist/components/lxradio.html
02:33:20 [vitepress] page reload .vitepress/dist/components/lxsearchbar.html
02:33:20 [vitepress] page reload .vitepress/dist/components/lxsectiontitle.html
02:33:20 [vitepress] page reload .vitepress/dist/components/lxselect.html
02:33:20 [vitepress] page reload .vitepress/dist/components/lxselectpagination.html
02:33:20 [vitepress] page reload .vitepress/dist/components/lxselecttree.html
02:33:20 [vitepress] page reload .vitepress/dist/components/lxsidebar.html
02:33:20 [vitepress] page reload .vitepress/dist/components/lxsplitlayout.html
02:33:20 [vitepress] page reload .vitepress/dist/components/lxstatusdot.html
02:33:20 [vitepress] page reload .vitepress/dist/components/lxstatusswitch.html
02:33:20 [vitepress] page reload .vitepress/dist/components/lxswitch.html
02:33:20 [vitepress] page reload .vitepress/dist/components/lxtabsbar.html
02:33:20 [vitepress] page reload .vitepress/dist/components/lxtag.html
02:33:20 [vitepress] page reload .vitepress/dist/components/lxtextarea.html
02:33:20 [vitepress] page reload .vitepress/dist/components/lxtransferpanel.html
02:33:21 [vitepress] page reload .vitepress/dist/components/lxtreeselect.html
02:33:21 [vitepress] page reload .vitepress/dist/components/lxupload.html
02:33:21 [vitepress] page reload .vitepress/dist/components/lxvirtualtree.html
02:33:21 [vitepress] page reload .vitepress/dist/components/new-components.html
02:33:21 [vitepress] page reload .vitepress/dist/components/permissions.html
02:51:22 [vitepress] hmr update /@fs/F:/work/linkx-admin/linkx-fe/src/components/LxTransferPanel/demo/basic.vue, /components/lxtransferpanel.md
02:52:02 [vitepress] hmr update /@fs/F:/work/linkx-admin/linkx-fe/src/components/LxTransferPanel/demo/basic.vue, /components/lxtransferpanel.md
03:03:05 [vitepress] hmr update /@fs/F:/work/linkx-admin/linkx-fe/src/components/LxTransferPanel/demo/basic.vue, /components/lxtransferpanel.md
03:03:13 [vitepress] hmr update /@fs/F:/work/linkx-admin/linkx-fe/src/components/LxTransferPanel/demo/basic.vue, /components/lxtransferpanel.md
03:15:06 [vitepress] page reload .vitepress/dist/404.html
03:15:07 [vitepress] page reload .vitepress/dist/components/element-bridge.html
03:15:07 [vitepress] page reload .vitepress/dist/components/lxactionbuttons.html
03:15:07 [vitepress] page reload .vitepress/dist/components/lxauthimg.html
03:15:07 [vitepress] page reload .vitepress/dist/components/lxbreadcrumb.html
03:15:07 [vitepress] page reload .vitepress/dist/components/lxbutton.html
03:15:07 [vitepress] page reload .vitepress/dist/components/lxcascader.html
03:15:07 [vitepress] page reload .vitepress/dist/components/lxcheckbox.html
03:15:07 [vitepress] page reload .vitepress/dist/components/lxcodeslot.html
03:15:07 [vitepress] page reload .vitepress/dist/components/lxconfirm.html
03:15:07 [vitepress] page reload .vitepress/dist/components/lxdatepicker.html
03:15:07 [vitepress] page reload .vitepress/dist/components/lxdescriptions.html
03:15:07 [vitepress] page reload .vitepress/dist/components/lxdialog.html
03:15:07 [vitepress] page reload .vitepress/dist/components/lxdrawer.html
03:15:07 [vitepress] page reload .vitepress/dist/components/lxdutycalendar.html
03:15:07 [vitepress] page reload .vitepress/dist/components/lxdynamicform.html
03:15:07 [vitepress] page reload .vitepress/dist/components/lxempty.html
03:15:07 [vitepress] page reload .vitepress/dist/components/lxform.html
03:15:07 [vitepress] page reload .vitepress/dist/components/lxformerrorbanner.html
03:15:07 [vitepress] page reload .vitepress/dist/components/lxgauge.html
03:15:07 [vitepress] page reload .vitepress/dist/components/lxicons.html
03:15:07 [vitepress] page reload .vitepress/dist/components/lxinputnumber.html
03:15:07 [vitepress] page reload .vitepress/dist/components/lxinput.html
03:15:07 [vitepress] page reload .vitepress/dist/components/lxmessage.html
03:15:07 [vitepress] page reload .vitepress/dist/components/lxmetriccard.html
03:15:07 [vitepress] page reload .vitepress/dist/components/lxnavbar.html
03:15:07 [vitepress] page reload .vitepress/dist/components/lxnodebadge.html
03:15:07 [vitepress] page reload .vitepress/dist/components/lxpagecard.html
03:15:07 [vitepress] page reload .vitepress/dist/components/lxpagination.html
03:15:07 [vitepress] page reload .vitepress/dist/components/lxpasswordinput.html
03:15:07 [vitepress] page reload .vitepress/dist/components/lxprotable.html
03:15:07 [vitepress] page reload .vitepress/dist/components/lxradio.html
03:15:07 [vitepress] page reload .vitepress/dist/components/lxsearchbar.html
03:15:07 [vitepress] page reload .vitepress/dist/components/lxsectiontitle.html
03:15:07 [vitepress] page reload .vitepress/dist/components/lxselect.html
03:15:07 [vitepress] page reload .vitepress/dist/components/lxselectpagination.html
03:15:07 [vitepress] page reload .vitepress/dist/components/lxselecttree.html
03:15:07 [vitepress] page reload .vitepress/dist/components/lxsidebar.html
03:15:07 [vitepress] page reload .vitepress/dist/components/lxsplitlayout.html
03:15:07 [vitepress] page reload .vitepress/dist/components/lxstatusdot.html
03:15:07 [vitepress] page reload .vitepress/dist/components/lxstatusswitch.html
03:15:07 [vitepress] page reload .vitepress/dist/components/lxswitch.html
03:15:07 [vitepress] page reload .vitepress/dist/components/lxtabsbar.html
03:15:07 [vitepress] page reload .vitepress/dist/components/lxtag.html
03:15:07 [vitepress] page reload .vitepress/dist/components/lxtextarea.html
03:15:07 [vitepress] page reload .vitepress/dist/components/lxtransferpanel.html
03:15:07 [vitepress] page reload .vitepress/dist/components/lxtreeselect.html
03:15:07 [vitepress] page reload .vitepress/dist/components/lxupload.html
03:15:07 [vitepress] page reload .vitepress/dist/components/lxvirtualtree.html
03:15:07 [vitepress] page reload .vitepress/dist/components/new-components.html
03:15:07 [vitepress] page reload .vitepress/dist/components/permissions.html
03:15:07 [vitepress] page reload .vitepress/dist/DELIVERY-CHECK.html
03:15:07 [vitepress] page reload .vitepress/dist/index.html
03:15:07 [vitepress] page reload .vitepress/dist/ROADMAP.html
[ELIFECYCLE] Command failed with exit code 1.
