
  vitepress v1.6.4

  ➜  Local:   http://127.0.0.1:4174/
  ➜  press h to show help
08:39:33 [vitepress] page reload .vitepress/dist/404.html
08:39:33 [vitepress] page reload .vitepress/dist/components/element-bridge.html
08:39:33 [vitepress] page reload .vitepress/dist/components/lxactionbuttons.html
08:39:34 [vitepress] page reload .vitepress/dist/components/lxauthimg.html
08:39:34 [vitepress] page reload .vitepress/dist/components/lxbreadcrumb.html
08:39:34 [vitepress] page reload .vitepress/dist/components/lxbutton.html
08:39:34 [vitepress] page reload .vitepress/dist/components/lxcascader.html
08:39:34 [vitepress] page reload .vitepress/dist/components/lxcheckbox.html
08:39:34 [vitepress] page reload .vitepress/dist/components/lxcodeslot.html
08:39:34 [vitepress] page reload .vitepress/dist/components/lxconfirm.html
08:39:34 [vitepress] page reload .vitepress/dist/components/lxdatepicker.html
08:39:34 [vitepress] page reload .vitepress/dist/components/lxdescriptions.html
08:39:34 [vitepress] page reload .vitepress/dist/components/lxdialog.html
08:39:34 [vitepress] page reload .vitepress/dist/components/lxdrawer.html
08:39:34 [vitepress] page reload .vitepress/dist/components/lxdutycalendar.html
08:39:34 [vitepress] page reload .vitepress/dist/components/lxdynamicform.html
08:39:34 [vitepress] page reload .vitepress/dist/components/lxempty.html
08:39:34 [vitepress] page reload .vitepress/dist/components/lxform.html
08:39:34 [vitepress] page reload .vitepress/dist/components/lxformerrorbanner.html
08:39:34 [vitepress] page reload .vitepress/dist/components/lxgauge.html
08:39:34 [vitepress] page reload .vitepress/dist/components/lxicons.html
08:39:34 [vitepress] page reload .vitepress/dist/components/lxinput.html
08:39:34 [vitepress] page reload .vitepress/dist/components/lxinputnumber.html
08:39:34 [vitepress] page reload .vitepress/dist/components/lxmessage.html
08:39:34 [vitepress] page reload .vitepress/dist/components/lxmetriccard.html
08:39:34 [vitepress] page reload .vitepress/dist/components/lxnavbar.html
08:39:34 [vitepress] page reload .vitepress/dist/components/lxnodebadge.html
08:39:34 [vitepress] page reload .vitepress/dist/components/lxpagecard.html
08:39:34 [vitepress] page reload .vitepress/dist/components/lxpagination.html
08:39:34 [vitepress] page reload .vitepress/dist/components/lxpasswordinput.html
08:39:34 [vitepress] page reload .vitepress/dist/components/lxprotable.html
08:39:34 [vitepress] page reload .vitepress/dist/components/lxradio.html
08:39:34 [vitepress] page reload .vitepress/dist/components/lxsearchbar.html
08:39:34 [vitepress] page reload .vitepress/dist/components/lxsectiontitle.html
08:39:34 [vitepress] page reload .vitepress/dist/components/lxselect.html
08:39:34 [vitepress] page reload .vitepress/dist/components/lxselectpagination.html
08:39:34 [vitepress] page reload .vitepress/dist/components/lxselecttree.html
08:39:34 [vitepress] page reload .vitepress/dist/components/lxsidebar.html
08:39:34 [vitepress] page reload .vitepress/dist/components/lxsplitlayout.html
08:39:34 [vitepress] page reload .vitepress/dist/components/lxstatusdot.html
08:39:34 [vitepress] page reload .vitepress/dist/components/lxstatusswitch.html
08:39:34 [vitepress] page reload .vitepress/dist/components/lxswitch.html
08:39:34 [vitepress] page reload .vitepress/dist/components/lxtabsbar.html
08:39:34 [vitepress] page reload .vitepress/dist/components/lxtag.html
08:39:34 [vitepress] page reload .vitepress/dist/components/lxtextarea.html
08:39:34 [vitepress] page reload .vitepress/dist/components/lxtransferpanel.html
08:39:34 [vitepress] page reload .vitepress/dist/components/lxtreeselect.html
08:39:34 [vitepress] page reload .vitepress/dist/components/lxupload.html
08:39:34 [vitepress] page reload .vitepress/dist/components/lxvirtualtree.html
08:39:34 [vitepress] page reload .vitepress/dist/components/new-components.html
08:39:34 [vitepress] page reload .vitepress/dist/components/permissions.html
08:39:34 [vitepress] page reload .vitepress/dist/DELIVERY-CHECK.html
08:39:34 [vitepress] page reload .vitepress/dist/index.html
08:39:34 [vitepress] page reload .vitepress/dist/ROADMAP.html
[ELIFECYCLE] Command failed with exit code 1.
