2026-10-08 01:58:37.383: [INFO] CurrentProfilePath: F:\work\linkx-admin\.impeccable\critique\wave7-transferpanel-2026-10-07\this-turn-final-freeze-2026-10-08\assessment-b-isolated-rerun\browser\edge-profile\Default
2026-10-08 01:58:37.383: [INFO] Profiles total count: 1
2026-10-08 01:58:37.383: [INFO] Profile: name=用户配置 1 path=F:\work\linkx-admin\.impeccable\critique\wave7-transferpanel-2026-10-07\this-turn-final-freeze-2026-10-08\assessment-b-isolated-rerun\browser\edge-profile\Default lastActive=null
2026-10-08 01:58:37.383: [INFO] LastUsedProfileDir: F:\work\linkx-admin\.impeccable\critique\wave7-transferpanel-2026-10-07\this-turn-final-freeze-2026-10-08\assessment-b-isolated-rerun\browser\edge-profile\Default
2026-10-08 01:58:37.383: [INFO] VisibilityChanged: 0
2026-10-08 01:58:37.401: [INFO] RecordSyncInitDuration has_sync_been_enabled: 0 state: 0
2026-10-08 01:58:37.401: [INFO] RecordSyncInitDuration has_sync_been_enabled: 0 state: 0
2026-10-08 01:58:37.402: [INFO] RecordSyncInitDuration has_sync_been_enabled: 0 state: 0
2026-10-08 01:58:37.402: [INFO] RecordSyncInitDuration has_sync_been_enabled: 0 state: 0
2026-10-08 01:58:37.402: [INFO] RecordSyncInitDuration has_sync_been_enabled: 0 state: 0
2026-10-08 01:58:37.403: [INFO] RecordSyncInitDuration has_sync_been_enabled: 0 state: 0
2026-10-08 01:58:37.404: [INFO] RecordSyncInitDuration has_sync_been_enabled: 0 state: 0
2026-10-08 01:58:37.405: [INFO] RecordSyncInitDuration has_sync_been_enabled: 0 state: 0
2026-10-08 01:58:37.406: [INFO] RecordSyncInitDuration has_sync_been_enabled: 0 state: 0
2026-10-08 01:58:37.407: [INFO] RecordSyncInitDuration has_sync_been_enabled: 0 state: 0
2026-10-08 01:58:37.419: [INFO] OnDoneLoading sync enabled: 0
2026-10-08 01:58:37.419: [INFO] BookmarkModelLoaded, ids_reassigned: 0
2026-10-08 01:58:37.419: [INFO] BookmarksLoadDropped droppedNodes=0
2026-10-08 01:58:37.419: [INFO] BookmarksSnapshot Startup total=0 bar=0 other=0 mobile=0 showBar=0 showBarNTP=1
2026-10-08 01:58:38.811: [INFO] RecordSyncInitDuration has_sync_been_enabled: 0 state: 0
2026-10-08 01:59:12.944: [INFO] BookmarksSnapshot Shutdown total=0 bar=0 other=0 mobile=0 showBar=0 showBarNTP=1
