[WARN] The "pnpm" field in package.json is no longer read by pnpm. The following keys were ignored: "pnpm.onlyBuiltDependencies". See https://pnpm.io/settings for the new home of each setting.
$ vitepress dev docs "--host" "127.0.0.1" "--port" "4174" "--strictPort"
node:internal/fs/watchers:323
    const error = new UVException({
                  ^

Error: EBUSY: resource busy or locked, watch 'F:\work\linkx-admin\linkx-fe\docs\.vitepress\dist\auth-img-sample.png'
    at FSWatcher.<computed> (node:internal/fs/watchers:323:19)
    at Object.watch (node:fs:3145:36)
    at createFsWatchInstance (file:///F:/work/linkx-admin/linkx-fe/node_modules/.pnpm/vite@5.4.21/node_modules/vite/dist/node/chunks/dep-BK3b2jBa.js:42780:17)
    at setFsWatchListener (file:///F:/work/linkx-admin/linkx-fe/node_modules/.pnpm/vite@5.4.21/node_modules/vite/dist/node/chunks/dep-BK3b2jBa.js:42827:15)
    at NodeFsHandler._watchWithNodeFs (file:///F:/work/linkx-admin/linkx-fe/node_modules/.pnpm/vite@5.4.21/node_modules/vite/dist/node/chunks/dep-BK3b2jBa.js:42982:14)
    at NodeFsHandler._handleFile (file:///F:/work/linkx-admin/linkx-fe/node_modules/.pnpm/vite@5.4.21/node_modules/vite/dist/node/chunks/dep-BK3b2jBa.js:43046:23)
    at NodeFsHandler._addToNodeFs (file:///F:/work/linkx-admin/linkx-fe/node_modules/.pnpm/vite@5.4.21/node_modules/vite/dist/node/chunks/dep-BK3b2jBa.js:43288:21)
Emitted 'error' event on FSWatcher instance at:
    at FSWatcher._handleError (file:///F:/work/linkx-admin/linkx-fe/node_modules/.pnpm/vite@5.4.21/node_modules/vite/dist/node/chunks/dep-BK3b2jBa.js:44481:10)
    at NodeFsHandler._addToNodeFs (file:///F:/work/linkx-admin/linkx-fe/node_modules/.pnpm/vite@5.4.21/node_modules/vite/dist/node/chunks/dep-BK3b2jBa.js:43296:18) {
  errno: -4082,
  syscall: 'watch',
  code: 'EBUSY',
  path: 'F:\\work\\linkx-admin\\linkx-fe\\docs\\.vitepress\\dist\\auth-img-sample.png',
  filename: 'F:\\work\\linkx-admin\\linkx-fe\\docs\\.vitepress\\dist\\auth-img-sample.png'
}

Node.js v26.8.1
