Port 5173 is in use, trying another one...

  vitepress v1.6.4

  ➜  Local:   http://localhost:5174/
  ➜  Network: use --host to expose
  ➜  press h to show help
14:56:42 [vitepress] hmr update /@fs/F:/work/linkx-admin/linkx-fe/src/components/LxSidebar/LxGauge.vue?vue&type=style&index=0&scoped=81407bcb&lang.css
14:57:04 [vitepress] page reload .vitepress/dist/404.html
14:57:04 [vitepress] page reload .vitepress/dist/DELIVERY-CHECK.html
14:57:04 [vitepress] page reload .vitepress/dist/index.html
14:57:04 [vitepress] page reload .vitepress/dist/ROADMAP.html
14:57:04 [vitepress] page reload .vitepress/dist/components/element-bridge.html
14:57:04 [vitepress] page reload .vitepress/dist/components/lxactionbuttons.html
14:57:04 [vitepress] page reload .vitepress/dist/components/lxauthimg.html
14:57:04 [vitepress] page reload .vitepress/dist/components/lxbreadcrumb.html
14:57:04 [vitepress] page reload .vitepress/dist/components/lxbutton.html
14:57:04 [vitepress] page reload .vitepress/dist/components/lxcascader.html
14:57:04 [vitepress] page reload .vitepress/dist/components/lxcheckbox.html
14:57:04 [vitepress] page reload .vitepress/dist/components/lxcodeslot.html
14:57:04 [vitepress] page reload .vitepress/dist/components/lxconfirm.html
14:57:04 [vitepress] page reload .vitepress/dist/components/lxdatepicker.html
14:57:04 [vitepress] page reload .vitepress/dist/components/lxdescriptions.html
14:57:04 [vitepress] page reload .vitepress/dist/components/lxdialog.html
14:57:04 [vitepress] page reload .vitepress/dist/components/lxdrawer.html
14:57:04 [vitepress] page reload .vitepress/dist/components/lxdutycalendar.html
14:57:04 [vitepress] page reload .vitepress/dist/components/lxdynamicform.html
14:57:04 [vitepress] page reload .vitepress/dist/components/lxempty.html
14:57:04 [vitepress] page reload .vitepress/dist/components/lxform.html
14:57:04 [vitepress] page reload .vitepress/dist/components/lxformerrorbanner.html
14:57:04 [vitepress] page reload .vitepress/dist/components/lxgauge.html
14:57:04 [vitepress] page reload .vitepress/dist/components/lxicons.html
14:57:04 [vitepress] page reload .vitepress/dist/components/lxinput.html
14:57:04 [vitepress] page reload .vitepress/dist/components/lxinputnumber.html
14:57:04 [vitepress] page reload .vitepress/dist/components/lxmessage.html
14:57:04 [vitepress] page reload .vitepress/dist/components/lxmetriccard.html
14:57:04 [vitepress] page reload .vitepress/dist/components/lxnavbar.html
14:57:04 [vitepress] page reload .vitepress/dist/components/lxnodebadge.html
14:57:04 [vitepress] page reload .vitepress/dist/components/lxpagecard.html
14:57:04 [vitepress] page reload .vitepress/dist/components/lxpagination.html
14:57:04 [vitepress] page reload .vitepress/dist/components/lxpasswordinput.html
14:57:04 [vitepress] page reload .vitepress/dist/components/lxprotable.html
14:57:04 [vitepress] page reload .vitepress/dist/components/lxradio.html
14:57:04 [vitepress] page reload .vitepress/dist/components/lxsearchbar.html
14:57:04 [vitepress] page reload .vitepress/dist/components/lxsectiontitle.html
14:57:04 [vitepress] page reload .vitepress/dist/components/lxselect.html
14:57:04 [vitepress] page reload .vitepress/dist/components/lxselectpagination.html
14:57:04 [vitepress] page reload .vitepress/dist/components/lxselecttree.html
14:57:04 [vitepress] page reload .vitepress/dist/components/lxsidebar.html
14:57:04 [vitepress] page reload .vitepress/dist/components/lxsplitlayout.html
14:57:04 [vitepress] page reload .vitepress/dist/components/lxstatusdot.html
14:57:04 [vitepress] page reload .vitepress/dist/components/lxstatusswitch.html
14:57:04 [vitepress] page reload .vitepress/dist/components/lxswitch.html
14:57:04 [vitepress] page reload .vitepress/dist/components/lxtabsbar.html
14:57:04 [vitepress] page reload .vitepress/dist/components/lxtag.html
14:57:04 [vitepress] page reload .vitepress/dist/components/lxtextarea.html
14:57:04 [vitepress] page reload .vitepress/dist/components/lxtransferpanel.html
14:57:04 [vitepress] page reload .vitepress/dist/components/lxtreeselect.html
14:57:04 [vitepress] page reload .vitepress/dist/components/lxupload.html
14:57:04 [vitepress] page reload .vitepress/dist/components/lxvirtualtree.html
14:57:04 [vitepress] page reload .vitepress/dist/components/new-components.html
14:57:04 [vitepress] page reload .vitepress/dist/components/permissions.html
14:57:23 [vitepress] page reload .vitepress/dist/components/lxtransferpanel.html
14:57:23 [vitepress] page reload .vitepress/dist/404.html
14:57:23 [vitepress] page reload .vitepress/dist/components/lxstatusdot.html
14:57:23 [vitepress] page reload .vitepress/dist/components/lxtabsbar.html
14:57:23 [vitepress] page reload .vitepress/dist/components/lxtag.html
14:57:23 [vitepress] page reload .vitepress/dist/components/lxtextarea.html
14:57:23 [vitepress] page reload .vitepress/dist/DELIVERY-CHECK.html
14:57:23 [vitepress] page reload .vitepress/dist/components/lxtransferpanel.html
14:57:23 [vitepress] page reload .vitepress/dist/components/lxtag.html
14:57:23 [vitepress] page reload .vitepress/dist/components/lxtabsbar.html
14:57:23 [vitepress] page reload .vitepress/dist/components/lxstatusdot.html
14:57:23 [vitepress] page reload .vitepress/dist/components/lxtextarea.html
14:57:23 [vitepress] page reload .vitepress/dist/404.html
14:57:23 [vitepress] page reload .vitepress/dist/components/element-bridge.html
14:57:23 [vitepress] page reload .vitepress/dist/components/lxactionbuttons.html
14:57:23 [vitepress] page reload .vitepress/dist/components/lxauthimg.html
14:57:24 [vitepress] page reload .vitepress/dist/components/lxbreadcrumb.html
14:57:24 [vitepress] page reload .vitepress/dist/components/lxbutton.html
14:57:24 [vitepress] page reload .vitepress/dist/components/lxcascader.html
14:57:24 [vitepress] page reload .vitepress/dist/components/lxcheckbox.html
14:57:24 [vitepress] page reload .vitepress/dist/components/lxcodeslot.html
14:57:24 [vitepress] page reload .vitepress/dist/components/lxconfirm.html
14:57:24 [vitepress] page reload .vitepress/dist/components/lxdatepicker.html
14:57:24 [vitepress] page reload .vitepress/dist/components/lxdescriptions.html
14:57:24 [vitepress] page reload .vitepress/dist/components/lxdialog.html
14:57:24 [vitepress] page reload .vitepress/dist/components/lxdrawer.html
14:57:24 [vitepress] page reload .vitepress/dist/components/lxdutycalendar.html
14:57:24 [vitepress] page reload .vitepress/dist/components/lxdynamicform.html
14:57:24 [vitepress] page reload .vitepress/dist/components/lxempty.html
14:57:24 [vitepress] page reload .vitepress/dist/components/lxform.html
14:57:24 [vitepress] page reload .vitepress/dist/components/lxformerrorbanner.html
14:57:25 [vitepress] page reload .vitepress/dist/components/lxgauge.html
14:57:25 [vitepress] page reload .vitepress/dist/components/lxicons.html
14:57:25 [vitepress] page reload .vitepress/dist/components/lxinput.html
14:57:25 [vitepress] page reload .vitepress/dist/components/lxinputnumber.html
14:57:25 [vitepress] page reload .vitepress/dist/components/lxmessage.html
14:57:25 [vitepress] page reload .vitepress/dist/components/lxmetriccard.html
14:57:25 [vitepress] page reload .vitepress/dist/components/lxnavbar.html
14:57:25 [vitepress] page reload .vitepress/dist/components/lxnodebadge.html
14:57:25 [vitepress] page reload .vitepress/dist/components/lxpagecard.html
14:57:25 [vitepress] page reload .vitepress/dist/components/lxpagination.html
14:57:25 [vitepress] page reload .vitepress/dist/components/lxpasswordinput.html
14:57:25 [vitepress] page reload .vitepress/dist/components/lxprotable.html
14:57:25 [vitepress] page reload .vitepress/dist/components/lxradio.html
14:57:25 [vitepress] page reload .vitepress/dist/components/lxsearchbar.html
14:57:25 [vitepress] page reload .vitepress/dist/components/lxsectiontitle.html
14:57:25 [vitepress] page reload .vitepress/dist/components/lxselect.html
14:57:25 [vitepress] page reload .vitepress/dist/components/lxselectpagination.html
14:57:25 [vitepress] page reload .vitepress/dist/components/lxselecttree.html
14:57:25 [vitepress] page reload .vitepress/dist/components/lxsidebar.html
14:57:25 [vitepress] page reload .vitepress/dist/components/lxsplitlayout.html
14:57:25 [vitepress] page reload .vitepress/dist/components/lxstatusswitch.html
14:57:25 [vitepress] page reload .vitepress/dist/components/lxswitch.html
14:57:25 [vitepress] page reload .vitepress/dist/components/lxtreeselect.html
14:57:25 [vitepress] page reload .vitepress/dist/components/lxupload.html
14:57:25 [vitepress] page reload .vitepress/dist/components/lxvirtualtree.html
14:57:25 [vitepress] page reload .vitepress/dist/components/new-components.html
14:57:25 [vitepress] page reload .vitepress/dist/components/permissions.html
14:57:25 [vitepress] page reload .vitepress/dist/index.html
14:57:25 [vitepress] page reload .vitepress/dist/ROADMAP.html
14:57:58 [vitepress] page reload .vitepress/dist/404.html
14:57:58 [vitepress] page reload .vitepress/dist/components/element-bridge.html
14:57:58 [vitepress] page reload .vitepress/dist/components/lxtransferpanel.html
14:57:58 [vitepress] page reload .vitepress/dist/components/lxstatusdot.html
14:57:58 [vitepress] page reload .vitepress/dist/components/lxtabsbar.html
14:57:58 [vitepress] page reload .vitepress/dist/components/lxtag.html
14:57:58 [vitepress] page reload .vitepress/dist/components/lxtextarea.html
14:57:58 [vitepress] page reload .vitepress/dist/components/lxactionbuttons.html
14:57:58 [vitepress] page reload .vitepress/dist/components/lxauthimg.html
14:57:58 [vitepress] page reload .vitepress/dist/components/lxbreadcrumb.html
14:57:58 [vitepress] page reload .vitepress/dist/components/lxbutton.html
14:57:58 [vitepress] page reload .vitepress/dist/components/lxcascader.html
14:57:58 [vitepress] page reload .vitepress/dist/components/lxcheckbox.html
14:57:58 [vitepress] page reload .vitepress/dist/components/lxcodeslot.html
14:57:58 [vitepress] page reload .vitepress/dist/components/lxconfirm.html
14:57:58 [vitepress] page reload .vitepress/dist/components/lxdatepicker.html
14:57:58 [vitepress] page reload .vitepress/dist/components/lxdescriptions.html
14:57:58 [vitepress] page reload .vitepress/dist/components/lxdialog.html
14:57:58 [vitepress] page reload .vitepress/dist/components/lxdrawer.html
14:57:58 [vitepress] page reload .vitepress/dist/components/lxdutycalendar.html
14:57:58 [vitepress] page reload .vitepress/dist/components/lxdynamicform.html
14:57:58 [vitepress] page reload .vitepress/dist/components/lxempty.html
14:57:58 [vitepress] page reload .vitepress/dist/components/lxform.html
14:57:58 [vitepress] page reload .vitepress/dist/components/lxformerrorbanner.html
14:57:58 [vitepress] page reload .vitepress/dist/components/lxgauge.html
14:57:58 [vitepress] page reload .vitepress/dist/components/lxicons.html
14:57:58 [vitepress] page reload .vitepress/dist/components/lxinput.html
14:57:58 [vitepress] page reload .vitepress/dist/components/lxinputnumber.html
14:57:58 [vitepress] page reload .vitepress/dist/components/lxmessage.html
14:57:58 [vitepress] page reload .vitepress/dist/components/lxmetriccard.html
14:57:58 [vitepress] page reload .vitepress/dist/components/lxnavbar.html
14:57:58 [vitepress] page reload .vitepress/dist/components/lxnodebadge.html
14:57:58 [vitepress] page reload .vitepress/dist/components/lxpagecard.html
14:57:58 [vitepress] page reload .vitepress/dist/components/lxpagination.html
14:57:58 [vitepress] page reload .vitepress/dist/components/lxpasswordinput.html
14:57:58 [vitepress] page reload .vitepress/dist/components/lxprotable.html
14:57:58 [vitepress] page reload .vitepress/dist/components/lxradio.html
14:57:58 [vitepress] page reload .vitepress/dist/components/lxsearchbar.html
14:57:58 [vitepress] page reload .vitepress/dist/components/lxsectiontitle.html
14:57:58 [vitepress] page reload .vitepress/dist/components/lxselect.html
14:57:58 [vitepress] page reload .vitepress/dist/components/lxselectpagination.html
14:57:58 [vitepress] page reload .vitepress/dist/components/lxselecttree.html
14:57:58 [vitepress] page reload .vitepress/dist/components/lxsidebar.html
14:57:58 [vitepress] page reload .vitepress/dist/components/lxsplitlayout.html
14:57:58 [vitepress] page reload .vitepress/dist/components/lxstatusswitch.html
14:57:58 [vitepress] page reload .vitepress/dist/components/lxswitch.html
14:57:58 [vitepress] page reload .vitepress/dist/components/lxtreeselect.html
14:57:58 [vitepress] page reload .vitepress/dist/components/lxupload.html
14:57:58 [vitepress] page reload .vitepress/dist/components/lxvirtualtree.html
14:57:58 [vitepress] page reload .vitepress/dist/components/new-components.html
14:57:58 [vitepress] page reload .vitepress/dist/components/permissions.html
14:57:58 [vitepress] page reload .vitepress/dist/DELIVERY-CHECK.html
14:57:58 [vitepress] page reload .vitepress/dist/index.html
14:57:58 [vitepress] page reload .vitepress/dist/ROADMAP.html
14:58:15 [vitepress] page reload .vitepress/dist/404.html
14:58:15 [vitepress] page reload .vitepress/dist/DELIVERY-CHECK.html
14:58:15 [vitepress] page reload .vitepress/dist/ROADMAP.html
14:58:15 [vitepress] page reload .vitepress/dist/index.html
14:58:15 [vitepress] page reload .vitepress/dist/components/element-bridge.html
14:58:15 [vitepress] page reload .vitepress/dist/components/lxactionbuttons.html
14:58:15 [vitepress] page reload .vitepress/dist/components/lxauthimg.html
14:58:15 [vitepress] page reload .vitepress/dist/components/lxbreadcrumb.html
14:58:15 [vitepress] page reload .vitepress/dist/components/lxbutton.html
14:58:15 [vitepress] page reload .vitepress/dist/components/lxcascader.html
14:58:15 [vitepress] page reload .vitepress/dist/components/lxcheckbox.html
14:58:15 [vitepress] page reload .vitepress/dist/components/lxcodeslot.html
14:58:15 [vitepress] page reload .vitepress/dist/components/lxconfirm.html
14:58:15 [vitepress] page reload .vitepress/dist/components/lxdatepicker.html
14:58:15 [vitepress] page reload .vitepress/dist/components/lxdescriptions.html
14:58:15 [vitepress] page reload .vitepress/dist/components/lxdialog.html
14:58:15 [vitepress] page reload .vitepress/dist/components/lxdrawer.html
14:58:16 [vitepress] page reload .vitepress/dist/components/lxdutycalendar.html
14:58:16 [vitepress] page reload .vitepress/dist/components/lxdynamicform.html
14:58:16 [vitepress] page reload .vitepress/dist/components/lxempty.html
14:58:16 [vitepress] page reload .vitepress/dist/components/lxform.html
14:58:16 [vitepress] page reload .vitepress/dist/components/lxformerrorbanner.html
14:58:16 [vitepress] page reload .vitepress/dist/components/lxgauge.html
14:58:16 [vitepress] page reload .vitepress/dist/components/lxicons.html
14:58:16 [vitepress] page reload .vitepress/dist/components/lxinput.html
14:58:16 [vitepress] page reload .vitepress/dist/components/lxinputnumber.html
14:58:16 [vitepress] page reload .vitepress/dist/components/lxmessage.html
14:58:16 [vitepress] page reload .vitepress/dist/components/lxmetriccard.html
14:58:16 [vitepress] page reload .vitepress/dist/components/lxnavbar.html
14:58:16 [vitepress] page reload .vitepress/dist/components/lxnodebadge.html
14:58:16 [vitepress] page reload .vitepress/dist/components/lxpagecard.html
14:58:16 [vitepress] page reload .vitepress/dist/components/lxpagination.html
14:58:16 [vitepress] page reload .vitepress/dist/components/lxpasswordinput.html
14:58:16 [vitepress] page reload .vitepress/dist/components/lxprotable.html
14:58:16 [vitepress] page reload .vitepress/dist/components/lxradio.html
14:58:16 [vitepress] page reload .vitepress/dist/components/lxsearchbar.html
14:58:16 [vitepress] page reload .vitepress/dist/components/lxsectiontitle.html
14:58:16 [vitepress] page reload .vitepress/dist/components/lxselect.html
14:58:16 [vitepress] page reload .vitepress/dist/components/lxselectpagination.html
14:58:16 [vitepress] page reload .vitepress/dist/components/lxselecttree.html
14:58:17 [vitepress] page reload .vitepress/dist/components/lxsidebar.html
14:58:17 [vitepress] page reload .vitepress/dist/components/lxsplitlayout.html
14:58:17 [vitepress] page reload .vitepress/dist/components/lxstatusdot.html
14:58:17 [vitepress] page reload .vitepress/dist/components/lxstatusswitch.html
14:58:17 [vitepress] page reload .vitepress/dist/components/lxswitch.html
14:58:17 [vitepress] page reload .vitepress/dist/components/lxtabsbar.html
14:58:17 [vitepress] page reload .vitepress/dist/components/lxtag.html
14:58:17 [vitepress] page reload .vitepress/dist/components/lxtextarea.html
14:58:17 [vitepress] page reload .vitepress/dist/components/lxtransferpanel.html
14:58:17 [vitepress] page reload .vitepress/dist/components/lxtreeselect.html
14:58:17 [vitepress] page reload .vitepress/dist/components/lxupload.html
14:58:17 [vitepress] page reload .vitepress/dist/components/lxvirtualtree.html
14:58:17 [vitepress] page reload .vitepress/dist/components/new-components.html
14:58:17 [vitepress] page reload .vitepress/dist/components/permissions.html
15:22:54 [vitepress] hmr update /@fs/F:/work/linkx-admin/linkx-fe/src/components/LxDrawer/index.vue
15:27:05 [vitepress] hmr update /.vitepress/theme/custom.css
15:27:05 [vitepress] hmr update /@fs/F:/work/linkx-admin/linkx-fe/src/components/LxDialog/index.vue?vue&type=style&index=0&scoped=eadf8e8a&lang.css
15:27:05 [vitepress] hmr update /@fs/F:/work/linkx-admin/linkx-fe/src/components/LxDrawer/index.vue?vue&type=style&index=0&scoped=b7243672&lang.css
15:32:46 [vitepress] page reload .vitepress/dist/404.html
[ELIFECYCLE] Command failed with exit code 1.
