
  vitepress v1.6.4

  ➜  Local:   http://127.0.0.1:4174/
  ➜  press h to show help
23:21:11 [vitepress] page reload .vitepress/dist/404.html
23:21:11 [vitepress] page reload .vitepress/dist/DELIVERY-CHECK.html
23:21:11 [vitepress] page reload .vitepress/dist/index.html
23:21:11 [vitepress] page reload .vitepress/dist/ROADMAP.html
23:21:11 [vitepress] page reload .vitepress/dist/components/element-bridge.html
23:21:11 [vitepress] page reload .vitepress/dist/components/lxactionbuttons.html
23:21:11 [vitepress] page reload .vitepress/dist/components/lxauthimg.html
23:21:11 [vitepress] page reload .vitepress/dist/components/lxbreadcrumb.html
23:21:11 [vitepress] page reload .vitepress/dist/components/lxbutton.html
23:21:11 [vitepress] page reload .vitepress/dist/components/lxcascader.html
23:21:11 [vitepress] page reload .vitepress/dist/components/lxcheckbox.html
23:21:11 [vitepress] page reload .vitepress/dist/components/lxcodeslot.html
23:21:11 [vitepress] page reload .vitepress/dist/components/lxconfirm.html
23:21:11 [vitepress] page reload .vitepress/dist/components/lxdatepicker.html
23:21:11 [vitepress] page reload .vitepress/dist/components/lxdescriptions.html
23:21:11 [vitepress] page reload .vitepress/dist/components/lxdialog.html
23:21:11 [vitepress] page reload .vitepress/dist/components/lxdrawer.html
23:21:11 [vitepress] page reload .vitepress/dist/components/lxdutycalendar.html
23:21:11 [vitepress] page reload .vitepress/dist/components/lxdynamicform.html
23:21:11 [vitepress] page reload .vitepress/dist/components/lxempty.html
23:21:11 [vitepress] page reload .vitepress/dist/components/lxform.html
23:21:11 [vitepress] page reload .vitepress/dist/components/lxformerrorbanner.html
23:21:11 [vitepress] page reload .vitepress/dist/components/lxgauge.html
23:21:11 [vitepress] page reload .vitepress/dist/components/lxicons.html
23:21:11 [vitepress] page reload .vitepress/dist/components/lxinput.html
23:21:11 [vitepress] page reload .vitepress/dist/components/lxinputnumber.html
23:21:11 [vitepress] page reload .vitepress/dist/components/lxmessage.html
23:21:11 [vitepress] page reload .vitepress/dist/components/lxmetriccard.html
23:21:11 [vitepress] page reload .vitepress/dist/components/lxnavbar.html
23:21:11 [vitepress] page reload .vitepress/dist/components/lxnodebadge.html
23:21:11 [vitepress] page reload .vitepress/dist/components/lxpagecard.html
23:21:11 [vitepress] page reload .vitepress/dist/components/lxpagination.html
23:21:11 [vitepress] page reload .vitepress/dist/components/lxpasswordinput.html
23:21:11 [vitepress] page reload .vitepress/dist/components/lxprotable.html
23:21:11 [vitepress] page reload .vitepress/dist/components/lxradio.html
23:21:11 [vitepress] page reload .vitepress/dist/components/lxsearchbar.html
23:21:11 [vitepress] page reload .vitepress/dist/components/lxsectiontitle.html
23:21:11 [vitepress] page reload .vitepress/dist/components/lxselect.html
23:21:11 [vitepress] page reload .vitepress/dist/components/lxselectpagination.html
23:21:11 [vitepress] page reload .vitepress/dist/components/lxselecttree.html
23:21:11 [vitepress] page reload .vitepress/dist/components/lxsidebar.html
23:21:11 [vitepress] page reload .vitepress/dist/components/lxsplitlayout.html
23:21:11 [vitepress] page reload .vitepress/dist/components/lxstatusdot.html
23:21:11 [vitepress] page reload .vitepress/dist/components/lxstatusswitch.html
23:21:11 [vitepress] page reload .vitepress/dist/components/lxswitch.html
23:21:11 [vitepress] page reload .vitepress/dist/components/lxtabsbar.html
23:21:11 [vitepress] page reload .vitepress/dist/components/lxtag.html
23:21:11 [vitepress] page reload .vitepress/dist/components/lxtextarea.html
23:21:11 [vitepress] page reload .vitepress/dist/components/lxtransferpanel.html
23:21:11 [vitepress] page reload .vitepress/dist/components/lxtreeselect.html
23:21:11 [vitepress] page reload .vitepress/dist/components/lxupload.html
23:21:11 [vitepress] page reload .vitepress/dist/components/lxvirtualtree.html
23:21:11 [vitepress] page reload .vitepress/dist/components/new-components.html
23:21:11 [vitepress] page reload .vitepress/dist/components/permissions.html
23:21:38 [vitepress] page reload .vitepress/dist/404.html
23:21:38 [vitepress] page reload .vitepress/dist/ROADMAP.html
23:21:38 [vitepress] page reload .vitepress/dist/DELIVERY-CHECK.html
23:21:38 [vitepress] page reload .vitepress/dist/index.html
23:21:38 [vitepress] page reload .vitepress/dist/components/element-bridge.html
23:21:38 [vitepress] page reload .vitepress/dist/components/lxactionbuttons.html
23:21:38 [vitepress] page reload .vitepress/dist/components/lxauthimg.html
23:21:38 [vitepress] page reload .vitepress/dist/components/lxbreadcrumb.html
23:21:38 [vitepress] page reload .vitepress/dist/components/lxbutton.html
23:21:39 [vitepress] page reload .vitepress/dist/components/lxcascader.html
23:21:39 [vitepress] page reload .vitepress/dist/components/lxcheckbox.html
23:21:39 [vitepress] page reload .vitepress/dist/components/lxcodeslot.html
23:21:39 [vitepress] page reload .vitepress/dist/components/lxconfirm.html
23:21:39 [vitepress] page reload .vitepress/dist/components/lxdatepicker.html
23:21:39 [vitepress] page reload .vitepress/dist/components/lxdescriptions.html
23:21:39 [vitepress] page reload .vitepress/dist/components/lxdialog.html
23:21:39 [vitepress] page reload .vitepress/dist/components/lxdrawer.html
23:21:39 [vitepress] page reload .vitepress/dist/components/lxdutycalendar.html
23:21:39 [vitepress] page reload .vitepress/dist/components/lxdynamicform.html
23:21:39 [vitepress] page reload .vitepress/dist/components/lxempty.html
23:21:39 [vitepress] page reload .vitepress/dist/components/lxform.html
23:21:39 [vitepress] page reload .vitepress/dist/components/lxformerrorbanner.html
23:21:39 [vitepress] page reload .vitepress/dist/components/lxgauge.html
23:21:39 [vitepress] page reload .vitepress/dist/components/lxicons.html
23:21:39 [vitepress] page reload .vitepress/dist/components/lxinput.html
23:21:39 [vitepress] page reload .vitepress/dist/components/lxinputnumber.html
23:21:39 [vitepress] page reload .vitepress/dist/components/lxmessage.html
23:21:39 [vitepress] page reload .vitepress/dist/components/lxmetriccard.html
23:21:39 [vitepress] page reload .vitepress/dist/components/lxnavbar.html
23:21:39 [vitepress] page reload .vitepress/dist/components/lxnodebadge.html
23:21:39 [vitepress] page reload .vitepress/dist/components/lxpagecard.html
23:21:40 [vitepress] page reload .vitepress/dist/components/lxpagination.html
23:21:40 [vitepress] page reload .vitepress/dist/components/lxpasswordinput.html
23:21:40 [vitepress] page reload .vitepress/dist/components/lxprotable.html
23:21:40 [vitepress] page reload .vitepress/dist/components/lxradio.html
23:21:40 [vitepress] page reload .vitepress/dist/components/lxsearchbar.html
23:21:40 [vitepress] page reload .vitepress/dist/components/lxsectiontitle.html
23:21:40 [vitepress] page reload .vitepress/dist/components/lxselect.html
23:21:40 [vitepress] page reload .vitepress/dist/components/lxselectpagination.html
23:21:40 [vitepress] page reload .vitepress/dist/components/lxselecttree.html
23:21:40 [vitepress] page reload .vitepress/dist/components/lxsidebar.html
23:21:40 [vitepress] page reload .vitepress/dist/components/lxsplitlayout.html
23:21:40 [vitepress] page reload .vitepress/dist/components/lxstatusdot.html
23:21:40 [vitepress] page reload .vitepress/dist/components/lxstatusswitch.html
23:21:40 [vitepress] page reload .vitepress/dist/components/lxswitch.html
23:21:40 [vitepress] page reload .vitepress/dist/components/lxtabsbar.html
23:21:40 [vitepress] page reload .vitepress/dist/components/lxtag.html
23:21:40 [vitepress] page reload .vitepress/dist/components/lxtextarea.html
23:21:40 [vitepress] page reload .vitepress/dist/components/lxtransferpanel.html
23:21:40 [vitepress] page reload .vitepress/dist/components/lxtreeselect.html
23:21:40 [vitepress] page reload .vitepress/dist/components/lxupload.html
23:21:40 [vitepress] page reload .vitepress/dist/components/lxvirtualtree.html
23:21:40 [vitepress] page reload .vitepress/dist/components/new-components.html
23:21:40 [vitepress] page reload .vitepress/dist/components/permissions.html
23:41:10 [vitepress] hmr update /@fs/F:/work/linkx-admin/linkx-fe/src/components/LxTransferPanel/index.vue, /@fs/F:/work/linkx-admin/linkx-fe/src/components/LxTransferPanel/index.vue?vue&type=style&index=0&scoped=0023458e&lang.css
23:41:38 [vitepress] hmr update /@fs/F:/work/linkx-admin/linkx-fe/src/components/LxTransferPanel/demo/basic.vue?vue&type=style&index=0&scoped=cdb2a377&lang.css, /@fs/F:/work/linkx-admin/linkx-fe/src/components/LxTransferPanel/demo/basic.vue, /components/lxtransferpanel.md
23:41:56 [vitepress] hmr update /.vitepress/theme/custom.css
23:46:30 [vitepress] hmr update /components/lxtransferpanel.md
23:47:49 [vitepress] hmr update /@fs/F:/work/linkx-admin/linkx-fe/src/components/LxTransferPanel/index.vue, /@fs/F:/work/linkx-admin/linkx-fe/src/components/LxTransferPanel/index.vue?vue&type=style&index=0&scoped=0023458e&lang.css
23:47:49 [vitepress] hmr update /@fs/F:/work/linkx-admin/linkx-fe/src/components/LxTransferPanel/demo/basic.vue, /components/lxtransferpanel.md
