node:internal/fs/watchers:323
    const error = new UVException({
                  ^

Error: EBUSY: resource busy or locked, watch 'F:\work\linkx-admin\other-admin\admin-vue3\playwright-report\index.html'
    at FSWatcher.<computed> (node:internal/fs/watchers:323:19)
    at Object.watch (node:fs:3145:36)
    at createFsWatchInstance (file:///F:/work/linkx-admin/other-admin/admin-vue3/node_modules/.pnpm/vite@5.4.21_@types+node@22._d74da79db4b8ed347bd3be58ea4fbf05/node_modules/vite/dist/node/chunks/dep-BK3b2jBa.js:42780:17)
    at setFsWatchListener (file:///F:/work/linkx-admin/other-admin/admin-vue3/node_modules/.pnpm/vite@5.4.21_@types+node@22._d74da79db4b8ed347bd3be58ea4fbf05/node_modules/vite/dist/node/chunks/dep-BK3b2jBa.js:42827:15)
    at NodeFsHandler._watchWithNodeFs (file:///F:/work/linkx-admin/other-admin/admin-vue3/node_modules/.pnpm/vite@5.4.21_@types+node@22._d74da79db4b8ed347bd3be58ea4fbf05/node_modules/vite/dist/node/chunks/dep-BK3b2jBa.js:42982:14)
    at NodeFsHandler._handleFile (file:///F:/work/linkx-admin/other-admin/admin-vue3/node_modules/.pnpm/vite@5.4.21_@types+node@22._d74da79db4b8ed347bd3be58ea4fbf05/node_modules/vite/dist/node/chunks/dep-BK3b2jBa.js:43046:23)
    at NodeFsHandler._addToNodeFs (file:///F:/work/linkx-admin/other-admin/admin-vue3/node_modules/.pnpm/vite@5.4.21_@types+node@22._d74da79db4b8ed347bd3be58ea4fbf05/node_modules/vite/dist/node/chunks/dep-BK3b2jBa.js:43288:21)
Emitted 'error' event on FSWatcher instance at:
    at FSWatcher._handleError (file:///F:/work/linkx-admin/other-admin/admin-vue3/node_modules/.pnpm/vite@5.4.21_@types+node@22._d74da79db4b8ed347bd3be58ea4fbf05/node_modules/vite/dist/node/chunks/dep-BK3b2jBa.js:44481:10)
    at NodeFsHandler._addToNodeFs (file:///F:/work/linkx-admin/other-admin/admin-vue3/node_modules/.pnpm/vite@5.4.21_@types+node@22._d74da79db4b8ed347bd3be58ea4fbf05/node_modules/vite/dist/node/chunks/dep-BK3b2jBa.js:43296:18) {
  errno: -4082,
  syscall: 'watch',
  code: 'EBUSY',
  path: 'F:\\work\\linkx-admin\\other-admin\\admin-vue3\\playwright-report\\index.html',
  filename: 'F:\\work\\linkx-admin\\other-admin\\admin-vue3\\playwright-report\\index.html'
}

Node.js v26.8.1
