
  VITE v5.4.21  ready in 794 ms

  ➜  Local:   http://127.0.0.1:30847/
  ➜  press h + enter to show help
01:16:43 [vite] hmr update /src/components/AuthImg/index.vue
01:29:32 [vite] hmr update /src/components/AuthImg/index.vue, /src/components/AuthImg/index.vue?vue&type=style&index=0&scoped=b756a30f&lang.css
01:34:29 [vite] hmr update /src/components/AuthImg/index.vue?vue&type=style&index=0&scoped=b756a30f&lang.css, /src/components/AuthImg/index.vue
01:38:54 [vite] hmr update /src/components/AuthImg/index.vue
01:44:10 [vite] hmr update /src/components/AuthImg/index.vue
01:56:52 [vite] hmr update /src/views/h5/carousel/components/CarouselForm.vue
01:56:52 [vite] hmr update /src/views/h5/carousel/index.vue
01:57:09 [vite] hmr update /src/views/h5/carousel/index.vue, /src/views/h5/carousel/index.vue?vue&type=style&index=0&scoped=267a10cd&lang.less
02:09:33 [vite] hmr update /src/components/ActionButtons/index.vue
02:39:10 [vite] ✨ new dependencies optimized: element-plus/es/components/tag/style/css, element-plus/es/components/row/style/css, element-plus/es/components/col/style/css
02:39:10 [vite] ✨ optimized dependencies changed. reloading
02:39:16 [vite] ✨ new dependencies optimized: element-plus/es/components/popover/style/css
02:39:16 [vite] ✨ optimized dependencies changed. reloading
02:42:17 [vite] hmr update /src/components/ActionButtons/index.vue
02:42:17 [vite] hmr update /src/views/baseData/thirdParty/components/thirdPartyEdit.vue
02:48:46 [vite] hmr update /@fs/F:/work/linkx-admin/linkx-fe/src/styles/all.css, /@fs/F:/work/linkx-admin/linkx-fe/src/styles/element-theme.css
02:52:27 [vite] hmr update /@fs/F:/work/linkx-admin/linkx-fe/src/styles/all.css, /@fs/F:/work/linkx-admin/linkx-fe/src/styles/element-theme.css
02:56:09 [vite] hmr update /@fs/F:/work/linkx-admin/linkx-fe/src/styles/all.css, /@fs/F:/work/linkx-admin/linkx-fe/src/tokens/variables.css
02:56:09 [vite] hmr update /@fs/F:/work/linkx-admin/linkx-fe/src/styles/all.css, /@fs/F:/work/linkx-admin/linkx-fe/src/styles/element-theme.css
03:32:13 [vite] hmr update /src/views/baseData/thirdParty/index.vue?vue&type=style&index=0&scoped=7e30b250&lang.less, /src/views/baseData/thirdParty/index.vue
03:40:52 [vite] hmr update /src/views/baseData/thirdParty/index.vue?vue&type=style&index=0&scoped=7e30b250&lang.less
03:52:24 [vite] hmr update /src/views/baseData/thirdParty/index.vue?vue&type=style&index=0&scoped=7e30b250&lang.less
04:02:29 [vite] hmr update /src/views/baseData/thirdParty/index.vue
04:02:53 [vite] hmr update /src/views/baseData/thirdParty/index.vue?vue&type=style&index=0&scoped=7e30b250&lang.less, /src/views/baseData/thirdParty/index.vue
04:02:55 [vite] ✨ new dependencies optimized: element-plus/es/components/tooltip/style/css
04:02:55 [vite] ✨ optimized dependencies changed. reloading
04:03:28 [vite] hmr update /src/views/baseData/thirdParty/index.vue
04:04:00 [vite] hmr update /src/views/baseData/thirdParty/index.vue
04:04:50 [vite] hmr update /src/views/baseData/thirdParty/index.vue
