
  vitepress v1.6.4

  ➜  Local:   http://127.0.0.1:5179/
  ➜  press h to show help
00:38:33 [vitepress] page reload .vitepress/dist/404.html
00:38:33 [vitepress] page reload .vitepress/dist/DELIVERY-CHECK.html
00:38:33 [vitepress] page reload .vitepress/dist/index.html
00:38:33 [vitepress] page reload .vitepress/dist/ROADMAP.html
00:38:33 [vitepress] page reload .vitepress/dist/components/element-bridge.html
00:38:33 [vitepress] page reload .vitepress/dist/components/lxactionbuttons.html
00:38:33 [vitepress] page reload .vitepress/dist/components/lxauthimg.html
00:38:33 [vitepress] page reload .vitepress/dist/components/lxbreadcrumb.html
00:38:33 [vitepress] page reload .vitepress/dist/components/lxbutton.html
00:38:33 [vitepress] page reload .vitepress/dist/components/lxcascader.html
00:38:33 [vitepress] page reload .vitepress/dist/components/lxcheckbox.html
00:38:33 [vitepress] page reload .vitepress/dist/components/lxcodeslot.html
00:38:33 [vitepress] page reload .vitepress/dist/components/lxconfirm.html
00:38:33 [vitepress] page reload .vitepress/dist/components/lxdatepicker.html
00:38:33 [vitepress] page reload .vitepress/dist/components/lxdescriptions.html
00:38:33 [vitepress] page reload .vitepress/dist/components/lxdialog.html
00:38:33 [vitepress] page reload .vitepress/dist/components/lxdrawer.html
00:38:33 [vitepress] page reload .vitepress/dist/components/lxdutycalendar.html
00:38:33 [vitepress] page reload .vitepress/dist/components/lxdynamicform.html
00:38:33 [vitepress] page reload .vitepress/dist/components/lxempty.html
00:38:33 [vitepress] page reload .vitepress/dist/components/lxform.html
00:38:33 [vitepress] page reload .vitepress/dist/components/lxformerrorbanner.html
00:38:33 [vitepress] page reload .vitepress/dist/components/lxgauge.html
00:38:33 [vitepress] page reload .vitepress/dist/components/lxicons.html
00:38:33 [vitepress] page reload .vitepress/dist/components/lxinput.html
00:38:33 [vitepress] page reload .vitepress/dist/components/lxinputnumber.html
00:38:33 [vitepress] page reload .vitepress/dist/components/lxmessage.html
00:38:33 [vitepress] page reload .vitepress/dist/components/lxmetriccard.html
00:38:33 [vitepress] page reload .vitepress/dist/components/lxnavbar.html
00:38:33 [vitepress] page reload .vitepress/dist/components/lxnodebadge.html
00:38:33 [vitepress] page reload .vitepress/dist/components/lxpagecard.html
00:38:33 [vitepress] page reload .vitepress/dist/components/lxpagination.html
00:38:33 [vitepress] page reload .vitepress/dist/components/lxpasswordinput.html
00:38:33 [vitepress] page reload .vitepress/dist/components/lxprotable.html
00:38:33 [vitepress] page reload .vitepress/dist/components/lxradio.html
00:38:33 [vitepress] page reload .vitepress/dist/components/lxsearchbar.html
00:38:33 [vitepress] page reload .vitepress/dist/components/lxsectiontitle.html
00:38:33 [vitepress] page reload .vitepress/dist/components/lxselect.html
00:38:33 [vitepress] page reload .vitepress/dist/components/lxselectpagination.html
00:38:33 [vitepress] page reload .vitepress/dist/components/lxselecttree.html
00:38:33 [vitepress] page reload .vitepress/dist/components/lxsidebar.html
00:38:33 [vitepress] page reload .vitepress/dist/components/lxsplitlayout.html
00:38:33 [vitepress] page reload .vitepress/dist/components/lxstatusdot.html
00:38:33 [vitepress] page reload .vitepress/dist/components/lxstatusswitch.html
00:38:33 [vitepress] page reload .vitepress/dist/components/lxswitch.html
00:38:33 [vitepress] page reload .vitepress/dist/components/lxtabsbar.html
00:38:33 [vitepress] page reload .vitepress/dist/components/lxtag.html
00:38:33 [vitepress] page reload .vitepress/dist/components/lxtextarea.html
00:38:33 [vitepress] page reload .vitepress/dist/components/lxtransferpanel.html
00:38:33 [vitepress] page reload .vitepress/dist/components/lxtreeselect.html
00:38:33 [vitepress] page reload .vitepress/dist/components/lxupload.html
00:38:33 [vitepress] page reload .vitepress/dist/components/lxvirtualtree.html
00:38:33 [vitepress] page reload .vitepress/dist/components/new-components.html
00:38:33 [vitepress] page reload .vitepress/dist/components/permissions.html
00:38:49 [vitepress] page reload .vitepress/dist/DELIVERY-CHECK.html
00:38:49 [vitepress] page reload .vitepress/dist/DELIVERY-CHECK.html
00:38:49 [vitepress] page reload .vitepress/dist/404.html
00:38:49 [vitepress] page reload .vitepress/dist/404.html
00:38:49 [vitepress] page reload .vitepress/dist/components/element-bridge.html
00:38:49 [vitepress] page reload .vitepress/dist/components/lxactionbuttons.html
00:38:49 [vitepress] page reload .vitepress/dist/components/lxauthimg.html
00:38:49 [vitepress] page reload .vitepress/dist/components/lxbreadcrumb.html
00:38:49 [vitepress] page reload .vitepress/dist/components/lxbutton.html
00:38:49 [vitepress] page reload .vitepress/dist/components/lxcascader.html
00:38:49 [vitepress] page reload .vitepress/dist/components/lxcheckbox.html
00:38:49 [vitepress] page reload .vitepress/dist/components/lxcodeslot.html
00:38:50 [vitepress] page reload .vitepress/dist/components/lxconfirm.html
00:38:50 [vitepress] page reload .vitepress/dist/components/lxdatepicker.html
00:38:50 [vitepress] page reload .vitepress/dist/components/lxdescriptions.html
00:38:50 [vitepress] page reload .vitepress/dist/components/lxdialog.html
00:38:50 [vitepress] page reload .vitepress/dist/components/lxdrawer.html
00:38:50 [vitepress] page reload .vitepress/dist/components/lxdutycalendar.html
00:38:50 [vitepress] page reload .vitepress/dist/components/lxdynamicform.html
00:38:50 [vitepress] page reload .vitepress/dist/components/lxempty.html
00:38:50 [vitepress] page reload .vitepress/dist/components/lxform.html
00:38:50 [vitepress] page reload .vitepress/dist/components/lxformerrorbanner.html
00:38:50 [vitepress] page reload .vitepress/dist/components/lxgauge.html
00:38:50 [vitepress] page reload .vitepress/dist/components/lxicons.html
00:38:50 [vitepress] page reload .vitepress/dist/components/lxinput.html
00:38:50 [vitepress] page reload .vitepress/dist/components/lxinputnumber.html
00:38:50 [vitepress] page reload .vitepress/dist/components/lxmessage.html
00:38:50 [vitepress] page reload .vitepress/dist/components/lxmetriccard.html
00:38:50 [vitepress] page reload .vitepress/dist/components/lxnavbar.html
00:38:50 [vitepress] page reload .vitepress/dist/components/lxnodebadge.html
00:38:50 [vitepress] page reload .vitepress/dist/components/lxpagecard.html
00:38:50 [vitepress] page reload .vitepress/dist/components/lxpagination.html
00:38:50 [vitepress] page reload .vitepress/dist/components/lxpasswordinput.html
00:38:50 [vitepress] page reload .vitepress/dist/components/lxprotable.html
00:38:50 [vitepress] page reload .vitepress/dist/components/lxradio.html
00:38:51 [vitepress] page reload .vitepress/dist/components/lxsearchbar.html
00:38:51 [vitepress] page reload .vitepress/dist/components/lxsectiontitle.html
00:38:51 [vitepress] page reload .vitepress/dist/components/lxselect.html
00:38:51 [vitepress] page reload .vitepress/dist/components/lxselectpagination.html
00:38:51 [vitepress] page reload .vitepress/dist/components/lxselecttree.html
00:38:51 [vitepress] page reload .vitepress/dist/components/lxsidebar.html
00:38:51 [vitepress] page reload .vitepress/dist/components/lxsplitlayout.html
00:38:51 [vitepress] page reload .vitepress/dist/components/lxstatusdot.html
00:38:51 [vitepress] page reload .vitepress/dist/components/lxstatusswitch.html
00:38:51 [vitepress] page reload .vitepress/dist/components/lxswitch.html
00:38:51 [vitepress] page reload .vitepress/dist/components/lxtabsbar.html
00:38:51 [vitepress] page reload .vitepress/dist/components/lxtag.html
00:38:51 [vitepress] page reload .vitepress/dist/components/lxtextarea.html
00:38:51 [vitepress] page reload .vitepress/dist/components/lxtransferpanel.html
00:38:51 [vitepress] page reload .vitepress/dist/components/lxtreeselect.html
00:38:51 [vitepress] page reload .vitepress/dist/components/lxupload.html
00:38:51 [vitepress] page reload .vitepress/dist/components/lxvirtualtree.html
00:38:51 [vitepress] page reload .vitepress/dist/components/new-components.html
00:38:51 [vitepress] page reload .vitepress/dist/components/permissions.html
00:38:51 [vitepress] page reload .vitepress/dist/index.html
00:38:51 [vitepress] page reload .vitepress/dist/ROADMAP.html
