
  vitepress v1.6.4

  ➜  Local:   http://127.0.0.1:4174/
  ➜  press h to show help
02:06:27 [vitepress] hmr update /@fs/F:/work/linkx-admin/linkx-fe/src/components/LxStatusSwitch/index.vue
02:12:09 [vitepress] hmr update /@fs/F:/work/linkx-admin/linkx-fe/src/components/LxStatusSwitch/index.vue
02:55:58 [vitepress] hmr update /@fs/F:/work/linkx-admin/linkx-fe/src/components/LxSearchBar/index.vue, /@fs/F:/work/linkx-admin/linkx-fe/src/components/LxSearchBar/index.vue?vue&type=style&index=0&scoped=d3175289&lang.css
03:00:16 [vitepress] hmr update /@fs/F:/work/linkx-admin/linkx-fe/src/components/LxStatusSwitch/index.vue
03:00:31 [vitepress] hmr update /@fs/F:/work/linkx-admin/linkx-fe/src/components/LxStatusSwitch/index.vue
03:01:07 [vitepress] hmr update /components/lxsearchbar.md
03:01:07 [vitepress] hmr update /@fs/F:/work/linkx-admin/linkx-fe/src/components/LxStatusSwitch/demo/basic.vue, /components/lxstatusswitch.md
03:01:50 [vitepress] hmr update /components/lxstatusswitch.md
03:02:42 [vitepress] hmr update /@fs/F:/work/linkx-admin/linkx-fe/src/components/LxSearchBar/index.vue
03:02:42 [vitepress] hmr update /@fs/F:/work/linkx-admin/linkx-fe/src/components/LxStatusSwitch/index.vue
03:09:37 [vitepress] hmr update /components/lxsearchbar.md
03:25:26 [vitepress] hmr update /@fs/F:/work/linkx-admin/linkx-fe/src/components/LxStatusSwitch/index.vue
03:25:26 [vitepress] hmr update /@fs/F:/work/linkx-admin/linkx-fe/src/components/LxStatusSwitch/demo/basic.vue, /components/lxstatusswitch.md
03:26:24 [vitepress] hmr update /@fs/F:/work/linkx-admin/linkx-fe/src/components/LxSearchBar/demo/basic.vue, /components/lxsearchbar.md
03:27:26 [vitepress] hmr update /@fs/F:/work/linkx-admin/linkx-fe/src/components/LxSearchBar/demo/basic.vue?vue&type=style&index=0&scoped=2d42af73&lang.css, /components/lxsearchbar.md
03:27:38 [vitepress] hmr update /components/lxsearchbar.md
03:28:17 [vitepress] hmr update /components/lxstatusswitch.md
03:29:35 [vitepress] hmr update /@fs/F:/work/linkx-admin/linkx-fe/src/components/LxStatusSwitch/demo/basic.vue, /components/lxstatusswitch.md
03:29:35 [vitepress] hmr update /@fs/F:/work/linkx-admin/linkx-fe/src/components/LxSearchBar/demo/basic.vue, /components/lxsearchbar.md
03:29:35 [vitepress] hmr update /@fs/F:/work/linkx-admin/linkx-fe/src/components/LxStatusSwitch/index.vue
03:29:48 [vitepress] hmr update /@fs/F:/work/linkx-admin/linkx-fe/src/components/LxStatusSwitch/demo/basic.vue, /components/lxstatusswitch.md
03:29:49 [vitepress] hmr update /components/lxstatusswitch.md
03:30:30 [vitepress] hmr update /components/lxstatusswitch.md
03:31:45 [vitepress] hmr update /components/lxstatusswitch.md
03:32:07 [vitepress] hmr update /components/lxsearchbar.md
03:36:13 [vitepress] page reload .vitepress/dist/404.html
03:36:14 [vitepress] page reload .vitepress/dist/components/element-bridge.html
03:36:14 [vitepress] page reload .vitepress/dist/components/lxactionbuttons.html
03:36:14 [vitepress] page reload .vitepress/dist/components/lxauthimg.html
03:36:14 [vitepress] page reload .vitepress/dist/components/lxbreadcrumb.html
03:36:14 [vitepress] page reload .vitepress/dist/components/lxbutton.html
03:36:14 [vitepress] page reload .vitepress/dist/components/lxcascader.html
03:36:14 [vitepress] page reload .vitepress/dist/components/lxcheckbox.html
03:36:14 [vitepress] page reload .vitepress/dist/components/lxcodeslot.html
03:36:14 [vitepress] page reload .vitepress/dist/components/lxconfirm.html
03:36:14 [vitepress] page reload .vitepress/dist/components/lxdatepicker.html
[ELIFECYCLE] Command failed with exit code 1.
