
  vitepress v1.6.4

  ➜  Local:   http://127.0.0.1:4175/
  ➜  press h to show help
17:57:35 [vitepress] page reload F:/work/linkx-admin/linkx-fe/src/index.ts
17:59:22 [vitepress] hmr update /@fs/F:/work/linkx-admin/linkx-fe/src/components/LxTransferPanel/index.vue
18:01:26 [vitepress] hmr update /@fs/F:/work/linkx-admin/linkx-fe/src/components/LxTransferPanel/index.vue
18:01:41 [vitepress] hmr update /@fs/F:/work/linkx-admin/linkx-fe/src/components/LxTransferPanel/index.vue?vue&type=style&index=0&scoped=0023458e&lang.css
18:01:52 [vitepress] hmr update /@fs/F:/work/linkx-admin/linkx-fe/src/components/LxTransferPanel/index.vue?vue&type=style&index=0&scoped=0023458e&lang.css
18:02:05 [vitepress] hmr update /@fs/F:/work/linkx-admin/linkx-fe/src/components/LxTransferPanel/index.vue?vue&type=style&index=0&scoped=0023458e&lang.css
18:02:30 [vitepress] hmr update /@fs/F:/work/linkx-admin/linkx-fe/src/components/LxTransferPanel/index.vue?vue&type=style&index=0&scoped=0023458e&lang.css
18:02:39 [vitepress] hmr update /@fs/F:/work/linkx-admin/linkx-fe/src/components/LxTransferPanel/index.vue?vue&type=style&index=0&scoped=0023458e&lang.css
18:03:13 [vitepress] hmr update /@fs/F:/work/linkx-admin/linkx-fe/src/components/LxTransferPanel/index.vue?vue&type=style&index=0&scoped=0023458e&lang.css
18:03:37 [vitepress] hmr update /@fs/F:/work/linkx-admin/linkx-fe/src/components/LxTransferPanel/demo/basic.vue, /components/lxtransferpanel.md
18:04:01 [vitepress] hmr update /@fs/F:/work/linkx-admin/linkx-fe/src/components/LxTransferPanel/index.vue
18:04:26 [vitepress] hmr update /components/lxtransferpanel.md
18:05:31 [vitepress] hmr update /@fs/F:/work/linkx-admin/linkx-fe/src/components/LxTransferPanel/index.vue
18:05:31 [vitepress] hmr update /@fs/F:/work/linkx-admin/linkx-fe/src/components/LxTransferPanel/demo/basic.vue, /@fs/F:/work/linkx-admin/linkx-fe/src/components/LxTransferPanel/demo/basic.vue?vue&type=style&index=0&scoped=cdb2a377&lang.css, /components/lxtransferpanel.md
18:05:33 [vitepress] hmr update /components/lxtransferpanel.md
18:07:59 [vitepress] hmr update /@fs/F:/work/linkx-admin/linkx-fe/src/components/LxTransferPanel/index.vue
18:12:37 [vitepress] hmr update /@fs/F:/work/linkx-admin/linkx-fe/src/components/LxTransferPanel/index.vue?vue&type=style&index=0&scoped=0023458e&lang.css
18:18:31 [vitepress] page reload .vitepress/dist/404.html
18:18:31 [vitepress] page reload .vitepress/dist/DELIVERY-CHECK.html
18:18:31 [vitepress] page reload .vitepress/dist/index.html
18:18:31 [vitepress] page reload .vitepress/dist/ROADMAP.html
18:18:31 [vitepress] page reload .vitepress/dist/components/element-bridge.html
18:18:31 [vitepress] page reload .vitepress/dist/components/lxactionbuttons.html
18:18:31 [vitepress] page reload .vitepress/dist/components/lxauthimg.html
18:18:31 [vitepress] page reload .vitepress/dist/components/lxbreadcrumb.html
18:18:31 [vitepress] page reload .vitepress/dist/components/lxbutton.html
18:18:31 [vitepress] page reload .vitepress/dist/components/lxcascader.html
18:18:31 [vitepress] page reload .vitepress/dist/components/lxcheckbox.html
18:18:31 [vitepress] page reload .vitepress/dist/components/lxcodeslot.html
18:18:31 [vitepress] page reload .vitepress/dist/components/lxconfirm.html
18:18:31 [vitepress] page reload .vitepress/dist/components/lxdatepicker.html
18:18:31 [vitepress] page reload .vitepress/dist/components/lxdescriptions.html
18:18:31 [vitepress] page reload .vitepress/dist/components/lxdialog.html
18:18:31 [vitepress] page reload .vitepress/dist/components/lxdrawer.html
18:18:31 [vitepress] page reload .vitepress/dist/components/lxdutycalendar.html
18:18:31 [vitepress] page reload .vitepress/dist/components/lxdynamicform.html
18:18:31 [vitepress] page reload .vitepress/dist/components/lxempty.html
18:18:31 [vitepress] page reload .vitepress/dist/components/lxform.html
18:18:31 [vitepress] page reload .vitepress/dist/components/lxformerrorbanner.html
18:18:31 [vitepress] page reload .vitepress/dist/components/lxgauge.html
18:18:31 [vitepress] page reload .vitepress/dist/components/lxicons.html
18:18:31 [vitepress] page reload .vitepress/dist/components/lxinput.html
18:18:31 [vitepress] page reload .vitepress/dist/components/lxinputnumber.html
18:18:31 [vitepress] page reload .vitepress/dist/components/lxmessage.html
18:18:31 [vitepress] page reload .vitepress/dist/components/lxmetriccard.html
18:18:31 [vitepress] page reload .vitepress/dist/components/lxnavbar.html
18:18:31 [vitepress] page reload .vitepress/dist/components/lxnodebadge.html
18:18:31 [vitepress] page reload .vitepress/dist/components/lxpagecard.html
18:18:31 [vitepress] page reload .vitepress/dist/components/lxpagination.html
18:18:31 [vitepress] page reload .vitepress/dist/components/lxpasswordinput.html
18:18:31 [vitepress] page reload .vitepress/dist/components/lxprotable.html
18:18:31 [vitepress] page reload .vitepress/dist/components/lxradio.html
18:18:31 [vitepress] page reload .vitepress/dist/components/lxsearchbar.html
18:18:31 [vitepress] page reload .vitepress/dist/components/lxsectiontitle.html
18:18:31 [vitepress] page reload .vitepress/dist/components/lxselect.html
18:18:31 [vitepress] page reload .vitepress/dist/components/lxselectpagination.html
18:18:31 [vitepress] page reload .vitepress/dist/components/lxselecttree.html
18:18:31 [vitepress] page reload .vitepress/dist/components/lxsidebar.html
18:18:31 [vitepress] page reload .vitepress/dist/components/lxsplitlayout.html
18:18:31 [vitepress] page reload .vitepress/dist/components/lxstatusdot.html
18:18:31 [vitepress] page reload .vitepress/dist/components/lxstatusswitch.html
18:18:31 [vitepress] page reload .vitepress/dist/components/lxswitch.html
18:18:31 [vitepress] page reload .vitepress/dist/components/lxtabsbar.html
18:18:31 [vitepress] page reload .vitepress/dist/components/lxtag.html
18:18:31 [vitepress] page reload .vitepress/dist/components/lxtextarea.html
18:18:31 [vitepress] page reload .vitepress/dist/components/lxtransferpanel.html
18:18:31 [vitepress] page reload .vitepress/dist/components/lxtreeselect.html
18:18:31 [vitepress] page reload .vitepress/dist/components/lxupload.html
18:18:31 [vitepress] page reload .vitepress/dist/components/lxvirtualtree.html
18:18:31 [vitepress] page reload .vitepress/dist/components/new-components.html
18:18:31 [vitepress] page reload .vitepress/dist/components/permissions.html
18:18:56 [vitepress] page reload .vitepress/dist/404.html
18:18:56 [vitepress] page reload .vitepress/dist/ROADMAP.html
18:18:56 [vitepress] page reload .vitepress/dist/404.html
18:18:56 [vitepress] page reload .vitepress/dist/ROADMAP.html
18:18:56 [vitepress] page reload .vitepress/dist/DELIVERY-CHECK.html
18:18:56 [vitepress] page reload .vitepress/dist/index.html
18:18:56 [vitepress] page reload .vitepress/dist/components/element-bridge.html
18:18:56 [vitepress] page reload .vitepress/dist/components/lxactionbuttons.html
18:18:56 [vitepress] page reload .vitepress/dist/components/lxauthimg.html
18:18:56 [vitepress] page reload .vitepress/dist/components/lxbreadcrumb.html
18:18:56 [vitepress] page reload .vitepress/dist/components/lxbutton.html
18:18:56 [vitepress] page reload .vitepress/dist/components/lxcascader.html
18:18:56 [vitepress] page reload .vitepress/dist/components/lxcheckbox.html
18:18:56 [vitepress] page reload .vitepress/dist/components/lxcodeslot.html
18:18:56 [vitepress] page reload .vitepress/dist/components/lxconfirm.html
18:18:56 [vitepress] page reload .vitepress/dist/components/lxdatepicker.html
18:18:57 [vitepress] page reload .vitepress/dist/components/lxdescriptions.html
18:18:57 [vitepress] page reload .vitepress/dist/components/lxdialog.html
18:18:57 [vitepress] page reload .vitepress/dist/components/lxdrawer.html
18:18:57 [vitepress] page reload .vitepress/dist/components/lxdutycalendar.html
18:18:57 [vitepress] page reload .vitepress/dist/components/lxdynamicform.html
18:18:57 [vitepress] page reload .vitepress/dist/components/lxempty.html
18:18:57 [vitepress] page reload .vitepress/dist/components/lxform.html
18:18:57 [vitepress] page reload .vitepress/dist/components/lxformerrorbanner.html
18:18:57 [vitepress] page reload .vitepress/dist/components/lxgauge.html
18:18:57 [vitepress] page reload .vitepress/dist/components/lxicons.html
18:18:57 [vitepress] page reload .vitepress/dist/components/lxinput.html
18:18:57 [vitepress] page reload .vitepress/dist/components/lxinputnumber.html
18:18:57 [vitepress] page reload .vitepress/dist/components/lxmessage.html
18:18:57 [vitepress] page reload .vitepress/dist/components/lxmetriccard.html
18:18:57 [vitepress] page reload .vitepress/dist/components/lxnavbar.html
18:18:57 [vitepress] page reload .vitepress/dist/components/lxnodebadge.html
18:18:57 [vitepress] page reload .vitepress/dist/components/lxpagecard.html
18:18:57 [vitepress] page reload .vitepress/dist/components/lxpagination.html
18:18:57 [vitepress] page reload .vitepress/dist/components/lxpasswordinput.html
18:18:57 [vitepress] page reload .vitepress/dist/components/lxprotable.html
18:18:57 [vitepress] page reload .vitepress/dist/components/lxradio.html
18:18:57 [vitepress] page reload .vitepress/dist/components/lxsearchbar.html
18:18:58 [vitepress] page reload .vitepress/dist/components/lxsectiontitle.html
18:18:58 [vitepress] page reload .vitepress/dist/components/lxselect.html
18:18:58 [vitepress] page reload .vitepress/dist/components/lxselectpagination.html
18:18:58 [vitepress] page reload .vitepress/dist/components/lxselecttree.html
18:18:58 [vitepress] page reload .vitepress/dist/components/lxsidebar.html
18:18:58 [vitepress] page reload .vitepress/dist/components/lxsplitlayout.html
18:18:58 [vitepress] page reload .vitepress/dist/components/lxstatusdot.html
18:18:58 [vitepress] page reload .vitepress/dist/components/lxstatusswitch.html
18:18:58 [vitepress] page reload .vitepress/dist/components/lxswitch.html
18:18:58 [vitepress] page reload .vitepress/dist/components/lxtabsbar.html
18:18:58 [vitepress] page reload .vitepress/dist/components/lxtag.html
18:18:58 [vitepress] page reload .vitepress/dist/components/lxtextarea.html
18:18:58 [vitepress] page reload .vitepress/dist/components/lxtransferpanel.html
18:18:58 [vitepress] page reload .vitepress/dist/components/lxtreeselect.html
18:18:58 [vitepress] page reload .vitepress/dist/components/lxupload.html
18:18:58 [vitepress] page reload .vitepress/dist/components/lxvirtualtree.html
18:18:58 [vitepress] page reload .vitepress/dist/components/new-components.html
18:18:58 [vitepress] page reload .vitepress/dist/components/permissions.html
18:35:06 [vitepress] page reload .vitepress/dist/404.html
18:35:06 [vitepress] page reload .vitepress/dist/components/element-bridge.html
18:35:06 [vitepress] page reload .vitepress/dist/components/lxactionbuttons.html
18:35:06 [vitepress] page reload .vitepress/dist/components/lxauthimg.html
18:35:06 [vitepress] page reload .vitepress/dist/components/lxbreadcrumb.html
18:35:06 [vitepress] page reload .vitepress/dist/components/lxbutton.html
18:35:06 [vitepress] page reload .vitepress/dist/components/lxcascader.html
18:35:06 [vitepress] page reload .vitepress/dist/components/lxcheckbox.html
18:35:06 [vitepress] page reload .vitepress/dist/components/lxcodeslot.html
18:35:06 [vitepress] page reload .vitepress/dist/components/lxconfirm.html
18:35:06 [vitepress] page reload .vitepress/dist/components/lxdatepicker.html
18:35:06 [vitepress] page reload .vitepress/dist/components/lxdescriptions.html
18:35:06 [vitepress] page reload .vitepress/dist/components/lxdialog.html
18:35:06 [vitepress] page reload .vitepress/dist/components/lxdrawer.html
18:35:06 [vitepress] page reload .vitepress/dist/components/lxdutycalendar.html
18:35:06 [vitepress] page reload .vitepress/dist/components/lxdynamicform.html
18:35:06 [vitepress] page reload .vitepress/dist/components/lxempty.html
18:35:06 [vitepress] page reload .vitepress/dist/components/lxform.html
18:35:06 [vitepress] page reload .vitepress/dist/components/lxformerrorbanner.html
18:35:06 [vitepress] page reload .vitepress/dist/components/lxgauge.html
18:35:06 [vitepress] page reload .vitepress/dist/components/lxicons.html
18:35:06 [vitepress] page reload .vitepress/dist/components/lxinput.html
18:35:06 [vitepress] page reload .vitepress/dist/components/lxinputnumber.html
18:35:06 [vitepress] page reload .vitepress/dist/components/lxmessage.html
18:35:06 [vitepress] page reload .vitepress/dist/components/lxmetriccard.html
18:35:06 [vitepress] page reload .vitepress/dist/components/lxnavbar.html
18:35:06 [vitepress] page reload .vitepress/dist/components/lxnodebadge.html
18:35:06 [vitepress] page reload .vitepress/dist/components/lxpagecard.html
18:35:06 [vitepress] page reload .vitepress/dist/components/lxpagination.html
18:35:06 [vitepress] page reload .vitepress/dist/components/lxpasswordinput.html
18:35:06 [vitepress] page reload .vitepress/dist/components/lxprotable.html
18:35:06 [vitepress] page reload .vitepress/dist/components/lxradio.html
18:35:06 [vitepress] page reload .vitepress/dist/components/lxsearchbar.html
18:35:06 [vitepress] page reload .vitepress/dist/components/lxsectiontitle.html
18:35:06 [vitepress] page reload .vitepress/dist/components/lxselect.html
18:35:06 [vitepress] page reload .vitepress/dist/components/lxselectpagination.html
18:35:06 [vitepress] page reload .vitepress/dist/components/lxselecttree.html
18:35:06 [vitepress] page reload .vitepress/dist/components/lxsidebar.html
18:35:06 [vitepress] page reload .vitepress/dist/components/lxsplitlayout.html
18:35:06 [vitepress] page reload .vitepress/dist/components/lxstatusdot.html
18:35:06 [vitepress] page reload .vitepress/dist/components/lxstatusswitch.html
18:35:06 [vitepress] page reload .vitepress/dist/components/lxswitch.html
18:35:06 [vitepress] page reload .vitepress/dist/components/lxtabsbar.html
18:35:06 [vitepress] page reload .vitepress/dist/components/lxtag.html
18:35:06 [vitepress] page reload .vitepress/dist/components/lxtextarea.html
18:35:06 [vitepress] page reload .vitepress/dist/components/lxtransferpanel.html
18:35:06 [vitepress] page reload .vitepress/dist/components/lxtreeselect.html
18:35:06 [vitepress] page reload .vitepress/dist/components/lxupload.html
18:35:06 [vitepress] page reload .vitepress/dist/components/lxvirtualtree.html
18:35:06 [vitepress] page reload .vitepress/dist/components/new-components.html
18:35:06 [vitepress] page reload .vitepress/dist/components/permissions.html
18:35:06 [vitepress] page reload .vitepress/dist/ROADMAP.html
18:35:06 [vitepress] page reload .vitepress/dist/DELIVERY-CHECK.html
18:35:06 [vitepress] page reload .vitepress/dist/index.html
18:35:36 [vitepress] page reload .vitepress/dist/ROADMAP.html
18:35:36 [vitepress] page reload .vitepress/dist/ROADMAP.html
18:35:36 [vitepress] page reload .vitepress/dist/404.html
18:35:36 [vitepress] page reload .vitepress/dist/DELIVERY-CHECK.html
18:35:36 [vitepress] page reload .vitepress/dist/index.html
18:35:36 [vitepress] page reload .vitepress/dist/components/element-bridge.html
18:35:36 [vitepress] page reload .vitepress/dist/components/lxactionbuttons.html
18:35:36 [vitepress] page reload .vitepress/dist/components/lxauthimg.html
18:35:36 [vitepress] page reload .vitepress/dist/components/lxbreadcrumb.html
18:35:36 [vitepress] page reload .vitepress/dist/components/lxbutton.html
18:35:36 [vitepress] page reload .vitepress/dist/components/lxcascader.html
18:35:36 [vitepress] page reload .vitepress/dist/components/lxcheckbox.html
18:35:36 [vitepress] page reload .vitepress/dist/components/lxcodeslot.html
18:35:36 [vitepress] page reload .vitepress/dist/components/lxconfirm.html
18:35:36 [vitepress] page reload .vitepress/dist/components/lxdatepicker.html
18:35:36 [vitepress] page reload .vitepress/dist/components/lxdescriptions.html
18:35:36 [vitepress] page reload .vitepress/dist/components/lxdialog.html
18:35:36 [vitepress] page reload .vitepress/dist/components/lxdrawer.html
18:35:37 [vitepress] page reload .vitepress/dist/components/lxdutycalendar.html
18:35:37 [vitepress] page reload .vitepress/dist/components/lxdynamicform.html
18:35:37 [vitepress] page reload .vitepress/dist/components/lxempty.html
18:35:37 [vitepress] page reload .vitepress/dist/components/lxform.html
18:35:37 [vitepress] page reload .vitepress/dist/components/lxformerrorbanner.html
18:35:37 [vitepress] page reload .vitepress/dist/components/lxgauge.html
18:35:37 [vitepress] page reload .vitepress/dist/components/lxicons.html
18:35:37 [vitepress] page reload .vitepress/dist/components/lxinput.html
18:35:37 [vitepress] page reload .vitepress/dist/components/lxinputnumber.html
18:35:37 [vitepress] page reload .vitepress/dist/components/lxmessage.html
18:35:37 [vitepress] page reload .vitepress/dist/components/lxmetriccard.html
18:35:37 [vitepress] page reload .vitepress/dist/components/lxnavbar.html
18:35:37 [vitepress] page reload .vitepress/dist/components/lxnodebadge.html
18:35:37 [vitepress] page reload .vitepress/dist/components/lxpagecard.html
18:35:37 [vitepress] page reload .vitepress/dist/components/lxpagination.html
18:35:37 [vitepress] page reload .vitepress/dist/components/lxpasswordinput.html
18:35:37 [vitepress] page reload .vitepress/dist/components/lxprotable.html
18:35:37 [vitepress] page reload .vitepress/dist/components/lxradio.html
18:35:37 [vitepress] page reload .vitepress/dist/components/lxsearchbar.html
18:35:37 [vitepress] page reload .vitepress/dist/components/lxsectiontitle.html
18:35:38 [vitepress] page reload .vitepress/dist/components/lxselect.html
18:35:38 [vitepress] page reload .vitepress/dist/components/lxselectpagination.html
18:35:38 [vitepress] page reload .vitepress/dist/components/lxselecttree.html
18:35:38 [vitepress] page reload .vitepress/dist/components/lxsidebar.html
18:35:38 [vitepress] page reload .vitepress/dist/components/lxsplitlayout.html
18:35:38 [vitepress] page reload .vitepress/dist/components/lxstatusdot.html
18:35:38 [vitepress] page reload .vitepress/dist/components/lxstatusswitch.html
18:35:38 [vitepress] page reload .vitepress/dist/components/lxswitch.html
18:35:38 [vitepress] page reload .vitepress/dist/components/lxtabsbar.html
18:35:38 [vitepress] page reload .vitepress/dist/components/lxtag.html
18:35:38 [vitepress] page reload .vitepress/dist/components/lxtextarea.html
18:35:38 [vitepress] page reload .vitepress/dist/components/lxtransferpanel.html
18:35:38 [vitepress] page reload .vitepress/dist/components/lxtreeselect.html
18:35:38 [vitepress] page reload .vitepress/dist/components/lxupload.html
18:35:38 [vitepress] page reload .vitepress/dist/components/lxvirtualtree.html
18:35:38 [vitepress] page reload .vitepress/dist/components/new-components.html
18:35:38 [vitepress] page reload .vitepress/dist/components/permissions.html
18:49:42 [vitepress] hmr update /@fs/F:/work/linkx-admin/linkx-fe/src/components/LxTransferPanel/index.vue
18:50:00 [vitepress] hmr update /@fs/F:/work/linkx-admin/linkx-fe/src/components/LxTransferPanel/index.vue
18:50:11 [vitepress] hmr update /@fs/F:/work/linkx-admin/linkx-fe/src/components/LxTransferPanel/index.vue?vue&type=style&index=0&scoped=0023458e&lang.css
18:50:39 [vitepress] hmr update /@fs/F:/work/linkx-admin/linkx-fe/src/components/LxTransferPanel/index.vue?vue&type=style&index=0&scoped=0023458e&lang.css
18:53:13 [vitepress] hmr update /@fs/F:/work/linkx-admin/linkx-fe/src/components/LxTransferPanel/demo/basic.vue, /components/lxtransferpanel.md
18:53:31 [vitepress] hmr update /@fs/F:/work/linkx-admin/linkx-fe/src/components/LxTransferPanel/demo/basic.vue?vue&type=style&index=0&scoped=cdb2a377&lang.css, /components/lxtransferpanel.md
18:53:57 [vitepress] hmr update /components/lxtransferpanel.md
18:54:25 [vitepress] hmr update /@fs/F:/work/linkx-admin/linkx-fe/src/components/LxTransferPanel/index.vue?vue&type=style&index=0&scoped=0023458e&lang.css, /@fs/F:/work/linkx-admin/linkx-fe/src/components/LxTransferPanel/index.vue
18:58:27 [vitepress] page reload .vitepress/dist/404.html
18:58:27 [vitepress] page reload .vitepress/dist/components/element-bridge.html
18:58:27 [vitepress] page reload .vitepress/dist/components/lxactionbuttons.html
18:58:27 [vitepress] page reload .vitepress/dist/components/lxauthimg.html
18:58:27 [vitepress] page reload .vitepress/dist/components/lxbreadcrumb.html
18:58:27 [vitepress] page reload .vitepress/dist/components/lxbutton.html
18:58:27 [vitepress] page reload .vitepress/dist/components/lxcascader.html
18:58:27 [vitepress] page reload .vitepress/dist/components/lxcheckbox.html
18:58:27 [vitepress] page reload .vitepress/dist/components/lxcodeslot.html
18:58:27 [vitepress] page reload .vitepress/dist/components/lxconfirm.html
18:58:27 [vitepress] page reload .vitepress/dist/components/lxdatepicker.html
18:58:27 [vitepress] page reload .vitepress/dist/components/lxdescriptions.html
18:58:27 [vitepress] page reload .vitepress/dist/components/lxdialog.html
18:58:27 [vitepress] page reload .vitepress/dist/components/lxdrawer.html
18:58:27 [vitepress] page reload .vitepress/dist/components/lxdutycalendar.html
18:58:27 [vitepress] page reload .vitepress/dist/components/lxdynamicform.html
18:58:27 [vitepress] page reload .vitepress/dist/components/lxempty.html
18:58:27 [vitepress] page reload .vitepress/dist/components/lxform.html
18:58:27 [vitepress] page reload .vitepress/dist/components/lxformerrorbanner.html
18:58:27 [vitepress] page reload .vitepress/dist/components/lxgauge.html
18:58:27 [vitepress] page reload .vitepress/dist/components/lxicons.html
18:58:27 [vitepress] page reload .vitepress/dist/components/lxinput.html
18:58:27 [vitepress] page reload .vitepress/dist/components/lxinputnumber.html
18:58:27 [vitepress] page reload .vitepress/dist/components/lxmessage.html
18:58:27 [vitepress] page reload .vitepress/dist/components/lxmetriccard.html
18:58:27 [vitepress] page reload .vitepress/dist/components/lxnavbar.html
18:58:27 [vitepress] page reload .vitepress/dist/components/lxnodebadge.html
18:58:27 [vitepress] page reload .vitepress/dist/components/lxpagecard.html
18:58:27 [vitepress] page reload .vitepress/dist/components/lxpagination.html
18:58:27 [vitepress] page reload .vitepress/dist/components/lxpasswordinput.html
18:58:27 [vitepress] page reload .vitepress/dist/components/lxprotable.html
18:58:27 [vitepress] page reload .vitepress/dist/components/lxradio.html
18:58:27 [vitepress] page reload .vitepress/dist/components/lxsearchbar.html
18:58:27 [vitepress] page reload .vitepress/dist/components/lxsectiontitle.html
18:58:27 [vitepress] page reload .vitepress/dist/components/lxselect.html
18:58:27 [vitepress] page reload .vitepress/dist/components/lxselectpagination.html
18:58:27 [vitepress] page reload .vitepress/dist/components/lxselecttree.html
18:58:27 [vitepress] page reload .vitepress/dist/components/lxsidebar.html
18:58:27 [vitepress] page reload .vitepress/dist/components/lxsplitlayout.html
18:58:27 [vitepress] page reload .vitepress/dist/components/lxstatusdot.html
18:58:27 [vitepress] page reload .vitepress/dist/components/lxstatusswitch.html
18:58:27 [vitepress] page reload .vitepress/dist/components/lxswitch.html
18:58:27 [vitepress] page reload .vitepress/dist/components/lxtabsbar.html
18:58:27 [vitepress] page reload .vitepress/dist/components/lxtag.html
18:58:27 [vitepress] page reload .vitepress/dist/components/lxtextarea.html
18:58:27 [vitepress] page reload .vitepress/dist/components/lxtransferpanel.html
18:58:27 [vitepress] page reload .vitepress/dist/components/lxtreeselect.html
18:58:27 [vitepress] page reload .vitepress/dist/components/lxupload.html
18:58:27 [vitepress] page reload .vitepress/dist/components/lxvirtualtree.html
18:58:27 [vitepress] page reload .vitepress/dist/components/new-components.html
18:58:27 [vitepress] page reload .vitepress/dist/components/permissions.html
18:58:27 [vitepress] page reload .vitepress/dist/DELIVERY-CHECK.html
18:58:27 [vitepress] page reload .vitepress/dist/index.html
18:58:27 [vitepress] page reload .vitepress/dist/ROADMAP.html
18:58:48 [vitepress] page reload .vitepress/dist/404.html
18:58:48 [vitepress] page reload .vitepress/dist/DELIVERY-CHECK.html
18:58:48 [vitepress] page reload .vitepress/dist/ROADMAP.html
18:58:48 [vitepress] page reload .vitepress/dist/404.html
18:58:48 [vitepress] page reload .vitepress/dist/DELIVERY-CHECK.html
18:58:48 [vitepress] page reload .vitepress/dist/ROADMAP.html
18:58:48 [vitepress] page reload .vitepress/dist/index.html
18:58:48 [vitepress] page reload .vitepress/dist/components/element-bridge.html
18:58:48 [vitepress] page reload .vitepress/dist/components/lxactionbuttons.html
18:58:48 [vitepress] page reload .vitepress/dist/components/lxauthimg.html
18:58:48 [vitepress] page reload .vitepress/dist/components/lxbutton.html
18:58:48 [vitepress] page reload .vitepress/dist/components/lxcascader.html
18:58:48 [vitepress] page reload .vitepress/dist/components/lxbreadcrumb.html
18:58:48 [vitepress] page reload .vitepress/dist/components/lxcheckbox.html
18:58:48 [vitepress] page reload .vitepress/dist/components/lxcodeslot.html
18:58:48 [vitepress] page reload .vitepress/dist/components/lxconfirm.html
18:58:48 [vitepress] page reload .vitepress/dist/components/lxdatepicker.html
18:58:48 [vitepress] page reload .vitepress/dist/components/lxdescriptions.html
18:58:48 [vitepress] page reload .vitepress/dist/components/lxdialog.html
18:58:48 [vitepress] page reload .vitepress/dist/components/lxdrawer.html
18:58:48 [vitepress] page reload .vitepress/dist/components/lxdutycalendar.html
18:58:48 [vitepress] page reload .vitepress/dist/components/lxdynamicform.html
18:58:48 [vitepress] page reload .vitepress/dist/components/lxempty.html
18:58:48 [vitepress] page reload .vitepress/dist/components/lxform.html
18:58:48 [vitepress] page reload .vitepress/dist/components/lxformerrorbanner.html
18:58:48 [vitepress] page reload .vitepress/dist/components/lxgauge.html
18:58:48 [vitepress] page reload .vitepress/dist/components/lxicons.html
18:58:49 [vitepress] page reload .vitepress/dist/components/lxinput.html
18:58:49 [vitepress] page reload .vitepress/dist/components/lxinputnumber.html
18:58:49 [vitepress] page reload .vitepress/dist/components/lxmessage.html
18:58:49 [vitepress] page reload .vitepress/dist/components/lxmetriccard.html
18:58:49 [vitepress] page reload .vitepress/dist/components/lxnavbar.html
18:58:49 [vitepress] page reload .vitepress/dist/components/lxnodebadge.html
18:58:49 [vitepress] page reload .vitepress/dist/components/lxpagecard.html
18:58:49 [vitepress] page reload .vitepress/dist/components/lxpagination.html
18:58:49 [vitepress] page reload .vitepress/dist/components/lxpasswordinput.html
18:58:49 [vitepress] page reload .vitepress/dist/components/lxprotable.html
18:58:49 [vitepress] page reload .vitepress/dist/components/lxradio.html
18:58:49 [vitepress] page reload .vitepress/dist/components/lxsearchbar.html
18:58:49 [vitepress] page reload .vitepress/dist/components/lxsectiontitle.html
18:58:49 [vitepress] page reload .vitepress/dist/components/lxselect.html
18:58:49 [vitepress] page reload .vitepress/dist/components/lxselectpagination.html
18:58:49 [vitepress] page reload .vitepress/dist/components/lxselecttree.html
18:58:49 [vitepress] page reload .vitepress/dist/components/lxsidebar.html
18:58:49 [vitepress] page reload .vitepress/dist/components/lxsplitlayout.html
18:58:49 [vitepress] page reload .vitepress/dist/components/lxstatusdot.html
18:58:49 [vitepress] page reload .vitepress/dist/components/lxstatusswitch.html
18:58:49 [vitepress] page reload .vitepress/dist/components/lxswitch.html
18:58:49 [vitepress] page reload .vitepress/dist/components/lxtabsbar.html
18:58:49 [vitepress] page reload .vitepress/dist/components/lxtag.html
18:58:49 [vitepress] page reload .vitepress/dist/components/lxtextarea.html
18:58:49 [vitepress] page reload .vitepress/dist/components/lxtransferpanel.html
18:58:49 [vitepress] page reload .vitepress/dist/components/lxtreeselect.html
18:58:49 [vitepress] page reload .vitepress/dist/components/lxupload.html
18:58:49 [vitepress] page reload .vitepress/dist/components/lxvirtualtree.html
18:58:49 [vitepress] page reload .vitepress/dist/components/new-components.html
18:58:49 [vitepress] page reload .vitepress/dist/components/permissions.html
19:23:54 [vitepress] hmr update /@fs/F:/work/linkx-admin/linkx-fe/src/components/LxTransferPanel/index.vue
19:25:11 [vitepress] hmr update /@fs/F:/work/linkx-admin/linkx-fe/src/components/LxTransferPanel/demo/basic.vue, /components/lxtransferpanel.md
19:25:45 [vitepress] hmr update /@fs/F:/work/linkx-admin/linkx-fe/src/components/LxTransferPanel/demo/basic.vue?vue&type=style&index=0&scoped=cdb2a377&lang.css, /components/lxtransferpanel.md
19:26:06 [vitepress] hmr update /components/lxtransferpanel.md
19:26:06 [vitepress] hmr update /@fs/F:/work/linkx-admin/linkx-fe/src/components/LxTransferPanel/index.vue?vue&type=style&index=0&scoped=0023458e&lang.css
19:27:30 [vitepress] hmr update /@fs/F:/work/linkx-admin/linkx-fe/src/components/LxTransferPanel/index.vue
19:27:30 [vitepress] hmr update /@fs/F:/work/linkx-admin/linkx-fe/src/components/LxTransferPanel/demo/basic.vue, /components/lxtransferpanel.md
19:27:30 [vitepress] hmr update /components/lxtransferpanel.md
19:33:03 [vitepress] hmr update /@fs/F:/work/linkx-admin/linkx-fe/src/components/LxTransferPanel/demo/basic.vue, /components/lxtransferpanel.md
19:33:03 [vitepress] hmr update /@fs/F:/work/linkx-admin/linkx-fe/src/components/LxTransferPanel/index.vue
19:34:17 [vitepress] hmr update /components/lxtransferpanel.md
19:34:34 [vitepress] hmr update /@fs/F:/work/linkx-admin/linkx-fe/src/components/LxTransferPanel/index.vue
19:37:25 [vitepress] page reload .vitepress/dist/404.html
19:37:25 [vitepress] page reload .vitepress/dist/components/element-bridge.html
[ELIFECYCLE] Command failed with exit code 1.
