
  vitepress v1.6.4

  ➜  Local:   http://127.0.0.1:4174/
  ➜  press h to show help
09:51:58 [vitepress] hmr update /@fs/F:/work/linkx-admin/linkx-fe/src/components/LxTransferPanel/demo/basic.vue?vue&type=style&index=0&scoped=cdb2a377&lang.css, /components/lxtransferpanel.md
09:51:58 [vitepress] hmr update /@fs/F:/work/linkx-admin/linkx-fe/src/components/LxVirtualTree/demo/basic.vue, /components/lxvirtualtree.md
10:11:40 [vitepress] hmr update /components/lxtransferpanel.md
10:12:35 [vitepress] hmr update /components/lxtransferpanel.md
10:12:43 [vitepress] hmr update /components/lxtransferpanel.md
10:13:24 [vitepress] hmr update /components/lxtransferpanel.md
10:13:57 [vitepress] page reload .vitepress/dist/404.html
10:13:57 [vitepress] page reload .vitepress/dist/DELIVERY-CHECK.html
10:13:57 [vitepress] page reload .vitepress/dist/index.html
10:13:57 [vitepress] page reload .vitepress/dist/ROADMAP.html
10:13:57 [vitepress] page reload .vitepress/dist/components/element-bridge.html
10:13:57 [vitepress] page reload .vitepress/dist/components/lxactionbuttons.html
10:13:57 [vitepress] page reload .vitepress/dist/components/lxauthimg.html
10:13:57 [vitepress] page reload .vitepress/dist/components/lxbreadcrumb.html
10:13:57 [vitepress] page reload .vitepress/dist/components/lxbutton.html
10:13:57 [vitepress] page reload .vitepress/dist/components/lxcascader.html
10:13:57 [vitepress] page reload .vitepress/dist/components/lxcheckbox.html
10:13:57 [vitepress] page reload .vitepress/dist/components/lxcodeslot.html
10:13:57 [vitepress] page reload .vitepress/dist/components/lxconfirm.html
10:13:57 [vitepress] page reload .vitepress/dist/components/lxdatepicker.html
10:13:57 [vitepress] page reload .vitepress/dist/components/lxdescriptions.html
10:13:57 [vitepress] page reload .vitepress/dist/components/lxdialog.html
10:13:57 [vitepress] page reload .vitepress/dist/components/lxdrawer.html
10:13:57 [vitepress] page reload .vitepress/dist/components/lxdutycalendar.html
10:13:57 [vitepress] page reload .vitepress/dist/components/lxdynamicform.html
10:13:57 [vitepress] page reload .vitepress/dist/components/lxempty.html
10:13:57 [vitepress] page reload .vitepress/dist/components/lxform.html
10:13:57 [vitepress] page reload .vitepress/dist/components/lxformerrorbanner.html
10:13:57 [vitepress] page reload .vitepress/dist/components/lxgauge.html
10:13:57 [vitepress] page reload .vitepress/dist/components/lxicons.html
10:13:57 [vitepress] page reload .vitepress/dist/components/lxinput.html
10:13:57 [vitepress] page reload .vitepress/dist/components/lxinputnumber.html
10:13:57 [vitepress] page reload .vitepress/dist/components/lxmessage.html
10:13:57 [vitepress] page reload .vitepress/dist/components/lxmetriccard.html
10:13:57 [vitepress] page reload .vitepress/dist/components/lxnavbar.html
10:13:57 [vitepress] page reload .vitepress/dist/components/lxnodebadge.html
10:13:57 [vitepress] page reload .vitepress/dist/components/lxpagecard.html
10:13:57 [vitepress] page reload .vitepress/dist/components/lxpagination.html
10:13:57 [vitepress] page reload .vitepress/dist/components/lxpasswordinput.html
10:13:57 [vitepress] page reload .vitepress/dist/components/lxprotable.html
10:13:57 [vitepress] page reload .vitepress/dist/components/lxradio.html
10:13:57 [vitepress] page reload .vitepress/dist/components/lxsearchbar.html
10:13:57 [vitepress] page reload .vitepress/dist/components/lxsectiontitle.html
10:13:57 [vitepress] page reload .vitepress/dist/components/lxselect.html
10:13:57 [vitepress] page reload .vitepress/dist/components/lxselectpagination.html
10:13:57 [vitepress] page reload .vitepress/dist/components/lxselecttree.html
10:13:57 [vitepress] page reload .vitepress/dist/components/lxsidebar.html
10:13:57 [vitepress] page reload .vitepress/dist/components/lxsplitlayout.html
10:13:57 [vitepress] page reload .vitepress/dist/components/lxstatusdot.html
10:13:57 [vitepress] page reload .vitepress/dist/components/lxstatusswitch.html
10:13:57 [vitepress] page reload .vitepress/dist/components/lxswitch.html
10:13:57 [vitepress] page reload .vitepress/dist/components/lxtabsbar.html
10:13:57 [vitepress] page reload .vitepress/dist/components/lxtag.html
10:13:57 [vitepress] page reload .vitepress/dist/components/lxtextarea.html
10:13:57 [vitepress] page reload .vitepress/dist/components/lxtransferpanel.html
10:13:57 [vitepress] page reload .vitepress/dist/components/lxtreeselect.html
10:13:57 [vitepress] page reload .vitepress/dist/components/lxupload.html
10:13:57 [vitepress] page reload .vitepress/dist/components/lxvirtualtree.html
10:13:57 [vitepress] page reload .vitepress/dist/components/new-components.html
10:13:57 [vitepress] page reload .vitepress/dist/components/permissions.html
10:14:21 [vitepress] page reload .vitepress/dist/404.html
10:14:21 [vitepress] page reload .vitepress/dist/DELIVERY-CHECK.html
10:14:21 [vitepress] page reload .vitepress/dist/DELIVERY-CHECK.html
10:14:21 [vitepress] page reload .vitepress/dist/index.html
10:14:21 [vitepress] page reload .vitepress/dist/ROADMAP.html
10:14:21 [vitepress] page reload .vitepress/dist/components/element-bridge.html
10:14:21 [vitepress] page reload .vitepress/dist/components/lxactionbuttons.html
10:14:21 [vitepress] page reload .vitepress/dist/components/lxauthimg.html
10:14:21 [vitepress] page reload .vitepress/dist/components/lxbreadcrumb.html
10:14:21 [vitepress] page reload .vitepress/dist/components/lxbutton.html
10:14:21 [vitepress] page reload .vitepress/dist/components/lxcascader.html
10:14:21 [vitepress] page reload .vitepress/dist/components/lxcheckbox.html
10:14:21 [vitepress] page reload .vitepress/dist/components/lxcodeslot.html
10:14:21 [vitepress] page reload .vitepress/dist/components/lxconfirm.html
10:14:21 [vitepress] page reload .vitepress/dist/components/lxdatepicker.html
10:14:21 [vitepress] page reload .vitepress/dist/components/lxdescriptions.html
10:14:22 [vitepress] page reload .vitepress/dist/components/lxdialog.html
10:14:22 [vitepress] page reload .vitepress/dist/components/lxdrawer.html
10:14:22 [vitepress] page reload .vitepress/dist/components/lxdutycalendar.html
10:14:22 [vitepress] page reload .vitepress/dist/components/lxdynamicform.html
10:14:22 [vitepress] page reload .vitepress/dist/components/lxempty.html
10:14:22 [vitepress] page reload .vitepress/dist/components/lxform.html
10:14:22 [vitepress] page reload .vitepress/dist/components/lxformerrorbanner.html
10:14:22 [vitepress] page reload .vitepress/dist/components/lxgauge.html
10:14:22 [vitepress] page reload .vitepress/dist/components/lxicons.html
10:14:22 [vitepress] page reload .vitepress/dist/components/lxinput.html
10:14:22 [vitepress] page reload .vitepress/dist/components/lxinputnumber.html
10:14:22 [vitepress] page reload .vitepress/dist/components/lxmessage.html
10:14:22 [vitepress] page reload .vitepress/dist/components/lxmetriccard.html
10:14:22 [vitepress] page reload .vitepress/dist/components/lxnavbar.html
10:14:22 [vitepress] page reload .vitepress/dist/components/lxnodebadge.html
10:14:22 [vitepress] page reload .vitepress/dist/components/lxpagecard.html
10:14:22 [vitepress] page reload .vitepress/dist/components/lxpagination.html
10:14:22 [vitepress] page reload .vitepress/dist/components/lxpasswordinput.html
10:14:22 [vitepress] page reload .vitepress/dist/components/lxprotable.html
10:14:22 [vitepress] page reload .vitepress/dist/components/lxradio.html
10:14:22 [vitepress] page reload .vitepress/dist/components/lxsearchbar.html
10:14:22 [vitepress] page reload .vitepress/dist/components/lxsectiontitle.html
10:14:22 [vitepress] page reload .vitepress/dist/components/lxselect.html
10:14:22 [vitepress] page reload .vitepress/dist/components/lxselectpagination.html
10:14:23 [vitepress] page reload .vitepress/dist/components/lxselecttree.html
10:14:23 [vitepress] page reload .vitepress/dist/components/lxsidebar.html
10:14:23 [vitepress] page reload .vitepress/dist/components/lxsplitlayout.html
10:14:23 [vitepress] page reload .vitepress/dist/components/lxstatusdot.html
10:14:23 [vitepress] page reload .vitepress/dist/components/lxstatusswitch.html
10:14:23 [vitepress] page reload .vitepress/dist/components/lxswitch.html
10:14:23 [vitepress] page reload .vitepress/dist/components/lxtabsbar.html
10:14:23 [vitepress] page reload .vitepress/dist/components/lxtag.html
10:14:23 [vitepress] page reload .vitepress/dist/components/lxtextarea.html
10:14:23 [vitepress] page reload .vitepress/dist/components/lxtransferpanel.html
10:14:23 [vitepress] page reload .vitepress/dist/components/lxtreeselect.html
10:14:23 [vitepress] page reload .vitepress/dist/components/lxupload.html
10:14:23 [vitepress] page reload .vitepress/dist/components/lxvirtualtree.html
10:14:23 [vitepress] page reload .vitepress/dist/components/new-components.html
10:14:23 [vitepress] page reload .vitepress/dist/components/permissions.html
10:14:27 [vitepress] hmr update /@fs/F:/work/linkx-admin/linkx-fe/src/components/LxVirtualTree/demo/basic.vue?vue&type=style&index=0&scoped=68f0cede&lang.css, /components/lxvirtualtree.md
10:15:04 [vitepress] hmr update /components/lxtransferpanel.md
10:15:49 [vitepress] page reload .vitepress/dist/404.html
10:15:49 [vitepress] page reload .vitepress/dist/components/element-bridge.html
10:15:49 [vitepress] page reload .vitepress/dist/DELIVERY-CHECK.html
10:15:49 [vitepress] page reload .vitepress/dist/index.html
10:15:49 [vitepress] page reload .vitepress/dist/ROADMAP.html
10:15:49 [vitepress] page reload .vitepress/dist/components/lxactionbuttons.html
10:15:49 [vitepress] page reload .vitepress/dist/components/lxauthimg.html
10:15:49 [vitepress] page reload .vitepress/dist/components/lxbreadcrumb.html
10:15:49 [vitepress] page reload .vitepress/dist/components/lxbutton.html
10:15:49 [vitepress] page reload .vitepress/dist/components/lxcascader.html
10:15:49 [vitepress] page reload .vitepress/dist/components/lxcheckbox.html
10:15:49 [vitepress] page reload .vitepress/dist/components/lxcodeslot.html
10:15:49 [vitepress] page reload .vitepress/dist/components/lxconfirm.html
10:15:49 [vitepress] page reload .vitepress/dist/components/lxdatepicker.html
10:15:49 [vitepress] page reload .vitepress/dist/components/lxdescriptions.html
10:15:49 [vitepress] page reload .vitepress/dist/components/lxdialog.html
10:15:49 [vitepress] page reload .vitepress/dist/components/lxdrawer.html
10:15:49 [vitepress] page reload .vitepress/dist/components/lxdutycalendar.html
10:15:49 [vitepress] page reload .vitepress/dist/components/lxdynamicform.html
10:15:49 [vitepress] page reload .vitepress/dist/components/lxempty.html
10:15:49 [vitepress] page reload .vitepress/dist/components/lxform.html
10:15:49 [vitepress] page reload .vitepress/dist/components/lxformerrorbanner.html
10:15:49 [vitepress] page reload .vitepress/dist/components/lxgauge.html
10:15:49 [vitepress] page reload .vitepress/dist/components/lxicons.html
10:15:49 [vitepress] page reload .vitepress/dist/components/lxinput.html
10:15:49 [vitepress] page reload .vitepress/dist/components/lxinputnumber.html
10:15:49 [vitepress] page reload .vitepress/dist/components/lxmessage.html
10:15:49 [vitepress] page reload .vitepress/dist/components/lxmetriccard.html
10:15:49 [vitepress] page reload .vitepress/dist/components/lxnavbar.html
10:15:49 [vitepress] page reload .vitepress/dist/components/lxnodebadge.html
10:15:49 [vitepress] page reload .vitepress/dist/components/lxpagecard.html
10:15:49 [vitepress] page reload .vitepress/dist/components/lxpagination.html
10:15:49 [vitepress] page reload .vitepress/dist/components/lxpasswordinput.html
10:15:49 [vitepress] page reload .vitepress/dist/components/lxprotable.html
10:15:49 [vitepress] page reload .vitepress/dist/components/lxradio.html
10:15:49 [vitepress] page reload .vitepress/dist/components/lxsearchbar.html
10:15:49 [vitepress] page reload .vitepress/dist/components/lxsectiontitle.html
10:15:49 [vitepress] page reload .vitepress/dist/components/lxselect.html
10:15:49 [vitepress] page reload .vitepress/dist/components/lxselectpagination.html
10:15:49 [vitepress] page reload .vitepress/dist/components/lxselecttree.html
10:15:49 [vitepress] page reload .vitepress/dist/components/lxsidebar.html
10:15:49 [vitepress] page reload .vitepress/dist/components/lxsplitlayout.html
10:15:49 [vitepress] page reload .vitepress/dist/components/lxstatusdot.html
10:15:49 [vitepress] page reload .vitepress/dist/components/lxstatusswitch.html
10:15:49 [vitepress] page reload .vitepress/dist/components/lxswitch.html
10:15:49 [vitepress] page reload .vitepress/dist/components/lxtabsbar.html
10:15:49 [vitepress] page reload .vitepress/dist/components/lxtag.html
10:15:49 [vitepress] page reload .vitepress/dist/components/lxtextarea.html
10:15:49 [vitepress] page reload .vitepress/dist/components/lxtransferpanel.html
10:15:49 [vitepress] page reload .vitepress/dist/components/lxtreeselect.html
10:15:49 [vitepress] page reload .vitepress/dist/components/lxupload.html
10:15:49 [vitepress] page reload .vitepress/dist/components/lxvirtualtree.html
10:15:49 [vitepress] page reload .vitepress/dist/components/new-components.html
10:15:49 [vitepress] page reload .vitepress/dist/components/permissions.html
10:16:22 [vitepress] page reload .vitepress/dist/404.html
10:16:22 [vitepress] page reload .vitepress/dist/DELIVERY-CHECK.html
10:16:22 [vitepress] page reload .vitepress/dist/ROADMAP.html
10:16:22 [vitepress] page reload .vitepress/dist/components/element-bridge.html
10:16:22 [vitepress] page reload .vitepress/dist/components/lxactionbuttons.html
10:16:22 [vitepress] page reload .vitepress/dist/components/lxauthimg.html
10:16:22 [vitepress] page reload .vitepress/dist/components/lxbreadcrumb.html
10:16:22 [vitepress] page reload .vitepress/dist/index.html
10:16:22 [vitepress] page reload .vitepress/dist/components/lxbutton.html
10:16:23 [vitepress] page reload .vitepress/dist/components/lxcascader.html
10:16:23 [vitepress] page reload .vitepress/dist/components/lxcheckbox.html
10:16:23 [vitepress] page reload .vitepress/dist/components/lxcodeslot.html
10:16:23 [vitepress] page reload .vitepress/dist/components/lxconfirm.html
10:16:23 [vitepress] page reload .vitepress/dist/components/lxdatepicker.html
10:16:23 [vitepress] page reload .vitepress/dist/components/lxdescriptions.html
10:16:23 [vitepress] page reload .vitepress/dist/components/lxdialog.html
10:16:23 [vitepress] page reload .vitepress/dist/components/lxdrawer.html
10:16:23 [vitepress] page reload .vitepress/dist/components/lxdutycalendar.html
10:16:23 [vitepress] page reload .vitepress/dist/components/lxdynamicform.html
10:16:23 [vitepress] page reload .vitepress/dist/components/lxempty.html
10:16:23 [vitepress] page reload .vitepress/dist/components/lxform.html
10:16:23 [vitepress] page reload .vitepress/dist/components/lxformerrorbanner.html
10:16:23 [vitepress] page reload .vitepress/dist/components/lxgauge.html
10:16:23 [vitepress] page reload .vitepress/dist/components/lxicons.html
10:16:23 [vitepress] page reload .vitepress/dist/components/lxinput.html
10:16:23 [vitepress] page reload .vitepress/dist/components/lxinputnumber.html
10:16:24 [vitepress] page reload .vitepress/dist/components/lxmessage.html
10:16:24 [vitepress] page reload .vitepress/dist/components/lxmetriccard.html
10:16:24 [vitepress] page reload .vitepress/dist/components/lxnavbar.html
10:16:24 [vitepress] page reload .vitepress/dist/components/lxnodebadge.html
10:16:24 [vitepress] page reload .vitepress/dist/components/lxpagecard.html
10:16:24 [vitepress] page reload .vitepress/dist/components/lxpagination.html
10:16:24 [vitepress] page reload .vitepress/dist/components/lxpasswordinput.html
10:16:24 [vitepress] page reload .vitepress/dist/components/lxprotable.html
10:16:24 [vitepress] page reload .vitepress/dist/components/lxradio.html
10:16:24 [vitepress] page reload .vitepress/dist/components/lxsearchbar.html
10:16:24 [vitepress] page reload .vitepress/dist/components/lxsectiontitle.html
10:16:24 [vitepress] page reload .vitepress/dist/components/lxselect.html
10:16:24 [vitepress] page reload .vitepress/dist/components/lxselectpagination.html
10:16:25 [vitepress] page reload .vitepress/dist/components/lxselecttree.html
10:16:25 [vitepress] page reload .vitepress/dist/components/lxsidebar.html
10:16:25 [vitepress] page reload .vitepress/dist/components/lxsplitlayout.html
10:16:26 [vitepress] page reload .vitepress/dist/components/lxstatusdot.html
10:16:26 [vitepress] page reload .vitepress/dist/components/lxstatusswitch.html
10:16:26 [vitepress] page reload .vitepress/dist/components/lxswitch.html
10:16:26 [vitepress] page reload .vitepress/dist/components/lxtabsbar.html
10:16:26 [vitepress] page reload .vitepress/dist/components/lxtag.html
10:16:26 [vitepress] page reload .vitepress/dist/components/lxtextarea.html
10:16:26 [vitepress] page reload .vitepress/dist/components/lxtransferpanel.html
10:16:26 [vitepress] page reload .vitepress/dist/components/lxtreeselect.html
10:16:26 [vitepress] page reload .vitepress/dist/components/lxupload.html
10:16:26 [vitepress] page reload .vitepress/dist/components/lxvirtualtree.html
10:16:26 [vitepress] page reload .vitepress/dist/components/new-components.html
10:16:27 [vitepress] page reload .vitepress/dist/components/permissions.html
10:16:59 [vitepress] hmr update /@fs/F:/work/linkx-admin/linkx-fe/src/components/LxTransferPanel/demo/basic.vue?vue&type=style&index=0&scoped=cdb2a377&lang.css, /components/lxtransferpanel.md
10:23:01 [vitepress] page reload .vitepress/dist/404.html
10:23:01 [vitepress] page reload .vitepress/dist/components/element-bridge.html
10:23:01 [vitepress] page reload .vitepress/dist/components/lxactionbuttons.html
10:23:01 [vitepress] page reload .vitepress/dist/components/lxauthimg.html
10:23:01 [vitepress] page reload .vitepress/dist/components/lxbreadcrumb.html
10:23:01 [vitepress] page reload .vitepress/dist/components/lxbutton.html
10:23:01 [vitepress] page reload .vitepress/dist/components/lxcascader.html
10:23:01 [vitepress] page reload .vitepress/dist/components/lxcheckbox.html
10:23:01 [vitepress] page reload .vitepress/dist/components/lxcodeslot.html
10:23:01 [vitepress] page reload .vitepress/dist/components/lxconfirm.html
10:23:01 [vitepress] page reload .vitepress/dist/components/lxdatepicker.html
10:23:01 [vitepress] page reload .vitepress/dist/components/lxdescriptions.html
10:23:01 [vitepress] page reload .vitepress/dist/components/lxdialog.html
10:23:01 [vitepress] page reload .vitepress/dist/components/lxdrawer.html
10:23:01 [vitepress] page reload .vitepress/dist/components/lxdutycalendar.html
10:23:01 [vitepress] page reload .vitepress/dist/components/lxdynamicform.html
10:23:01 [vitepress] page reload .vitepress/dist/components/lxempty.html
10:23:01 [vitepress] page reload .vitepress/dist/components/lxform.html
10:23:01 [vitepress] page reload .vitepress/dist/components/lxformerrorbanner.html
10:23:01 [vitepress] page reload .vitepress/dist/components/lxgauge.html
10:23:01 [vitepress] page reload .vitepress/dist/components/lxicons.html
10:23:02 [vitepress] page reload .vitepress/dist/components/lxinput.html
10:23:02 [vitepress] page reload .vitepress/dist/components/lxinputnumber.html
10:23:02 [vitepress] page reload .vitepress/dist/components/lxmessage.html
10:23:02 [vitepress] page reload .vitepress/dist/components/lxmetriccard.html
10:23:02 [vitepress] page reload .vitepress/dist/components/lxnavbar.html
10:23:02 [vitepress] page reload .vitepress/dist/components/lxnodebadge.html
10:23:02 [vitepress] page reload .vitepress/dist/components/lxpagecard.html
10:23:02 [vitepress] page reload .vitepress/dist/components/lxpagination.html
10:23:02 [vitepress] page reload .vitepress/dist/components/lxpasswordinput.html
10:23:02 [vitepress] page reload .vitepress/dist/components/lxprotable.html
10:23:02 [vitepress] page reload .vitepress/dist/components/lxradio.html
10:23:02 [vitepress] page reload .vitepress/dist/components/lxsearchbar.html
10:23:02 [vitepress] page reload .vitepress/dist/components/lxsectiontitle.html
10:23:02 [vitepress] page reload .vitepress/dist/components/lxselect.html
10:23:02 [vitepress] page reload .vitepress/dist/components/lxselectpagination.html
10:23:02 [vitepress] page reload .vitepress/dist/components/lxselecttree.html
10:23:02 [vitepress] page reload .vitepress/dist/components/lxsidebar.html
10:23:02 [vitepress] page reload .vitepress/dist/components/lxsplitlayout.html
10:23:02 [vitepress] page reload .vitepress/dist/components/lxstatusdot.html
10:23:02 [vitepress] page reload .vitepress/dist/components/lxstatusswitch.html
10:23:02 [vitepress] page reload .vitepress/dist/components/lxswitch.html
10:23:02 [vitepress] page reload .vitepress/dist/components/lxtabsbar.html
10:23:02 [vitepress] page reload .vitepress/dist/components/lxtag.html
10:23:02 [vitepress] page reload .vitepress/dist/components/lxtextarea.html
10:23:02 [vitepress] page reload .vitepress/dist/components/lxtransferpanel.html
10:23:02 [vitepress] page reload .vitepress/dist/components/lxtreeselect.html
10:23:02 [vitepress] page reload .vitepress/dist/components/lxupload.html
10:23:02 [vitepress] page reload .vitepress/dist/components/lxvirtualtree.html
10:23:02 [vitepress] page reload .vitepress/dist/components/new-components.html
10:23:02 [vitepress] page reload .vitepress/dist/components/permissions.html
10:23:02 [vitepress] page reload .vitepress/dist/DELIVERY-CHECK.html
10:23:02 [vitepress] page reload .vitepress/dist/ROADMAP.html
10:23:02 [vitepress] page reload .vitepress/dist/index.html
10:23:55 [vitepress] page reload .vitepress/dist/404.html
10:23:55 [vitepress] page reload .vitepress/dist/DELIVERY-CHECK.html
10:23:55 [vitepress] page reload .vitepress/dist/404.html
10:23:55 [vitepress] page reload .vitepress/dist/DELIVERY-CHECK.html
10:23:55 [vitepress] page reload .vitepress/dist/ROADMAP.html
10:23:56 [vitepress] page reload .vitepress/dist/index.html
10:23:56 [vitepress] page reload .vitepress/dist/components/element-bridge.html
10:23:56 [vitepress] page reload .vitepress/dist/components/lxactionbuttons.html
10:23:56 [vitepress] page reload .vitepress/dist/components/lxauthimg.html
10:23:56 [vitepress] page reload .vitepress/dist/components/lxbreadcrumb.html
10:23:56 [vitepress] page reload .vitepress/dist/components/lxbutton.html
10:23:56 [vitepress] page reload .vitepress/dist/components/lxcascader.html
10:23:56 [vitepress] page reload .vitepress/dist/components/lxcheckbox.html
10:23:56 [vitepress] page reload .vitepress/dist/components/lxcodeslot.html
10:23:56 [vitepress] page reload .vitepress/dist/components/lxconfirm.html
10:23:57 [vitepress] page reload .vitepress/dist/components/lxdatepicker.html
10:23:57 [vitepress] page reload .vitepress/dist/components/lxdescriptions.html
10:23:57 [vitepress] page reload .vitepress/dist/components/lxdialog.html
10:23:57 [vitepress] page reload .vitepress/dist/components/lxdrawer.html
10:23:57 [vitepress] page reload .vitepress/dist/components/lxdutycalendar.html
10:23:57 [vitepress] page reload .vitepress/dist/components/lxdynamicform.html
10:23:57 [vitepress] page reload .vitepress/dist/components/lxempty.html
10:23:57 [vitepress] page reload .vitepress/dist/components/lxform.html
10:23:57 [vitepress] page reload .vitepress/dist/components/lxformerrorbanner.html
10:23:57 [vitepress] page reload .vitepress/dist/components/lxgauge.html
10:23:57 [vitepress] page reload .vitepress/dist/components/lxicons.html
10:23:57 [vitepress] page reload .vitepress/dist/components/lxinput.html
10:23:57 [vitepress] page reload .vitepress/dist/components/lxinputnumber.html
10:23:57 [vitepress] page reload .vitepress/dist/components/lxmessage.html
10:23:57 [vitepress] page reload .vitepress/dist/components/lxmetriccard.html
10:23:57 [vitepress] page reload .vitepress/dist/components/lxnavbar.html
10:23:57 [vitepress] page reload .vitepress/dist/components/lxnodebadge.html
10:23:58 [vitepress] page reload .vitepress/dist/components/lxpagecard.html
10:23:58 [vitepress] page reload .vitepress/dist/components/lxpagination.html
10:23:58 [vitepress] page reload .vitepress/dist/components/lxpasswordinput.html
10:23:58 [vitepress] page reload .vitepress/dist/components/lxprotable.html
10:23:58 [vitepress] page reload .vitepress/dist/components/lxradio.html
10:23:58 [vitepress] page reload .vitepress/dist/components/lxsearchbar.html
10:23:58 [vitepress] page reload .vitepress/dist/components/lxsectiontitle.html
10:23:58 [vitepress] page reload .vitepress/dist/components/lxselect.html
10:23:58 [vitepress] page reload .vitepress/dist/components/lxselectpagination.html
10:23:58 [vitepress] page reload .vitepress/dist/components/lxselecttree.html
10:23:58 [vitepress] page reload .vitepress/dist/components/lxsidebar.html
10:23:58 [vitepress] page reload .vitepress/dist/components/lxsplitlayout.html
10:23:58 [vitepress] page reload .vitepress/dist/components/lxstatusdot.html
10:23:58 [vitepress] page reload .vitepress/dist/components/lxstatusswitch.html
10:23:59 [vitepress] page reload .vitepress/dist/components/lxswitch.html
10:23:59 [vitepress] page reload .vitepress/dist/components/lxtabsbar.html
10:23:59 [vitepress] page reload .vitepress/dist/components/lxtag.html
10:23:59 [vitepress] page reload .vitepress/dist/components/lxtextarea.html
10:23:59 [vitepress] page reload .vitepress/dist/components/lxtransferpanel.html
10:23:59 [vitepress] page reload .vitepress/dist/components/lxtreeselect.html
10:23:59 [vitepress] page reload .vitepress/dist/components/lxupload.html
10:23:59 [vitepress] page reload .vitepress/dist/components/lxvirtualtree.html
10:23:59 [vitepress] page reload .vitepress/dist/components/new-components.html
10:23:59 [vitepress] page reload .vitepress/dist/components/permissions.html
11:03:37 [vitepress] docs\.vitepress\config.ts changed, restarting server...

11:03:37 [vitepress] hmr update /@fs/F:/work/linkx-admin/linkx-fe/src/components/LxVirtualTree/index.vue

  vitepress v1.6.4

  ➜  Local:   http://127.0.0.1:4174/
  ➜  press h to show help
11:03:53 [vitepress] docs\.vitepress\config.ts changed, restarting server...


  vitepress v1.6.4

  ➜  Local:   http://127.0.0.1:4174/
  ➜  press h to show help
11:08:36 [vitepress] page reload .vitepress/dist/404.html
11:08:36 [vitepress] page reload .vitepress/dist/components/element-bridge.html
11:08:36 [vitepress] page reload .vitepress/dist/components/lxactionbuttons.html
11:08:36 [vitepress] page reload .vitepress/dist/components/lxauthimg.html
11:08:36 [vitepress] page reload .vitepress/dist/components/lxbreadcrumb.html
11:08:36 [vitepress] page reload .vitepress/dist/components/lxbutton.html
11:08:36 [vitepress] page reload .vitepress/dist/components/lxcascader.html
11:08:36 [vitepress] page reload .vitepress/dist/components/lxcheckbox.html
11:08:36 [vitepress] page reload .vitepress/dist/components/lxcodeslot.html
11:08:36 [vitepress] page reload .vitepress/dist/components/lxconfirm.html
11:08:36 [vitepress] page reload .vitepress/dist/components/lxdatepicker.html
11:08:36 [vitepress] page reload .vitepress/dist/components/lxdescriptions.html
11:08:36 [vitepress] page reload .vitepress/dist/components/lxdialog.html
11:08:36 [vitepress] page reload .vitepress/dist/components/lxdrawer.html
11:08:36 [vitepress] page reload .vitepress/dist/components/lxdutycalendar.html
11:08:36 [vitepress] page reload .vitepress/dist/components/lxdynamicform.html
11:08:36 [vitepress] page reload .vitepress/dist/components/lxempty.html
11:08:36 [vitepress] page reload .vitepress/dist/components/lxform.html
11:08:36 [vitepress] page reload .vitepress/dist/components/lxformerrorbanner.html
11:08:36 [vitepress] page reload .vitepress/dist/components/lxgauge.html
11:08:36 [vitepress] page reload .vitepress/dist/components/lxicons.html
11:08:36 [vitepress] page reload .vitepress/dist/components/lxinput.html
11:08:36 [vitepress] page reload .vitepress/dist/components/lxinputnumber.html
11:08:36 [vitepress] page reload .vitepress/dist/components/lxmessage.html
11:08:36 [vitepress] page reload .vitepress/dist/components/lxmetriccard.html
11:08:36 [vitepress] page reload .vitepress/dist/components/lxnavbar.html
11:08:36 [vitepress] page reload .vitepress/dist/components/lxnodebadge.html
11:08:36 [vitepress] page reload .vitepress/dist/components/lxpagecard.html
11:08:36 [vitepress] page reload .vitepress/dist/components/lxpagination.html
11:08:36 [vitepress] page reload .vitepress/dist/components/lxpasswordinput.html
11:08:36 [vitepress] page reload .vitepress/dist/components/lxprotable.html
11:08:36 [vitepress] page reload .vitepress/dist/components/lxradio.html
11:08:36 [vitepress] page reload .vitepress/dist/components/lxsearchbar.html
11:08:36 [vitepress] page reload .vitepress/dist/components/lxsectiontitle.html
11:08:36 [vitepress] page reload .vitepress/dist/components/lxselect.html
11:08:36 [vitepress] page reload .vitepress/dist/components/lxselectpagination.html
11:08:36 [vitepress] page reload .vitepress/dist/components/lxselecttree.html
11:08:36 [vitepress] page reload .vitepress/dist/components/lxsidebar.html
11:08:36 [vitepress] page reload .vitepress/dist/components/lxsplitlayout.html
11:08:36 [vitepress] page reload .vitepress/dist/components/lxstatusdot.html
11:08:36 [vitepress] page reload .vitepress/dist/components/lxstatusswitch.html
11:08:36 [vitepress] page reload .vitepress/dist/components/lxswitch.html
11:08:36 [vitepress] page reload .vitepress/dist/components/lxtabsbar.html
11:08:36 [vitepress] page reload .vitepress/dist/components/lxtag.html
11:08:36 [vitepress] page reload .vitepress/dist/components/lxtextarea.html
11:08:36 [vitepress] page reload .vitepress/dist/components/lxtransferpanel.html
11:08:36 [vitepress] page reload .vitepress/dist/components/lxtreeselect.html
11:08:36 [vitepress] page reload .vitepress/dist/components/lxupload.html
11:08:36 [vitepress] page reload .vitepress/dist/components/lxvirtualtree.html
11:08:36 [vitepress] page reload .vitepress/dist/components/new-components.html
11:08:36 [vitepress] page reload .vitepress/dist/components/permissions.html
11:08:36 [vitepress] page reload .vitepress/dist/DELIVERY-CHECK.html
11:08:36 [vitepress] page reload .vitepress/dist/index.html
11:08:36 [vitepress] page reload .vitepress/dist/ROADMAP.html
11:08:57 [vitepress] page reload .vitepress/dist/404.html
11:08:57 [vitepress] page reload .vitepress/dist/DELIVERY-CHECK.html
11:08:57 [vitepress] page reload .vitepress/dist/index.html
11:08:58 [vitepress] page reload .vitepress/dist/ROADMAP.html
11:08:58 [vitepress] page reload .vitepress/dist/components/element-bridge.html
11:08:58 [vitepress] page reload .vitepress/dist/components/lxactionbuttons.html
11:08:58 [vitepress] page reload .vitepress/dist/components/lxauthimg.html
11:08:58 [vitepress] page reload .vitepress/dist/components/lxbreadcrumb.html
11:08:58 [vitepress] page reload .vitepress/dist/components/lxbutton.html
11:08:58 [vitepress] page reload .vitepress/dist/components/lxcascader.html
11:08:58 [vitepress] page reload .vitepress/dist/components/lxcheckbox.html
11:08:58 [vitepress] page reload .vitepress/dist/components/lxcodeslot.html
11:08:58 [vitepress] page reload .vitepress/dist/components/lxconfirm.html
11:08:58 [vitepress] page reload .vitepress/dist/components/lxdescriptions.html
11:08:58 [vitepress] page reload .vitepress/dist/components/lxdatepicker.html
11:08:58 [vitepress] page reload .vitepress/dist/components/lxdialog.html
11:08:58 [vitepress] page reload .vitepress/dist/components/lxdrawer.html
11:08:58 [vitepress] page reload .vitepress/dist/components/lxdutycalendar.html
11:08:58 [vitepress] page reload .vitepress/dist/components/lxdynamicform.html
11:08:58 [vitepress] page reload .vitepress/dist/components/lxempty.html
11:08:58 [vitepress] page reload .vitepress/dist/components/lxform.html
11:08:58 [vitepress] page reload .vitepress/dist/components/lxformerrorbanner.html
11:08:58 [vitepress] page reload .vitepress/dist/components/lxgauge.html
11:08:58 [vitepress] page reload .vitepress/dist/components/lxicons.html
11:08:59 [vitepress] page reload .vitepress/dist/components/lxinput.html
11:08:59 [vitepress] page reload .vitepress/dist/components/lxinputnumber.html
11:08:59 [vitepress] page reload .vitepress/dist/components/lxmessage.html
11:08:59 [vitepress] page reload .vitepress/dist/components/lxmetriccard.html
11:08:59 [vitepress] page reload .vitepress/dist/components/lxnavbar.html
11:08:59 [vitepress] page reload .vitepress/dist/components/lxnodebadge.html
11:08:59 [vitepress] page reload .vitepress/dist/components/lxpagecard.html
11:08:59 [vitepress] page reload .vitepress/dist/components/lxpagination.html
11:08:59 [vitepress] page reload .vitepress/dist/components/lxpasswordinput.html
11:08:59 [vitepress] page reload .vitepress/dist/components/lxprotable.html
11:08:59 [vitepress] page reload .vitepress/dist/components/lxradio.html
11:08:59 [vitepress] page reload .vitepress/dist/components/lxsearchbar.html
11:08:59 [vitepress] page reload .vitepress/dist/components/lxsectiontitle.html
11:08:59 [vitepress] page reload .vitepress/dist/components/lxselect.html
11:08:59 [vitepress] page reload .vitepress/dist/components/lxselectpagination.html
11:08:59 [vitepress] page reload .vitepress/dist/components/lxselecttree.html
11:08:59 [vitepress] page reload .vitepress/dist/components/lxsidebar.html
11:08:59 [vitepress] page reload .vitepress/dist/components/lxsplitlayout.html
11:08:59 [vitepress] page reload .vitepress/dist/components/lxstatusdot.html
11:08:59 [vitepress] page reload .vitepress/dist/components/lxstatusswitch.html
11:08:59 [vitepress] page reload .vitepress/dist/components/lxswitch.html
11:08:59 [vitepress] page reload .vitepress/dist/components/lxtabsbar.html
11:08:59 [vitepress] page reload .vitepress/dist/components/lxtag.html
11:09:00 [vitepress] page reload .vitepress/dist/components/lxtextarea.html
11:09:00 [vitepress] page reload .vitepress/dist/components/lxtransferpanel.html
11:09:00 [vitepress] page reload .vitepress/dist/components/lxtreeselect.html
11:09:00 [vitepress] page reload .vitepress/dist/components/lxupload.html
11:09:00 [vitepress] page reload .vitepress/dist/components/lxvirtualtree.html
11:09:00 [vitepress] page reload .vitepress/dist/components/new-components.html
11:09:00 [vitepress] page reload .vitepress/dist/components/permissions.html
11:23:17 [vitepress] page reload .vitepress/dist/404.html
11:23:17 [vitepress] page reload .vitepress/dist/components/lxactionbuttons.html
11:23:17 [vitepress] page reload .vitepress/dist/components/lxauthimg.html
11:23:17 [vitepress] page reload .vitepress/dist/components/element-bridge.html
11:23:17 [vitepress] page reload .vitepress/dist/components/lxbreadcrumb.html
11:23:17 [vitepress] page reload .vitepress/dist/components/lxcascader.html
11:23:17 [vitepress] page reload .vitepress/dist/components/lxbutton.html
11:23:17 [vitepress] page reload .vitepress/dist/components/lxcheckbox.html
11:23:17 [vitepress] page reload .vitepress/dist/components/lxdatepicker.html
11:23:17 [vitepress] page reload .vitepress/dist/components/lxcodeslot.html
11:23:17 [vitepress] page reload .vitepress/dist/components/lxconfirm.html
11:23:17 [vitepress] page reload .vitepress/dist/components/lxdrawer.html
11:23:17 [vitepress] page reload .vitepress/dist/components/lxdialog.html
11:23:17 [vitepress] page reload .vitepress/dist/components/lxdescriptions.html
11:23:17 [vitepress] page reload .vitepress/dist/components/lxdynamicform.html
11:23:17 [vitepress] page reload .vitepress/dist/components/lxdutycalendar.html
11:23:17 [vitepress] page reload .vitepress/dist/components/lxform.html
11:23:17 [vitepress] page reload .vitepress/dist/components/lxempty.html
11:23:17 [vitepress] page reload .vitepress/dist/components/lxgauge.html
11:23:17 [vitepress] page reload .vitepress/dist/components/lxformerrorbanner.html
11:23:17 [vitepress] page reload .vitepress/dist/components/lxicons.html
11:23:17 [vitepress] page reload .vitepress/dist/components/lxinput.html
11:23:17 [vitepress] page reload .vitepress/dist/components/lxinputnumber.html
11:23:17 [vitepress] page reload .vitepress/dist/components/lxmessage.html
11:23:17 [vitepress] page reload .vitepress/dist/components/lxmetriccard.html
11:23:17 [vitepress] page reload .vitepress/dist/components/lxnavbar.html
11:23:17 [vitepress] page reload .vitepress/dist/components/lxnodebadge.html
11:23:17 [vitepress] page reload .vitepress/dist/components/lxpagecard.html
11:23:17 [vitepress] page reload .vitepress/dist/components/lxpagination.html
11:23:17 [vitepress] page reload .vitepress/dist/components/lxpasswordinput.html
11:23:17 [vitepress] page reload .vitepress/dist/components/lxprotable.html
11:23:17 [vitepress] page reload .vitepress/dist/components/lxradio.html
11:23:17 [vitepress] page reload .vitepress/dist/components/lxsearchbar.html
11:23:17 [vitepress] page reload .vitepress/dist/components/lxsectiontitle.html
11:23:17 [vitepress] page reload .vitepress/dist/components/lxselect.html
11:23:17 [vitepress] page reload .vitepress/dist/components/lxselectpagination.html
11:23:17 [vitepress] page reload .vitepress/dist/components/lxselecttree.html
11:23:17 [vitepress] page reload .vitepress/dist/components/lxsidebar.html
11:23:17 [vitepress] page reload .vitepress/dist/components/lxsplitlayout.html
11:23:17 [vitepress] page reload .vitepress/dist/components/lxstatusdot.html
11:23:17 [vitepress] page reload .vitepress/dist/components/lxstatusswitch.html
11:23:17 [vitepress] page reload .vitepress/dist/components/lxswitch.html
11:23:17 [vitepress] page reload .vitepress/dist/components/lxtabsbar.html
11:23:17 [vitepress] page reload .vitepress/dist/components/lxtag.html
11:23:17 [vitepress] page reload .vitepress/dist/components/lxtextarea.html
11:23:17 [vitepress] page reload .vitepress/dist/components/lxtransferpanel.html
11:23:17 [vitepress] page reload .vitepress/dist/components/lxtreeselect.html
11:23:17 [vitepress] page reload .vitepress/dist/components/lxupload.html
11:23:17 [vitepress] page reload .vitepress/dist/components/lxvirtualtree.html
11:23:17 [vitepress] page reload .vitepress/dist/components/new-components.html
11:23:17 [vitepress] page reload .vitepress/dist/components/permissions.html
11:23:17 [vitepress] page reload .vitepress/dist/DELIVERY-CHECK.html
11:23:17 [vitepress] page reload .vitepress/dist/index.html
11:23:17 [vitepress] page reload .vitepress/dist/ROADMAP.html
11:23:42 [vitepress] page reload .vitepress/dist/404.html
11:23:42 [vitepress] page reload .vitepress/dist/DELIVERY-CHECK.html
11:23:42 [vitepress] page reload .vitepress/dist/index.html
11:23:42 [vitepress] page reload .vitepress/dist/ROADMAP.html
11:23:42 [vitepress] page reload .vitepress/dist/components/element-bridge.html
11:23:42 [vitepress] page reload .vitepress/dist/components/lxactionbuttons.html
11:23:43 [vitepress] page reload .vitepress/dist/components/lxauthimg.html
11:23:43 [vitepress] page reload .vitepress/dist/components/lxbreadcrumb.html
11:23:43 [vitepress] page reload .vitepress/dist/components/lxbutton.html
11:23:43 [vitepress] page reload .vitepress/dist/components/lxcascader.html
11:23:43 [vitepress] page reload .vitepress/dist/components/lxcheckbox.html
11:23:43 [vitepress] page reload .vitepress/dist/components/lxcodeslot.html
11:23:43 [vitepress] page reload .vitepress/dist/components/lxconfirm.html
11:23:43 [vitepress] page reload .vitepress/dist/components/lxdatepicker.html
11:23:43 [vitepress] page reload .vitepress/dist/components/lxdescriptions.html
11:23:43 [vitepress] page reload .vitepress/dist/components/lxdialog.html
11:23:43 [vitepress] page reload .vitepress/dist/components/lxdrawer.html
11:23:43 [vitepress] page reload .vitepress/dist/components/lxdutycalendar.html
11:23:43 [vitepress] page reload .vitepress/dist/components/lxdynamicform.html
11:23:43 [vitepress] page reload .vitepress/dist/components/lxempty.html
11:23:43 [vitepress] page reload .vitepress/dist/components/lxform.html
11:23:43 [vitepress] page reload .vitepress/dist/components/lxformerrorbanner.html
11:23:43 [vitepress] page reload .vitepress/dist/components/lxgauge.html
11:23:43 [vitepress] page reload .vitepress/dist/components/lxicons.html
11:23:43 [vitepress] page reload .vitepress/dist/components/lxinput.html
11:23:43 [vitepress] page reload .vitepress/dist/components/lxinputnumber.html
11:23:43 [vitepress] page reload .vitepress/dist/components/lxmessage.html
11:23:43 [vitepress] page reload .vitepress/dist/components/lxmetriccard.html
11:23:43 [vitepress] page reload .vitepress/dist/components/lxnavbar.html
11:23:43 [vitepress] page reload .vitepress/dist/components/lxnodebadge.html
11:23:43 [vitepress] page reload .vitepress/dist/components/lxpagecard.html
11:23:43 [vitepress] page reload .vitepress/dist/components/lxpagination.html
11:23:43 [vitepress] page reload .vitepress/dist/components/lxpasswordinput.html
11:23:44 [vitepress] page reload .vitepress/dist/components/lxprotable.html
11:23:44 [vitepress] page reload .vitepress/dist/components/lxradio.html
11:23:44 [vitepress] page reload .vitepress/dist/components/lxsearchbar.html
11:23:44 [vitepress] page reload .vitepress/dist/components/lxsectiontitle.html
11:23:44 [vitepress] page reload .vitepress/dist/components/lxselect.html
11:23:44 [vitepress] page reload .vitepress/dist/components/lxselectpagination.html
11:23:44 [vitepress] page reload .vitepress/dist/components/lxselecttree.html
11:23:44 [vitepress] page reload .vitepress/dist/components/lxsidebar.html
11:23:44 [vitepress] page reload .vitepress/dist/components/lxsplitlayout.html
11:23:44 [vitepress] page reload .vitepress/dist/components/lxstatusdot.html
11:23:44 [vitepress] page reload .vitepress/dist/components/lxstatusswitch.html
11:23:44 [vitepress] page reload .vitepress/dist/components/lxswitch.html
11:23:44 [vitepress] page reload .vitepress/dist/components/lxtabsbar.html
11:23:44 [vitepress] page reload .vitepress/dist/components/lxtag.html
11:23:44 [vitepress] page reload .vitepress/dist/components/lxtextarea.html
11:23:44 [vitepress] page reload .vitepress/dist/components/lxtransferpanel.html
11:23:44 [vitepress] page reload .vitepress/dist/components/lxtreeselect.html
11:23:44 [vitepress] page reload .vitepress/dist/components/lxupload.html
11:23:44 [vitepress] page reload .vitepress/dist/components/lxvirtualtree.html
11:23:44 [vitepress] page reload .vitepress/dist/components/new-components.html
11:23:44 [vitepress] page reload .vitepress/dist/components/permissions.html
11:42:00 [vitepress] hmr update /@fs/F:/work/linkx-admin/linkx-fe/src/components/LxTransferPanel/index.vue
11:42:24 [vitepress] hmr update /@fs/F:/work/linkx-admin/linkx-fe/src/components/LxTransferPanel/index.vue?vue&type=style&index=0&scoped=0023458e&lang.css
11:42:50 [vitepress] hmr update /@fs/F:/work/linkx-admin/linkx-fe/src/components/LxTransferPanel/demo/basic.vue, /@fs/F:/work/linkx-admin/linkx-fe/src/components/LxTransferPanel/demo/basic.vue?vue&type=style&index=0&scoped=cdb2a377&lang.css, /components/lxtransferpanel.md
11:43:25 [vitepress] hmr update /components/lxvirtualtree.md
11:43:25 [vitepress] hmr update /@fs/F:/work/linkx-admin/linkx-fe/src/components/LxVirtualTree/demo/basic.vue?vue&type=style&index=0&scoped=68f0cede&lang.css, /@fs/F:/work/linkx-admin/linkx-fe/src/components/LxVirtualTree/demo/basic.vue, /components/lxvirtualtree.md
11:43:25 [vitepress] hmr update /@fs/F:/work/linkx-admin/linkx-fe/src/components/LxVirtualTree/index.vue, /@fs/F:/work/linkx-admin/linkx-fe/src/components/LxVirtualTree/index.vue?vue&type=style&index=0&scoped=f979dc39&lang.css
11:43:44 [vitepress] hmr update /@fs/F:/work/linkx-admin/linkx-fe/src/components/LxVirtualTree/index.vue
11:43:44 [vitepress] hmr update /@fs/F:/work/linkx-admin/linkx-fe/src/components/LxVirtualTree/demo/basic.vue, /components/lxvirtualtree.md
11:43:45 [vitepress] hmr update /components/lxvirtualtree.md
11:44:25 [vitepress] hmr update /components/lxtransferpanel.md
11:45:34 [vitepress] hmr update /@fs/F:/work/linkx-admin/linkx-fe/src/components/LxTransferPanel/index.vue, /@fs/F:/work/linkx-admin/linkx-fe/src/components/LxTransferPanel/index.vue?vue&type=style&index=0&scoped=0023458e&lang.css
11:45:34 [vitepress] hmr update /@fs/F:/work/linkx-admin/linkx-fe/src/components/LxTransferPanel/demo/basic.vue, /@fs/F:/work/linkx-admin/linkx-fe/src/components/LxTransferPanel/demo/basic.vue?vue&type=style&index=0&scoped=cdb2a377&lang.css, /components/lxtransferpanel.md
11:46:14 [vitepress] page reload .vitepress/dist/404.html
[ELIFECYCLE] Command failed with exit code 1.
