
  VITE v5.4.21  ready in 5433 ms

  ➜  Local:   http://127.0.0.1:30847/
  ➜  press h + enter to show help
11:44:04 [vite] page reload test-results-base-20261001/.playwright-artifacts-0/traces/resources/ad493a14d8090b9bc6dc28e9ae1ef4de0dad4c0e.html
11:44:04 [vite] page reload test-results-base-20261001/.playwright-artifacts-0/traces/resources/ad493a14d8090b9bc6dc28e9ae1ef4de0dad4c0e.html
11:44:38 [vite] page reload test-results-base-20261001/.playwright-artifacts-0/traces/resources/ad493a14d8090b9bc6dc28e9ae1ef4de0dad4c0e.html
11:44:39 [vite] page reload test-results-base-20261001/.playwright-artifacts-1/traces/resources/ad493a14d8090b9bc6dc28e9ae1ef4de0dad4c0e.html
11:45:17 [vite] page reload test-results-base-20261001/.playwright-artifacts-1/traces/resources/ad493a14d8090b9bc6dc28e9ae1ef4de0dad4c0e.html
11:45:18 [vite] page reload test-results-base-20261001/.playwright-artifacts-2/traces/resources/ad493a14d8090b9bc6dc28e9ae1ef4de0dad4c0e.html
11:45:54 [vite] page reload test-results-base-20261001/.playwright-artifacts-2/traces/resources/ad493a14d8090b9bc6dc28e9ae1ef4de0dad4c0e.html
11:45:55 [vite] page reload playwright-report/index.html
00:18:20 [vite] page reload test-results-base-20261002/.playwright-artifacts-0/traces/resources/ad493a14d8090b9bc6dc28e9ae1ef4de0dad4c0e.html
00:18:58 [vite] page reload test-results-base-20261002/.playwright-artifacts-0/traces/resources/ad493a14d8090b9bc6dc28e9ae1ef4de0dad4c0e.html
00:19:00 [vite] page reload test-results-base-20261002/.playwright-artifacts-1/traces/resources/ad493a14d8090b9bc6dc28e9ae1ef4de0dad4c0e.html
00:19:38 [vite] page reload test-results-base-20261002/.playwright-artifacts-1/traces/resources/ad493a14d8090b9bc6dc28e9ae1ef4de0dad4c0e.html
00:19:40 [vite] page reload test-results-base-20261002/.playwright-artifacts-2/traces/resources/ad493a14d8090b9bc6dc28e9ae1ef4de0dad4c0e.html
00:20:17 [vite] page reload test-results-base-20261002/.playwright-artifacts-2/traces/resources/ad493a14d8090b9bc6dc28e9ae1ef4de0dad4c0e.html
00:20:17 [vite] page reload playwright-report/index.html
00:27:29 [vite] page reload test-results-base-20261002b/.playwright-artifacts-0/traces/resources/ad493a14d8090b9bc6dc28e9ae1ef4de0dad4c0e.html
00:27:34 [vite] page reload test-results-base-20261002b/.playwright-artifacts-0/traces/resources/ad493a14d8090b9bc6dc28e9ae1ef4de0dad4c0e.html
00:28:14 [vite] page reload test-results-base-20261002b/.playwright-artifacts-0/traces/resources/ad493a14d8090b9bc6dc28e9ae1ef4de0dad4c0e.html
00:28:16 [vite] page reload test-results-base-20261002b/.playwright-artifacts-1/traces/resources/ad493a14d8090b9bc6dc28e9ae1ef4de0dad4c0e.html
00:28:53 [vite] page reload test-results-base-20261002b/.playwright-artifacts-1/traces/resources/ad493a14d8090b9bc6dc28e9ae1ef4de0dad4c0e.html
00:28:53 [vite] page reload playwright-report/index.html
00:39:36 [vite] page reload test-results-base-20261002c/.playwright-artifacts-0/traces/resources/ad493a14d8090b9bc6dc28e9ae1ef4de0dad4c0e.html
