
  VITE v5.4.21  ready in 4950 ms

  ➜  Local:   http://127.0.0.1:30847/
  ➜  press h + enter to show help
13:23:24 [vite] hmr update /@fs/F:/work/linkx-admin/linkx-fe/src/components/LxDialog/index.vue, /@fs/F:/work/linkx-admin/linkx-fe/src/components/LxDialog/index.vue?vue&type=style&index=0&scoped=38bf8522&lang.css
13:23:25 [vite] hmr update /@fs/F:/work/linkx-admin/linkx-fe/src/components/LxDrawer/index.vue, /@fs/F:/work/linkx-admin/linkx-fe/src/components/LxDrawer/index.vue?vue&type=style&index=0&scoped=4c2e998a&lang.css
13:23:26 [vite] hmr update /@fs/F:/work/linkx-admin/linkx-fe/src/components/LxEmpty/index.vue
13:27:27 [vite] hmr update /@fs/F:/work/linkx-admin/linkx-fe/src/components/LxEmpty/index.vue, /@fs/F:/work/linkx-admin/linkx-fe/src/components/LxEmpty/index.vue?vue&type=style&index=0&scoped=c1b64eef&lang.css
13:27:27 [vite] hmr update /@fs/F:/work/linkx-admin/linkx-fe/src/components/LxFormErrorBanner/index.vue, /@fs/F:/work/linkx-admin/linkx-fe/src/components/LxFormErrorBanner/index.vue?vue&type=style&index=0&scoped=7ce3d358&lang.css
13:27:27 [vite] hmr update /@fs/F:/work/linkx-admin/linkx-fe/src/components/LxPageCard/index.vue, /@fs/F:/work/linkx-admin/linkx-fe/src/components/LxPageCard/index.vue?vue&type=style&index=0&scoped=3e841a28&lang.css
13:28:51 [vite] hmr update /@fs/F:/work/linkx-admin/linkx-fe/src/components/LxDrawer/index.vue, /@fs/F:/work/linkx-admin/linkx-fe/src/components/LxDrawer/index.vue?vue&type=style&index=0&scoped=4c2e998a&lang.css
13:28:51 [vite] hmr update /@fs/F:/work/linkx-admin/linkx-fe/src/components/LxPageCard/index.vue
13:29:40 [vite] hmr update /@fs/F:/work/linkx-admin/linkx-fe/src/components/LxDrawer/index.vue?vue&type=style&index=0&scoped=4c2e998a&lang.css
13:42:43 [vite] hmr update /@fs/F:/work/linkx-admin/linkx-fe/src/components/LxDialog/index.vue?vue&type=style&index=0&scoped=38bf8522&lang.css
13:42:44 [vite] hmr update /@fs/F:/work/linkx-admin/linkx-fe/src/components/LxDrawer/index.vue?vue&type=style&index=0&scoped=4c2e998a&lang.css
13:47:10 [vite] hmr update /@fs/F:/work/linkx-admin/linkx-fe/src/components/LxDrawer/index.vue
13:54:45 [vite] hmr update /@fs/F:/work/linkx-admin/linkx-fe/src/components/LxStatusSwitch/index.vue
13:55:25 [vite] hmr update /@fs/F:/work/linkx-admin/linkx-fe/src/components/LxSearchBar/index.vue
14:05:29 [vite] hmr update /@fs/F:/work/linkx-admin/linkx-fe/src/components/LxForm/index.vue
14:19:32 [vite] hmr update /@fs/F:/work/linkx-admin/linkx-fe/src/components/LxForm/index.vue
14:21:56 [vite] hmr update /@fs/F:/work/linkx-admin/linkx-fe/src/components/LxForm/index.vue
14:23:23 [vite] hmr update /@fs/F:/work/linkx-admin/linkx-fe/src/components/LxForm/index.vue
14:43:23 [vite] hmr update /@fs/F:/work/linkx-admin/linkx-fe/src/components/LxForm/index.vue
14:56:42 [vite] hmr update /@fs/F:/work/linkx-admin/linkx-fe/src/components/LxSidebar/LxGauge.vue?vue&type=style&index=0&scoped=57c64e2a&lang.css
15:22:54 [vite] hmr update /@fs/F:/work/linkx-admin/linkx-fe/src/components/LxDrawer/index.vue
15:27:05 [vite] hmr update /@fs/F:/work/linkx-admin/linkx-fe/src/components/LxDialog/index.vue?vue&type=style&index=0&scoped=38bf8522&lang.css
15:27:05 [vite] hmr update /@fs/F:/work/linkx-admin/linkx-fe/src/components/LxDrawer/index.vue?vue&type=style&index=0&scoped=4c2e998a&lang.css
[ELIFECYCLE] Command failed with exit code 1.
