
  vitepress v1.6.4

  ➜  Local:   http://127.0.0.1:4174/
  ➜  press h to show help
11:32:50 [vitepress] hmr update /@fs/F:/work/linkx-admin/linkx-fe/src/components/LxTreeSelect/style.css
11:33:39 [vitepress] hmr update /@fs/F:/work/linkx-admin/linkx-fe/src/components/LxTreeSelect/index.vue
11:33:41 [vitepress] hmr update /@fs/F:/work/linkx-admin/linkx-fe/src/components/LxTreeSelect/index.vue
11:34:30 [vitepress] hmr update /@fs/F:/work/linkx-admin/linkx-fe/src/components/LxTreeSelect/index.vue
11:34:30 [vitepress] hmr update /@fs/F:/work/linkx-admin/linkx-fe/src/components/LxCascader/index.vue
11:34:33 [vitepress] hmr update /@fs/F:/work/linkx-admin/linkx-fe/src/components/LxTreeSelect/index.vue
11:34:39 [vitepress] hmr update /@fs/F:/work/linkx-admin/linkx-fe/src/tokens/variables.css
11:34:39 [vitepress] hmr update /@fs/F:/work/linkx-admin/linkx-fe/src/tokens/theme-hud.css
11:34:39 [vitepress] hmr update /@fs/F:/work/linkx-admin/linkx-fe/src/components/LxButton/style.css
11:34:39 [vitepress] hmr update /components/lxbutton.md
11:35:36 [vitepress] hmr update /@fs/F:/work/linkx-admin/linkx-fe/src/components/LxButton/demo/basic.vue, /components/lxbutton.md
11:36:43 [vitepress] hmr update /@fs/F:/work/linkx-admin/linkx-fe/src/components/LxSelect/index.vue
11:36:43 [vitepress] hmr update /@fs/F:/work/linkx-admin/linkx-fe/src/components/LxDatePicker/index.vue
11:36:53 [vitepress] hmr update /@fs/F:/work/linkx-admin/linkx-fe/src/components/LxTreeSelect/style.css
11:38:37 [vitepress] hmr update /@fs/F:/work/linkx-admin/linkx-fe/src/components/LxButton/style.css
11:40:26 [vitepress] hmr update /@fs/F:/work/linkx-admin/linkx-fe/src/components/LxButton/style.css
11:40:55 [vitepress] hmr update /@fs/F:/work/linkx-admin/linkx-fe/src/components/LxSelect/index.vue
11:40:55 [vitepress] hmr update /@fs/F:/work/linkx-admin/linkx-fe/src/components/LxDatePicker/index.vue
11:43:14 [vitepress] hmr update /@fs/F:/work/linkx-admin/linkx-fe/src/components/LxButton/index.vue
11:43:14 [vitepress] hmr update /components/lxbutton.md
00:24:32 [vitepress] hmr update /@fs/F:/work/linkx-admin/linkx-fe/src/components/LxInputNumber/index.vue
00:26:19 [vitepress] hmr update /@fs/F:/work/linkx-admin/linkx-fe/src/components/LxInputNumber/index.vue
00:33:02 [vitepress] hmr update /@fs/F:/work/linkx-admin/linkx-fe/src/components/LxInputNumber/style.css
00:35:59 [vitepress] hmr update /@fs/F:/work/linkx-admin/linkx-fe/src/components/LxInputNumber/style.css
00:36:59 [vitepress] hmr update /@fs/F:/work/linkx-admin/linkx-fe/src/components/LxInputNumber/style.css
00:38:19 [vitepress] hmr update /components/lxinputnumber.md
