
  vitepress v1.6.4

  ➜  Local:   http://127.0.0.1:4174/
  ➜  press h to show help
01:12:59 [vitepress] page reload .vitepress/dist/404.html
01:12:59 [vitepress] page reload .vitepress/dist/components/element-bridge.html
01:12:59 [vitepress] page reload .vitepress/dist/components/lxactionbuttons.html
01:12:59 [vitepress] page reload .vitepress/dist/components/lxauthimg.html
01:12:59 [vitepress] page reload .vitepress/dist/components/lxbreadcrumb.html
01:12:59 [vitepress] page reload .vitepress/dist/components/lxbutton.html
01:12:59 [vitepress] page reload .vitepress/dist/components/lxcascader.html
01:12:59 [vitepress] page reload .vitepress/dist/components/lxcheckbox.html
01:12:59 [vitepress] page reload .vitepress/dist/components/lxcodeslot.html
01:12:59 [vitepress] page reload .vitepress/dist/components/lxconfirm.html
01:12:59 [vitepress] page reload .vitepress/dist/components/lxdatepicker.html
01:12:59 [vitepress] page reload .vitepress/dist/components/lxdescriptions.html
01:12:59 [vitepress] page reload .vitepress/dist/components/lxdialog.html
01:12:59 [vitepress] page reload .vitepress/dist/components/lxdrawer.html
01:12:59 [vitepress] page reload .vitepress/dist/components/lxdutycalendar.html
01:12:59 [vitepress] page reload .vitepress/dist/components/lxdynamicform.html
01:12:59 [vitepress] page reload .vitepress/dist/components/lxempty.html
01:12:59 [vitepress] page reload .vitepress/dist/components/lxform.html
01:12:59 [vitepress] page reload .vitepress/dist/components/lxformerrorbanner.html
01:12:59 [vitepress] page reload .vitepress/dist/components/lxgauge.html
01:12:59 [vitepress] page reload .vitepress/dist/components/lxicons.html
01:12:59 [vitepress] page reload .vitepress/dist/components/lxinput.html
01:12:59 [vitepress] page reload .vitepress/dist/components/lxinputnumber.html
01:12:59 [vitepress] page reload .vitepress/dist/components/lxmessage.html
01:12:59 [vitepress] page reload .vitepress/dist/components/lxmetriccard.html
01:12:59 [vitepress] page reload .vitepress/dist/components/lxnavbar.html
01:12:59 [vitepress] page reload .vitepress/dist/components/lxnodebadge.html
01:12:59 [vitepress] page reload .vitepress/dist/components/lxpagecard.html
01:12:59 [vitepress] page reload .vitepress/dist/components/lxpagination.html
01:12:59 [vitepress] page reload .vitepress/dist/components/lxpasswordinput.html
01:12:59 [vitepress] page reload .vitepress/dist/components/lxprotable.html
01:12:59 [vitepress] page reload .vitepress/dist/components/lxradio.html
01:12:59 [vitepress] page reload .vitepress/dist/components/lxsearchbar.html
01:12:59 [vitepress] page reload .vitepress/dist/components/lxsectiontitle.html
01:12:59 [vitepress] page reload .vitepress/dist/components/lxselect.html
01:12:59 [vitepress] page reload .vitepress/dist/components/lxselectpagination.html
01:12:59 [vitepress] page reload .vitepress/dist/components/lxselecttree.html
01:12:59 [vitepress] page reload .vitepress/dist/components/lxsidebar.html
01:12:59 [vitepress] page reload .vitepress/dist/components/lxsplitlayout.html
01:12:59 [vitepress] page reload .vitepress/dist/components/lxstatusdot.html
01:12:59 [vitepress] page reload .vitepress/dist/components/lxstatusswitch.html
01:12:59 [vitepress] page reload .vitepress/dist/components/lxswitch.html
01:12:59 [vitepress] page reload .vitepress/dist/components/lxtabsbar.html
01:12:59 [vitepress] page reload .vitepress/dist/components/lxtag.html
01:12:59 [vitepress] page reload .vitepress/dist/components/lxtextarea.html
01:12:59 [vitepress] page reload .vitepress/dist/components/lxtransferpanel.html
01:12:59 [vitepress] page reload .vitepress/dist/components/lxtreeselect.html
01:12:59 [vitepress] page reload .vitepress/dist/components/lxupload.html
01:12:59 [vitepress] page reload .vitepress/dist/components/lxvirtualtree.html
01:12:59 [vitepress] page reload .vitepress/dist/components/new-components.html
01:12:59 [vitepress] page reload .vitepress/dist/components/permissions.html
01:12:59 [vitepress] page reload .vitepress/dist/DELIVERY-CHECK.html
01:12:59 [vitepress] page reload .vitepress/dist/index.html
01:12:59 [vitepress] page reload .vitepress/dist/ROADMAP.html
01:13:13 [vitepress] page reload .vitepress/dist/components/lxauthimg.html
01:13:13 [vitepress] page reload .vitepress/dist/404.html
01:13:13 [vitepress] page reload .vitepress/dist/ROADMAP.html
01:13:13 [vitepress] page reload .vitepress/dist/components/lxbreadcrumb.html
01:13:13 [vitepress] page reload .vitepress/dist/components/lxbutton.html
01:13:13 [vitepress] page reload .vitepress/dist/components/lxcascader.html
01:13:14 [vitepress] page reload .vitepress/dist/components/lxcheckbox.html
01:13:14 [vitepress] page reload .vitepress/dist/components/lxconfirm.html
01:13:14 [vitepress] page reload .vitepress/dist/ROADMAP.html
01:13:14 [vitepress] page reload .vitepress/dist/404.html
01:13:14 [vitepress] page reload .vitepress/dist/DELIVERY-CHECK.html
01:13:14 [vitepress] page reload .vitepress/dist/components/element-bridge.html
01:13:14 [vitepress] page reload .vitepress/dist/components/lxactionbuttons.html
01:13:14 [vitepress] page reload .vitepress/dist/components/lxcodeslot.html
01:13:14 [vitepress] page reload .vitepress/dist/components/lxdatepicker.html
01:13:14 [vitepress] page reload .vitepress/dist/components/lxdescriptions.html
01:13:14 [vitepress] page reload .vitepress/dist/components/lxdialog.html
01:13:14 [vitepress] page reload .vitepress/dist/components/lxdrawer.html
01:13:14 [vitepress] page reload .vitepress/dist/components/lxdutycalendar.html
01:13:14 [vitepress] page reload .vitepress/dist/components/lxdynamicform.html
01:13:14 [vitepress] page reload .vitepress/dist/components/lxempty.html
01:13:14 [vitepress] page reload .vitepress/dist/components/lxform.html
01:13:14 [vitepress] page reload .vitepress/dist/components/lxformerrorbanner.html
01:13:14 [vitepress] page reload .vitepress/dist/components/lxgauge.html
01:13:14 [vitepress] page reload .vitepress/dist/components/lxicons.html
01:13:14 [vitepress] page reload .vitepress/dist/components/lxinput.html
01:13:14 [vitepress] page reload .vitepress/dist/components/lxinputnumber.html
01:13:14 [vitepress] page reload .vitepress/dist/components/lxmessage.html
01:13:14 [vitepress] page reload .vitepress/dist/components/lxmetriccard.html
01:13:14 [vitepress] page reload .vitepress/dist/components/lxnavbar.html
01:13:14 [vitepress] page reload .vitepress/dist/components/lxnodebadge.html
01:13:14 [vitepress] page reload .vitepress/dist/components/lxpagecard.html
01:13:14 [vitepress] page reload .vitepress/dist/components/lxpagination.html
01:13:15 [vitepress] page reload .vitepress/dist/components/lxpasswordinput.html
01:13:15 [vitepress] page reload .vitepress/dist/components/lxprotable.html
01:13:15 [vitepress] page reload .vitepress/dist/components/lxradio.html
01:13:15 [vitepress] page reload .vitepress/dist/components/lxsearchbar.html
01:13:15 [vitepress] page reload .vitepress/dist/components/lxsectiontitle.html
01:13:15 [vitepress] page reload .vitepress/dist/components/lxselect.html
01:13:15 [vitepress] page reload .vitepress/dist/components/lxselectpagination.html
01:13:15 [vitepress] page reload .vitepress/dist/components/lxselecttree.html
01:13:15 [vitepress] page reload .vitepress/dist/components/lxsidebar.html
01:13:15 [vitepress] page reload .vitepress/dist/components/lxsplitlayout.html
01:13:15 [vitepress] page reload .vitepress/dist/components/lxstatusswitch.html
01:13:15 [vitepress] page reload .vitepress/dist/components/lxstatusdot.html
01:13:15 [vitepress] page reload .vitepress/dist/components/lxswitch.html
01:13:15 [vitepress] page reload .vitepress/dist/components/lxtabsbar.html
01:13:15 [vitepress] page reload .vitepress/dist/components/lxtag.html
01:13:15 [vitepress] page reload .vitepress/dist/components/lxtextarea.html
01:13:15 [vitepress] page reload .vitepress/dist/components/lxtransferpanel.html
01:13:15 [vitepress] page reload .vitepress/dist/components/lxtreeselect.html
01:13:15 [vitepress] page reload .vitepress/dist/components/lxupload.html
01:13:15 [vitepress] page reload .vitepress/dist/components/lxvirtualtree.html
01:13:15 [vitepress] page reload .vitepress/dist/components/new-components.html
01:13:15 [vitepress] page reload .vitepress/dist/components/permissions.html
01:13:15 [vitepress] page reload .vitepress/dist/index.html
01:34:12 [vitepress] hmr update /@fs/F:/work/linkx-admin/linkx-fe/src/components/LxDatePicker/demo/basic.vue?vue&type=style&index=0&scoped=e5f256fe&lang.css, /components/lxdatepicker.md
01:36:19 [vitepress] hmr update /@fs/F:/work/linkx-admin/linkx-fe/src/components/LxDatePicker/demo/basic.vue?vue&type=style&index=0&scoped=e5f256fe&lang.css, /components/lxdatepicker.md
01:39:07 [vitepress] page reload .vitepress/dist/404.html
01:39:07 [vitepress] page reload .vitepress/dist/components/lxauthimg.html
01:39:07 [vitepress] page reload .vitepress/dist/components/lxbreadcrumb.html
01:39:07 [vitepress] page reload .vitepress/dist/components/lxbutton.html
01:39:07 [vitepress] page reload .vitepress/dist/components/lxcascader.html
01:39:07 [vitepress] page reload .vitepress/dist/components/lxcheckbox.html
01:39:07 [vitepress] page reload .vitepress/dist/components/lxconfirm.html
01:39:07 [vitepress] page reload .vitepress/dist/components/element-bridge.html
01:39:07 [vitepress] page reload .vitepress/dist/components/lxactionbuttons.html
01:39:07 [vitepress] page reload .vitepress/dist/components/lxcodeslot.html
01:39:07 [vitepress] page reload .vitepress/dist/components/lxdatepicker.html
01:39:07 [vitepress] page reload .vitepress/dist/components/lxdescriptions.html
01:39:07 [vitepress] page reload .vitepress/dist/components/lxdialog.html
01:39:07 [vitepress] page reload .vitepress/dist/components/lxdrawer.html
01:39:07 [vitepress] page reload .vitepress/dist/components/lxdutycalendar.html
01:39:07 [vitepress] page reload .vitepress/dist/components/lxdynamicform.html
01:39:07 [vitepress] page reload .vitepress/dist/components/lxempty.html
01:39:07 [vitepress] page reload .vitepress/dist/components/lxform.html
01:39:07 [vitepress] page reload .vitepress/dist/components/lxformerrorbanner.html
01:39:07 [vitepress] page reload .vitepress/dist/components/lxgauge.html
01:39:07 [vitepress] page reload .vitepress/dist/components/lxicons.html
01:39:07 [vitepress] page reload .vitepress/dist/components/lxinput.html
01:39:07 [vitepress] page reload .vitepress/dist/components/lxinputnumber.html
01:39:07 [vitepress] page reload .vitepress/dist/components/lxmessage.html
01:39:07 [vitepress] page reload .vitepress/dist/components/lxmetriccard.html
01:39:07 [vitepress] page reload .vitepress/dist/components/lxnavbar.html
01:39:07 [vitepress] page reload .vitepress/dist/components/lxnodebadge.html
01:39:07 [vitepress] page reload .vitepress/dist/components/lxpagecard.html
01:39:07 [vitepress] page reload .vitepress/dist/components/lxpagination.html
01:39:07 [vitepress] page reload .vitepress/dist/components/lxpasswordinput.html
01:39:07 [vitepress] page reload .vitepress/dist/components/lxprotable.html
01:39:07 [vitepress] page reload .vitepress/dist/components/lxradio.html
01:39:07 [vitepress] page reload .vitepress/dist/components/lxsearchbar.html
01:39:07 [vitepress] page reload .vitepress/dist/components/lxsectiontitle.html
01:39:07 [vitepress] page reload .vitepress/dist/components/lxselect.html
01:39:07 [vitepress] page reload .vitepress/dist/components/lxselectpagination.html
01:39:07 [vitepress] page reload .vitepress/dist/components/lxselecttree.html
01:39:07 [vitepress] page reload .vitepress/dist/components/lxsidebar.html
01:39:07 [vitepress] page reload .vitepress/dist/components/lxsplitlayout.html
01:39:07 [vitepress] page reload .vitepress/dist/components/lxstatusswitch.html
01:39:07 [vitepress] page reload .vitepress/dist/components/lxstatusdot.html
01:39:07 [vitepress] page reload .vitepress/dist/components/lxswitch.html
01:39:07 [vitepress] page reload .vitepress/dist/components/lxtabsbar.html
01:39:07 [vitepress] page reload .vitepress/dist/components/lxtag.html
01:39:07 [vitepress] page reload .vitepress/dist/components/lxtextarea.html
01:39:07 [vitepress] page reload .vitepress/dist/components/lxtransferpanel.html
01:39:07 [vitepress] page reload .vitepress/dist/components/lxtreeselect.html
01:39:07 [vitepress] page reload .vitepress/dist/components/lxupload.html
01:39:07 [vitepress] page reload .vitepress/dist/components/lxvirtualtree.html
01:39:07 [vitepress] page reload .vitepress/dist/components/new-components.html
01:39:07 [vitepress] page reload .vitepress/dist/components/permissions.html
01:39:07 [vitepress] page reload .vitepress/dist/DELIVERY-CHECK.html
01:39:07 [vitepress] page reload .vitepress/dist/index.html
01:39:07 [vitepress] page reload .vitepress/dist/ROADMAP.html
01:39:22 [vitepress] page reload .vitepress/dist/components/element-bridge.html
01:39:22 [vitepress] page reload .vitepress/dist/404.html
01:39:22 [vitepress] page reload .vitepress/dist/ROADMAP.html
01:39:22 [vitepress] page reload .vitepress/dist/components/lxform.html
01:39:22 [vitepress] page reload .vitepress/dist/components/lxgauge.html
01:39:23 [vitepress] page reload .vitepress/dist/components/lxinput.html
01:39:23 [vitepress] page reload .vitepress/dist/components/lxsectiontitle.html
01:39:23 [vitepress] page reload .vitepress/dist/DELIVERY-CHECK.html
01:39:23 [vitepress] page reload .vitepress/dist/components/lxdatepicker.html
01:39:23 [vitepress] page reload .vitepress/dist/components/lxdescriptions.html
01:39:23 [vitepress] page reload .vitepress/dist/components/lxdrawer.html
01:39:23 [vitepress] page reload .vitepress/dist/components/lxdutycalendar.html
01:39:23 [vitepress] page reload .vitepress/dist/components/lxdynamicform.html
01:39:23 [vitepress] page reload .vitepress/dist/components/lxempty.html
01:39:23 [vitepress] page reload .vitepress/dist/components/lxformerrorbanner.html
01:39:23 [vitepress] page reload .vitepress/dist/components/lxpagecard.html
01:39:23 [vitepress] page reload .vitepress/dist/components/lxpagination.html
01:39:23 [vitepress] page reload .vitepress/dist/components/lxpasswordinput.html
01:39:23 [vitepress] page reload .vitepress/dist/components/lxprotable.html
01:39:23 [vitepress] page reload .vitepress/dist/components/lxtag.html
01:39:23 [vitepress] page reload .vitepress/dist/components/lxtextarea.html
01:39:23 [vitepress] page reload .vitepress/dist/components/lxtreeselect.html
01:39:23 [vitepress] page reload .vitepress/dist/components/lxupload.html
01:39:23 [vitepress] page reload .vitepress/dist/components/lxvirtualtree.html
01:39:23 [vitepress] page reload .vitepress/dist/components/new-components.html
01:39:24 [vitepress] page reload .vitepress/dist/components/permissions.html
01:39:24 [vitepress] page reload .vitepress/dist/404.html
01:39:24 [vitepress] page reload .vitepress/dist/ROADMAP.html
01:39:24 [vitepress] page reload .vitepress/dist/components/element-bridge.html
01:39:24 [vitepress] page reload .vitepress/dist/components/lxform.html
01:39:24 [vitepress] page reload .vitepress/dist/components/lxgauge.html
01:39:24 [vitepress] page reload .vitepress/dist/components/lxinput.html
01:39:24 [vitepress] page reload .vitepress/dist/components/lxsectiontitle.html
01:39:24 [vitepress] page reload .vitepress/dist/DELIVERY-CHECK.html
01:39:24 [vitepress] page reload .vitepress/dist/index.html
01:39:24 [vitepress] page reload .vitepress/dist/components/lxactionbuttons.html
01:39:24 [vitepress] page reload .vitepress/dist/components/lxauthimg.html
01:39:24 [vitepress] page reload .vitepress/dist/components/lxbreadcrumb.html
01:39:24 [vitepress] page reload .vitepress/dist/components/lxbutton.html
01:39:24 [vitepress] page reload .vitepress/dist/components/lxcascader.html
01:39:24 [vitepress] page reload .vitepress/dist/components/lxcheckbox.html
01:39:24 [vitepress] page reload .vitepress/dist/components/lxcodeslot.html
01:39:24 [vitepress] page reload .vitepress/dist/components/lxconfirm.html
01:39:24 [vitepress] page reload .vitepress/dist/components/lxdialog.html
01:39:24 [vitepress] page reload .vitepress/dist/components/lxicons.html
01:39:24 [vitepress] page reload .vitepress/dist/components/lxinputnumber.html
01:39:24 [vitepress] page reload .vitepress/dist/components/lxmessage.html
01:39:24 [vitepress] page reload .vitepress/dist/components/lxmetriccard.html
01:39:24 [vitepress] page reload .vitepress/dist/components/lxnavbar.html
01:39:24 [vitepress] page reload .vitepress/dist/components/lxnodebadge.html
01:39:24 [vitepress] page reload .vitepress/dist/components/lxradio.html
01:39:24 [vitepress] page reload .vitepress/dist/components/lxsearchbar.html
01:39:24 [vitepress] page reload .vitepress/dist/components/lxselect.html
01:39:24 [vitepress] page reload .vitepress/dist/components/lxselectpagination.html
01:39:24 [vitepress] page reload .vitepress/dist/components/lxselecttree.html
01:39:24 [vitepress] page reload .vitepress/dist/components/lxsidebar.html
01:39:24 [vitepress] page reload .vitepress/dist/components/lxsplitlayout.html
01:39:24 [vitepress] page reload .vitepress/dist/components/lxstatusdot.html
01:39:24 [vitepress] page reload .vitepress/dist/components/lxstatusswitch.html
01:39:24 [vitepress] page reload .vitepress/dist/components/lxswitch.html
01:39:24 [vitepress] page reload .vitepress/dist/components/lxtabsbar.html
01:39:24 [vitepress] page reload .vitepress/dist/components/lxtransferpanel.html
03:03:17 [vitepress] hmr update /@fs/F:/work/linkx-admin/linkx-fe/src/components/LxTreeSelect/index.vue
03:03:17 [vitepress] hmr update /@fs/F:/work/linkx-admin/linkx-fe/src/components/LxTreeSelect/demo/basic.vue?vue&type=style&index=0&scoped=82c10d11&lang.css, /@fs/F:/work/linkx-admin/linkx-fe/src/components/LxTreeSelect/demo/basic.vue, /components/lxtreeselect.md
03:03:17 [vitepress] hmr update /@fs/F:/work/linkx-admin/linkx-fe/src/components/LxCascader/demo/basic.vue, /@fs/F:/work/linkx-admin/linkx-fe/src/components/LxCascader/demo/basic.vue?vue&type=style&index=0&scoped=ba3b1592&lang.css
03:03:17 [vitepress] hmr update /@fs/F:/work/linkx-admin/linkx-fe/src/components/LxCascader/index.vue
03:03:17 [vitepress] hmr update /@fs/F:/work/linkx-admin/linkx-fe/src/components/LxTreeSelect/demo/basic.vue?vue&type=style&index=0&scoped=82c10d11&lang.css, /@fs/F:/work/linkx-admin/linkx-fe/src/components/LxTreeSelect/demo/basic.vue, /components/lxtreeselect.md
03:03:17 [vitepress] hmr update /components/lxtreeselect.md
03:03:17 [vitepress] hmr update /components/lxcascader.md
03:04:12 [vitepress] hmr update /@fs/F:/work/linkx-admin/linkx-fe/src/components/LxCascader/index.vue
03:05:16 [vitepress] hmr update /@fs/F:/work/linkx-admin/linkx-fe/src/components/LxTreeSelect/index.vue
03:05:16 [vitepress] hmr update /@fs/F:/work/linkx-admin/linkx-fe/src/components/LxTreeSelect/demo/basic.vue, /components/lxtreeselect.md
03:05:16 [vitepress] hmr update /@fs/F:/work/linkx-admin/linkx-fe/src/components/LxCascader/demo/basic.vue
03:05:16 [vitepress] hmr update /components/lxtreeselect.md
03:06:14 [vitepress] page reload .vitepress/dist/404.html
03:06:14 [vitepress] page reload .vitepress/dist/components/element-bridge.html
03:06:14 [vitepress] page reload .vitepress/dist/components/lxform.html
03:06:14 [vitepress] page reload .vitepress/dist/components/lxgauge.html
03:06:14 [vitepress] page reload .vitepress/dist/components/lxinput.html
03:06:14 [vitepress] page reload .vitepress/dist/components/lxsectiontitle.html
03:06:14 [vitepress] page reload .vitepress/dist/components/lxdatepicker.html
03:06:14 [vitepress] page reload .vitepress/dist/components/lxdescriptions.html
03:06:14 [vitepress] page reload .vitepress/dist/components/lxdrawer.html
03:06:14 [vitepress] page reload .vitepress/dist/components/lxdutycalendar.html
03:06:14 [vitepress] page reload .vitepress/dist/components/lxdynamicform.html
03:06:14 [vitepress] page reload .vitepress/dist/components/lxempty.html
03:06:14 [vitepress] page reload .vitepress/dist/components/lxformerrorbanner.html
03:06:14 [vitepress] page reload .vitepress/dist/components/lxpagecard.html
03:06:14 [vitepress] page reload .vitepress/dist/components/lxpagination.html
03:06:14 [vitepress] page reload .vitepress/dist/components/lxpasswordinput.html
03:06:14 [vitepress] page reload .vitepress/dist/components/lxprotable.html
03:06:14 [vitepress] page reload .vitepress/dist/components/lxtag.html
03:06:14 [vitepress] page reload .vitepress/dist/components/lxtextarea.html
03:06:14 [vitepress] page reload .vitepress/dist/components/lxtreeselect.html
03:06:14 [vitepress] page reload .vitepress/dist/components/lxupload.html
03:06:14 [vitepress] page reload .vitepress/dist/components/lxvirtualtree.html
03:06:14 [vitepress] page reload .vitepress/dist/components/new-components.html
03:06:14 [vitepress] page reload .vitepress/dist/components/permissions.html
03:06:14 [vitepress] page reload .vitepress/dist/components/lxactionbuttons.html
03:06:14 [vitepress] page reload .vitepress/dist/components/lxauthimg.html
03:06:14 [vitepress] page reload .vitepress/dist/components/lxbreadcrumb.html
03:06:14 [vitepress] page reload .vitepress/dist/components/lxbutton.html
03:06:14 [vitepress] page reload .vitepress/dist/components/lxcascader.html
03:06:14 [vitepress] page reload .vitepress/dist/components/lxcheckbox.html
03:06:14 [vitepress] page reload .vitepress/dist/components/lxcodeslot.html
03:06:14 [vitepress] page reload .vitepress/dist/components/lxconfirm.html
03:06:14 [vitepress] page reload .vitepress/dist/components/lxdialog.html
03:06:14 [vitepress] page reload .vitepress/dist/components/lxicons.html
03:06:14 [vitepress] page reload .vitepress/dist/components/lxinputnumber.html
03:06:14 [vitepress] page reload .vitepress/dist/components/lxmessage.html
03:06:14 [vitepress] page reload .vitepress/dist/components/lxmetriccard.html
03:06:14 [vitepress] page reload .vitepress/dist/components/lxnavbar.html
03:06:14 [vitepress] page reload .vitepress/dist/components/lxnodebadge.html
03:06:14 [vitepress] page reload .vitepress/dist/components/lxradio.html
03:06:14 [vitepress] page reload .vitepress/dist/components/lxsearchbar.html
03:06:14 [vitepress] page reload .vitepress/dist/components/lxselect.html
03:06:14 [vitepress] page reload .vitepress/dist/components/lxselectpagination.html
03:06:14 [vitepress] page reload .vitepress/dist/components/lxselecttree.html
03:06:14 [vitepress] page reload .vitepress/dist/components/lxsidebar.html
03:06:14 [vitepress] page reload .vitepress/dist/components/lxsplitlayout.html
03:06:14 [vitepress] page reload .vitepress/dist/components/lxstatusdot.html
03:06:14 [vitepress] page reload .vitepress/dist/components/lxstatusswitch.html
03:06:14 [vitepress] page reload .vitepress/dist/components/lxswitch.html
03:06:14 [vitepress] page reload .vitepress/dist/components/lxtabsbar.html
03:06:14 [vitepress] page reload .vitepress/dist/components/lxtransferpanel.html
03:06:14 [vitepress] page reload .vitepress/dist/DELIVERY-CHECK.html
03:06:14 [vitepress] page reload .vitepress/dist/index.html
03:06:14 [vitepress] page reload .vitepress/dist/ROADMAP.html
03:06:36 [vitepress] page reload .vitepress/dist/404.html
03:06:36 [vitepress] page reload .vitepress/dist/ROADMAP.html
03:06:36 [vitepress] page reload .vitepress/dist/DELIVERY-CHECK.html
03:06:36 [vitepress] page reload .vitepress/dist/index.html
03:06:36 [vitepress] page reload .vitepress/dist/components/element-bridge.html
03:06:37 [vitepress] page reload .vitepress/dist/components/lxactionbuttons.html
03:06:37 [vitepress] page reload .vitepress/dist/components/lxauthimg.html
03:06:37 [vitepress] page reload .vitepress/dist/components/lxbreadcrumb.html
03:06:37 [vitepress] page reload .vitepress/dist/components/lxbutton.html
03:06:37 [vitepress] page reload .vitepress/dist/components/lxcascader.html
03:06:37 [vitepress] page reload .vitepress/dist/components/lxcheckbox.html
03:06:37 [vitepress] page reload .vitepress/dist/components/lxcodeslot.html
03:06:37 [vitepress] page reload .vitepress/dist/components/lxconfirm.html
03:06:37 [vitepress] page reload .vitepress/dist/components/lxdatepicker.html
03:06:37 [vitepress] page reload .vitepress/dist/components/lxdescriptions.html
03:06:37 [vitepress] page reload .vitepress/dist/components/lxdialog.html
03:06:37 [vitepress] page reload .vitepress/dist/components/lxdrawer.html
03:06:37 [vitepress] page reload .vitepress/dist/components/lxdutycalendar.html
03:06:37 [vitepress] page reload .vitepress/dist/components/lxdynamicform.html
03:06:37 [vitepress] page reload .vitepress/dist/components/lxempty.html
03:06:37 [vitepress] page reload .vitepress/dist/components/lxform.html
03:06:37 [vitepress] page reload .vitepress/dist/components/lxformerrorbanner.html
03:06:37 [vitepress] page reload .vitepress/dist/components/lxgauge.html
03:06:37 [vitepress] page reload .vitepress/dist/components/lxicons.html
03:06:37 [vitepress] page reload .vitepress/dist/components/lxinput.html
03:06:38 [vitepress] page reload .vitepress/dist/components/lxinputnumber.html
03:06:38 [vitepress] page reload .vitepress/dist/components/lxmessage.html
03:06:38 [vitepress] page reload .vitepress/dist/components/lxmetriccard.html
03:06:38 [vitepress] page reload .vitepress/dist/components/lxnavbar.html
03:06:38 [vitepress] page reload .vitepress/dist/components/lxnodebadge.html
03:06:38 [vitepress] page reload .vitepress/dist/components/lxpagecard.html
03:06:38 [vitepress] page reload .vitepress/dist/components/lxpagination.html
03:06:38 [vitepress] page reload .vitepress/dist/components/lxpasswordinput.html
03:06:38 [vitepress] page reload .vitepress/dist/components/lxprotable.html
03:06:38 [vitepress] page reload .vitepress/dist/components/lxradio.html
03:06:38 [vitepress] page reload .vitepress/dist/components/lxsearchbar.html
03:06:38 [vitepress] page reload .vitepress/dist/components/lxsectiontitle.html
03:06:38 [vitepress] page reload .vitepress/dist/components/lxselect.html
03:06:38 [vitepress] page reload .vitepress/dist/components/lxselectpagination.html
03:06:38 [vitepress] page reload .vitepress/dist/components/lxselecttree.html
03:06:38 [vitepress] page reload .vitepress/dist/components/lxsidebar.html
03:06:38 [vitepress] page reload .vitepress/dist/components/lxsplitlayout.html
03:06:38 [vitepress] page reload .vitepress/dist/components/lxstatusdot.html
03:06:38 [vitepress] page reload .vitepress/dist/components/lxstatusswitch.html
03:06:39 [vitepress] page reload .vitepress/dist/components/lxswitch.html
03:06:39 [vitepress] page reload .vitepress/dist/components/lxtabsbar.html
03:06:39 [vitepress] page reload .vitepress/dist/components/lxtag.html
03:06:39 [vitepress] page reload .vitepress/dist/components/lxtextarea.html
03:06:39 [vitepress] page reload .vitepress/dist/components/lxtransferpanel.html
03:06:39 [vitepress] page reload .vitepress/dist/components/lxtreeselect.html
03:06:39 [vitepress] page reload .vitepress/dist/components/lxupload.html
03:06:39 [vitepress] page reload .vitepress/dist/components/lxvirtualtree.html
03:06:39 [vitepress] page reload .vitepress/dist/components/new-components.html
03:06:39 [vitepress] page reload .vitepress/dist/components/permissions.html
03:13:46 [vitepress] page reload .vitepress/dist/404.html
03:13:47 [vitepress] page reload .vitepress/dist/components/element-bridge.html
03:13:47 [vitepress] page reload .vitepress/dist/components/lxactionbuttons.html
03:13:47 [vitepress] page reload .vitepress/dist/components/lxauthimg.html
03:13:47 [vitepress] page reload .vitepress/dist/components/lxbreadcrumb.html
03:13:47 [vitepress] page reload .vitepress/dist/components/lxbutton.html
03:13:47 [vitepress] page reload .vitepress/dist/components/lxcascader.html
03:13:47 [vitepress] page reload .vitepress/dist/components/lxcheckbox.html
03:13:47 [vitepress] page reload .vitepress/dist/components/lxcodeslot.html
03:13:47 [vitepress] page reload .vitepress/dist/components/lxconfirm.html
03:13:47 [vitepress] page reload .vitepress/dist/components/lxdatepicker.html
03:13:47 [vitepress] page reload .vitepress/dist/components/lxdescriptions.html
03:13:47 [vitepress] page reload .vitepress/dist/components/lxdialog.html
03:13:47 [vitepress] page reload .vitepress/dist/components/lxdrawer.html
03:13:47 [vitepress] page reload .vitepress/dist/components/lxdutycalendar.html
03:13:47 [vitepress] page reload .vitepress/dist/components/lxdynamicform.html
03:13:47 [vitepress] page reload .vitepress/dist/components/lxempty.html
03:13:47 [vitepress] page reload .vitepress/dist/components/lxform.html
03:13:47 [vitepress] page reload .vitepress/dist/components/lxformerrorbanner.html
03:13:47 [vitepress] page reload .vitepress/dist/components/lxgauge.html
03:13:47 [vitepress] page reload .vitepress/dist/components/lxicons.html
03:13:47 [vitepress] page reload .vitepress/dist/components/lxinput.html
03:13:47 [vitepress] page reload .vitepress/dist/components/lxinputnumber.html
03:13:47 [vitepress] page reload .vitepress/dist/components/lxmessage.html
03:13:47 [vitepress] page reload .vitepress/dist/components/lxmetriccard.html
03:13:47 [vitepress] page reload .vitepress/dist/components/lxnavbar.html
03:13:47 [vitepress] page reload .vitepress/dist/components/lxnodebadge.html
03:13:47 [vitepress] page reload .vitepress/dist/components/lxpagecard.html
03:13:47 [vitepress] page reload .vitepress/dist/components/lxpagination.html
03:13:47 [vitepress] page reload .vitepress/dist/components/lxpasswordinput.html
03:13:47 [vitepress] page reload .vitepress/dist/components/lxprotable.html
03:13:47 [vitepress] page reload .vitepress/dist/components/lxradio.html
03:13:47 [vitepress] page reload .vitepress/dist/components/lxsearchbar.html
03:13:47 [vitepress] page reload .vitepress/dist/components/lxsectiontitle.html
03:13:47 [vitepress] page reload .vitepress/dist/components/lxselect.html
03:13:47 [vitepress] page reload .vitepress/dist/components/lxselectpagination.html
03:13:47 [vitepress] page reload .vitepress/dist/components/lxselecttree.html
03:13:47 [vitepress] page reload .vitepress/dist/components/lxsidebar.html
03:13:47 [vitepress] page reload .vitepress/dist/components/lxsplitlayout.html
03:13:47 [vitepress] page reload .vitepress/dist/components/lxstatusdot.html
03:13:47 [vitepress] page reload .vitepress/dist/components/lxstatusswitch.html
03:13:47 [vitepress] page reload .vitepress/dist/components/lxswitch.html
03:13:47 [vitepress] page reload .vitepress/dist/components/lxtabsbar.html
03:13:47 [vitepress] page reload .vitepress/dist/components/lxtag.html
03:13:47 [vitepress] page reload .vitepress/dist/components/lxtextarea.html
03:13:47 [vitepress] page reload .vitepress/dist/components/lxtransferpanel.html
03:13:47 [vitepress] page reload .vitepress/dist/components/lxtreeselect.html
03:13:47 [vitepress] page reload .vitepress/dist/components/lxupload.html
03:13:47 [vitepress] page reload .vitepress/dist/components/lxvirtualtree.html
03:13:47 [vitepress] page reload .vitepress/dist/components/new-components.html
03:13:47 [vitepress] page reload .vitepress/dist/components/permissions.html
03:13:47 [vitepress] page reload .vitepress/dist/ROADMAP.html
03:13:47 [vitepress] page reload .vitepress/dist/DELIVERY-CHECK.html
03:13:47 [vitepress] page reload .vitepress/dist/index.html
03:14:03 [vitepress] page reload .vitepress/dist/404.html
03:14:03 [vitepress] page reload .vitepress/dist/ROADMAP.html
03:14:03 [vitepress] page reload .vitepress/dist/404.html
03:14:03 [vitepress] page reload .vitepress/dist/DELIVERY-CHECK.html
03:14:03 [vitepress] page reload .vitepress/dist/ROADMAP.html
03:14:03 [vitepress] page reload .vitepress/dist/index.html
03:14:03 [vitepress] page reload .vitepress/dist/components/element-bridge.html
03:14:03 [vitepress] page reload .vitepress/dist/components/lxactionbuttons.html
03:14:03 [vitepress] page reload .vitepress/dist/components/lxauthimg.html
03:14:03 [vitepress] page reload .vitepress/dist/components/lxbreadcrumb.html
03:14:03 [vitepress] page reload .vitepress/dist/components/lxbutton.html
03:14:03 [vitepress] page reload .vitepress/dist/components/lxcascader.html
03:14:03 [vitepress] page reload .vitepress/dist/components/lxcheckbox.html
03:14:03 [vitepress] page reload .vitepress/dist/components/lxcodeslot.html
03:14:03 [vitepress] page reload .vitepress/dist/components/lxconfirm.html
03:14:03 [vitepress] page reload .vitepress/dist/components/lxdatepicker.html
03:14:04 [vitepress] page reload .vitepress/dist/components/lxdescriptions.html
03:14:04 [vitepress] page reload .vitepress/dist/components/lxdialog.html
03:14:04 [vitepress] page reload .vitepress/dist/components/lxdrawer.html
03:14:04 [vitepress] page reload .vitepress/dist/components/lxdutycalendar.html
03:14:04 [vitepress] page reload .vitepress/dist/components/lxdynamicform.html
03:14:04 [vitepress] page reload .vitepress/dist/components/lxempty.html
03:14:04 [vitepress] page reload .vitepress/dist/components/lxform.html
03:14:04 [vitepress] page reload .vitepress/dist/components/lxformerrorbanner.html
03:14:04 [vitepress] page reload .vitepress/dist/components/lxgauge.html
03:14:04 [vitepress] page reload .vitepress/dist/components/lxicons.html
03:14:04 [vitepress] page reload .vitepress/dist/components/lxinput.html
03:14:04 [vitepress] page reload .vitepress/dist/components/lxinputnumber.html
03:14:04 [vitepress] page reload .vitepress/dist/components/lxmessage.html
03:14:04 [vitepress] page reload .vitepress/dist/components/lxmetriccard.html
03:14:04 [vitepress] page reload .vitepress/dist/components/lxnavbar.html
03:14:04 [vitepress] page reload .vitepress/dist/components/lxnodebadge.html
03:14:04 [vitepress] page reload .vitepress/dist/components/lxpagecard.html
03:14:04 [vitepress] page reload .vitepress/dist/components/lxpagination.html
03:14:04 [vitepress] page reload .vitepress/dist/components/lxpasswordinput.html
03:14:04 [vitepress] page reload .vitepress/dist/components/lxprotable.html
03:14:04 [vitepress] page reload .vitepress/dist/components/lxradio.html
03:14:04 [vitepress] page reload .vitepress/dist/components/lxsearchbar.html
03:14:04 [vitepress] page reload .vitepress/dist/components/lxsectiontitle.html
03:14:04 [vitepress] page reload .vitepress/dist/components/lxselect.html
03:14:04 [vitepress] page reload .vitepress/dist/components/lxselectpagination.html
03:14:05 [vitepress] page reload .vitepress/dist/components/lxselecttree.html
03:14:05 [vitepress] page reload .vitepress/dist/components/lxsidebar.html
03:14:05 [vitepress] page reload .vitepress/dist/components/lxsplitlayout.html
03:14:05 [vitepress] page reload .vitepress/dist/components/lxstatusdot.html
03:14:05 [vitepress] page reload .vitepress/dist/components/lxstatusswitch.html
03:14:05 [vitepress] page reload .vitepress/dist/components/lxswitch.html
03:14:05 [vitepress] page reload .vitepress/dist/components/lxtabsbar.html
03:14:05 [vitepress] page reload .vitepress/dist/components/lxtag.html
03:14:05 [vitepress] page reload .vitepress/dist/components/lxtextarea.html
03:14:05 [vitepress] page reload .vitepress/dist/components/lxtransferpanel.html
03:14:05 [vitepress] page reload .vitepress/dist/components/lxtreeselect.html
03:14:05 [vitepress] page reload .vitepress/dist/components/lxupload.html
03:14:05 [vitepress] page reload .vitepress/dist/components/lxvirtualtree.html
03:14:05 [vitepress] page reload .vitepress/dist/components/new-components.html
03:14:05 [vitepress] page reload .vitepress/dist/components/permissions.html
03:15:06 [vitepress] hmr update /components/lxcascader.md
03:15:06 [vitepress] hmr update /@fs/F:/work/linkx-admin/linkx-fe/src/components/LxCascader/demo/basic.vue
03:15:35 [vitepress] hmr update /@fs/F:/work/linkx-admin/linkx-fe/src/components/LxCascader/demo/basic.vue
03:15:52 [vitepress] page reload .vitepress/dist/404.html
03:15:52 [vitepress] page reload .vitepress/dist/components/lxactionbuttons.html
03:15:52 [vitepress] page reload .vitepress/dist/components/element-bridge.html
03:15:52 [vitepress] page reload .vitepress/dist/components/lxauthimg.html
03:15:52 [vitepress] page reload .vitepress/dist/components/lxbutton.html
03:15:52 [vitepress] page reload .vitepress/dist/components/lxbreadcrumb.html
03:15:52 [vitepress] page reload .vitepress/dist/components/lxcascader.html
03:15:52 [vitepress] page reload .vitepress/dist/components/lxcheckbox.html
03:15:52 [vitepress] page reload .vitepress/dist/components/lxdatepicker.html
03:15:52 [vitepress] page reload .vitepress/dist/components/lxconfirm.html
03:15:52 [vitepress] page reload .vitepress/dist/components/lxcodeslot.html
03:15:52 [vitepress] page reload .vitepress/dist/components/lxdialog.html
03:15:52 [vitepress] page reload .vitepress/dist/components/lxdescriptions.html
03:15:52 [vitepress] page reload .vitepress/dist/components/lxdrawer.html
03:15:52 [vitepress] page reload .vitepress/dist/components/lxdutycalendar.html
03:15:52 [vitepress] page reload .vitepress/dist/components/lxform.html
03:15:52 [vitepress] page reload .vitepress/dist/components/lxdynamicform.html
03:15:52 [vitepress] page reload .vitepress/dist/components/lxempty.html
03:15:52 [vitepress] page reload .vitepress/dist/components/lxformerrorbanner.html
03:15:52 [vitepress] page reload .vitepress/dist/components/lxgauge.html
03:15:52 [vitepress] page reload .vitepress/dist/components/lxicons.html
03:15:52 [vitepress] page reload .vitepress/dist/components/lxinput.html
03:15:52 [vitepress] page reload .vitepress/dist/components/lxinputnumber.html
03:15:52 [vitepress] page reload .vitepress/dist/components/lxmessage.html
03:15:52 [vitepress] page reload .vitepress/dist/components/lxmetriccard.html
03:15:52 [vitepress] page reload .vitepress/dist/components/lxnavbar.html
03:15:52 [vitepress] page reload .vitepress/dist/components/lxnodebadge.html
03:15:52 [vitepress] page reload .vitepress/dist/components/lxpagecard.html
03:15:52 [vitepress] page reload .vitepress/dist/components/lxpagination.html
03:15:52 [vitepress] page reload .vitepress/dist/components/lxpasswordinput.html
03:15:52 [vitepress] page reload .vitepress/dist/components/lxprotable.html
03:15:52 [vitepress] page reload .vitepress/dist/components/lxradio.html
03:15:52 [vitepress] page reload .vitepress/dist/components/lxsearchbar.html
03:15:52 [vitepress] page reload .vitepress/dist/components/lxsectiontitle.html
03:15:52 [vitepress] page reload .vitepress/dist/components/lxselect.html
03:15:52 [vitepress] page reload .vitepress/dist/components/lxselectpagination.html
03:15:52 [vitepress] page reload .vitepress/dist/components/lxselecttree.html
03:15:52 [vitepress] page reload .vitepress/dist/components/lxsidebar.html
03:15:52 [vitepress] page reload .vitepress/dist/components/lxsplitlayout.html
03:15:52 [vitepress] page reload .vitepress/dist/components/lxstatusdot.html
03:15:52 [vitepress] page reload .vitepress/dist/components/lxstatusswitch.html
03:15:52 [vitepress] page reload .vitepress/dist/components/lxswitch.html
03:15:52 [vitepress] page reload .vitepress/dist/components/lxtabsbar.html
03:15:52 [vitepress] page reload .vitepress/dist/components/lxtag.html
03:15:52 [vitepress] page reload .vitepress/dist/components/lxtextarea.html
03:15:52 [vitepress] page reload .vitepress/dist/components/lxtransferpanel.html
03:15:52 [vitepress] page reload .vitepress/dist/components/lxtreeselect.html
03:15:52 [vitepress] page reload .vitepress/dist/components/lxupload.html
03:15:52 [vitepress] page reload .vitepress/dist/components/lxvirtualtree.html
03:15:52 [vitepress] page reload .vitepress/dist/components/new-components.html
03:15:52 [vitepress] page reload .vitepress/dist/components/permissions.html
03:15:52 [vitepress] page reload .vitepress/dist/ROADMAP.html
03:15:52 [vitepress] page reload .vitepress/dist/DELIVERY-CHECK.html
03:15:52 [vitepress] page reload .vitepress/dist/index.html
03:16:08 [vitepress] page reload .vitepress/dist/404.html
03:16:08 [vitepress] page reload .vitepress/dist/DELIVERY-CHECK.html
03:16:09 [vitepress] page reload .vitepress/dist/ROADMAP.html
03:16:09 [vitepress] page reload .vitepress/dist/components/element-bridge.html
03:16:09 [vitepress] page reload .vitepress/dist/components/lxradio.html
03:16:09 [vitepress] page reload .vitepress/dist/components/lxgauge.html
03:16:09 [vitepress] page reload .vitepress/dist/components/lxpagination.html
03:16:09 [vitepress] page reload .vitepress/dist/components/lxpasswordinput.html
03:16:09 [vitepress] page reload .vitepress/dist/components/lxselectpagination.html
03:16:09 [vitepress] page reload .vitepress/dist/components/lxselecttree.html
03:16:09 [vitepress] page reload .vitepress/dist/DELIVERY-CHECK.html
03:16:09 [vitepress] page reload .vitepress/dist/404.html
03:16:09 [vitepress] page reload .vitepress/dist/ROADMAP.html
03:16:09 [vitepress] page reload .vitepress/dist/components/element-bridge.html
03:16:09 [vitepress] page reload .vitepress/dist/components/lxradio.html
03:16:09 [vitepress] page reload .vitepress/dist/index.html
03:16:09 [vitepress] page reload .vitepress/dist/components/lxactionbuttons.html
03:16:09 [vitepress] page reload .vitepress/dist/components/lxauthimg.html
03:16:09 [vitepress] page reload .vitepress/dist/components/lxbreadcrumb.html
03:16:09 [vitepress] page reload .vitepress/dist/components/lxbutton.html
03:16:09 [vitepress] page reload .vitepress/dist/components/lxcascader.html
03:16:09 [vitepress] page reload .vitepress/dist/components/lxcheckbox.html
03:16:09 [vitepress] page reload .vitepress/dist/components/lxcodeslot.html
03:16:09 [vitepress] page reload .vitepress/dist/components/lxconfirm.html
03:16:09 [vitepress] page reload .vitepress/dist/components/lxdatepicker.html
03:16:09 [vitepress] page reload .vitepress/dist/components/lxdescriptions.html
03:16:09 [vitepress] page reload .vitepress/dist/components/lxdialog.html
03:16:09 [vitepress] page reload .vitepress/dist/components/lxdrawer.html
03:16:09 [vitepress] page reload .vitepress/dist/components/lxdutycalendar.html
03:16:09 [vitepress] page reload .vitepress/dist/components/lxdynamicform.html
03:16:10 [vitepress] page reload .vitepress/dist/components/lxempty.html
03:16:10 [vitepress] page reload .vitepress/dist/components/lxform.html
03:16:10 [vitepress] page reload .vitepress/dist/components/lxformerrorbanner.html
03:16:10 [vitepress] page reload .vitepress/dist/components/lxicons.html
03:16:10 [vitepress] page reload .vitepress/dist/components/lxinput.html
03:16:10 [vitepress] page reload .vitepress/dist/components/lxinputnumber.html
03:16:10 [vitepress] page reload .vitepress/dist/components/lxmessage.html
03:16:10 [vitepress] page reload .vitepress/dist/components/lxmetriccard.html
03:16:10 [vitepress] page reload .vitepress/dist/components/lxnavbar.html
03:16:10 [vitepress] page reload .vitepress/dist/components/lxnodebadge.html
03:16:10 [vitepress] page reload .vitepress/dist/components/lxpagecard.html
03:16:10 [vitepress] page reload .vitepress/dist/components/lxprotable.html
03:16:10 [vitepress] page reload .vitepress/dist/components/lxsearchbar.html
03:16:10 [vitepress] page reload .vitepress/dist/components/lxsectiontitle.html
03:16:10 [vitepress] page reload .vitepress/dist/components/lxselect.html
03:16:10 [vitepress] page reload .vitepress/dist/components/lxsidebar.html
03:16:10 [vitepress] page reload .vitepress/dist/components/lxsplitlayout.html
03:16:10 [vitepress] page reload .vitepress/dist/components/lxstatusdot.html
03:16:10 [vitepress] page reload .vitepress/dist/components/lxstatusswitch.html
03:16:10 [vitepress] page reload .vitepress/dist/components/lxswitch.html
03:16:10 [vitepress] page reload .vitepress/dist/components/lxtabsbar.html
03:16:10 [vitepress] page reload .vitepress/dist/components/lxtag.html
03:16:10 [vitepress] page reload .vitepress/dist/components/lxtextarea.html
03:16:11 [vitepress] page reload .vitepress/dist/components/lxtransferpanel.html
03:16:11 [vitepress] page reload .vitepress/dist/components/lxtreeselect.html
03:16:11 [vitepress] page reload .vitepress/dist/components/lxupload.html
03:16:11 [vitepress] page reload .vitepress/dist/components/lxvirtualtree.html
03:16:11 [vitepress] page reload .vitepress/dist/components/new-components.html
03:16:11 [vitepress] page reload .vitepress/dist/components/permissions.html
03:23:31 [vitepress] hmr update /@fs/F:/work/linkx-admin/linkx-fe/src/components/LxCascader/demo/basic.vue?vue&type=style&index=0&scoped=ba3b1592&lang.css
03:23:31 [vitepress] hmr update /@fs/F:/work/linkx-admin/linkx-fe/src/components/LxTreeSelect/demo/basic.vue?vue&type=style&index=0&scoped=82c10d11&lang.css, /components/lxtreeselect.md
03:24:49 [vitepress] page reload .vitepress/dist/404.html
03:24:49 [vitepress] page reload .vitepress/dist/components/element-bridge.html
03:24:49 [vitepress] page reload .vitepress/dist/components/lxradio.html
03:24:49 [vitepress] page reload .vitepress/dist/components/lxgauge.html
03:24:49 [vitepress] page reload .vitepress/dist/components/lxpagination.html
03:24:49 [vitepress] page reload .vitepress/dist/components/lxpasswordinput.html
03:24:49 [vitepress] page reload .vitepress/dist/components/lxselectpagination.html
03:24:49 [vitepress] page reload .vitepress/dist/components/lxselecttree.html
03:24:49 [vitepress] page reload .vitepress/dist/components/lxactionbuttons.html
03:24:49 [vitepress] page reload .vitepress/dist/components/lxauthimg.html
03:24:49 [vitepress] page reload .vitepress/dist/components/lxbreadcrumb.html
03:24:49 [vitepress] page reload .vitepress/dist/components/lxbutton.html
03:24:49 [vitepress] page reload .vitepress/dist/components/lxcascader.html
03:24:49 [vitepress] page reload .vitepress/dist/components/lxcheckbox.html
03:24:49 [vitepress] page reload .vitepress/dist/components/lxcodeslot.html
03:24:49 [vitepress] page reload .vitepress/dist/components/lxconfirm.html
03:24:49 [vitepress] page reload .vitepress/dist/components/lxdatepicker.html
03:24:49 [vitepress] page reload .vitepress/dist/components/lxdescriptions.html
03:24:49 [vitepress] page reload .vitepress/dist/components/lxdialog.html
03:24:49 [vitepress] page reload .vitepress/dist/components/lxdrawer.html
03:24:49 [vitepress] page reload .vitepress/dist/components/lxdutycalendar.html
03:24:49 [vitepress] page reload .vitepress/dist/components/lxdynamicform.html
03:24:49 [vitepress] page reload .vitepress/dist/components/lxempty.html
03:24:49 [vitepress] page reload .vitepress/dist/components/lxform.html
03:24:49 [vitepress] page reload .vitepress/dist/components/lxformerrorbanner.html
03:24:49 [vitepress] page reload .vitepress/dist/components/lxicons.html
03:24:49 [vitepress] page reload .vitepress/dist/components/lxinput.html
03:24:49 [vitepress] page reload .vitepress/dist/components/lxinputnumber.html
03:24:49 [vitepress] page reload .vitepress/dist/components/lxmessage.html
03:24:49 [vitepress] page reload .vitepress/dist/components/lxmetriccard.html
03:24:49 [vitepress] page reload .vitepress/dist/components/lxnavbar.html
03:24:49 [vitepress] page reload .vitepress/dist/components/lxnodebadge.html
03:24:49 [vitepress] page reload .vitepress/dist/components/lxpagecard.html
03:24:49 [vitepress] page reload .vitepress/dist/components/lxprotable.html
03:24:49 [vitepress] page reload .vitepress/dist/components/lxsearchbar.html
03:24:49 [vitepress] page reload .vitepress/dist/components/lxsectiontitle.html
03:24:49 [vitepress] page reload .vitepress/dist/components/lxselect.html
03:24:49 [vitepress] page reload .vitepress/dist/components/lxsidebar.html
03:24:49 [vitepress] page reload .vitepress/dist/components/lxsplitlayout.html
03:24:49 [vitepress] page reload .vitepress/dist/components/lxstatusdot.html
03:24:49 [vitepress] page reload .vitepress/dist/components/lxstatusswitch.html
03:24:49 [vitepress] page reload .vitepress/dist/components/lxswitch.html
03:24:49 [vitepress] page reload .vitepress/dist/components/lxtabsbar.html
03:24:49 [vitepress] page reload .vitepress/dist/components/lxtag.html
03:24:49 [vitepress] page reload .vitepress/dist/components/lxtextarea.html
03:24:49 [vitepress] page reload .vitepress/dist/components/lxtransferpanel.html
03:24:49 [vitepress] page reload .vitepress/dist/components/lxtreeselect.html
03:24:49 [vitepress] page reload .vitepress/dist/components/lxupload.html
03:24:49 [vitepress] page reload .vitepress/dist/components/lxvirtualtree.html
03:24:49 [vitepress] page reload .vitepress/dist/components/new-components.html
03:24:49 [vitepress] page reload .vitepress/dist/components/permissions.html
03:24:49 [vitepress] page reload .vitepress/dist/DELIVERY-CHECK.html
03:24:49 [vitepress] page reload .vitepress/dist/index.html
03:24:49 [vitepress] page reload .vitepress/dist/ROADMAP.html
03:25:07 [vitepress] page reload .vitepress/dist/404.html
03:25:07 [vitepress] page reload .vitepress/dist/DELIVERY-CHECK.html
03:25:07 [vitepress] page reload .vitepress/dist/ROADMAP.html
03:25:07 [vitepress] page reload .vitepress/dist/index.html
03:25:07 [vitepress] page reload .vitepress/dist/components/element-bridge.html
03:25:07 [vitepress] page reload .vitepress/dist/components/lxactionbuttons.html
03:25:07 [vitepress] page reload .vitepress/dist/components/lxauthimg.html
03:25:08 [vitepress] page reload .vitepress/dist/components/lxbreadcrumb.html
03:25:08 [vitepress] page reload .vitepress/dist/components/lxbutton.html
03:25:08 [vitepress] page reload .vitepress/dist/components/lxcascader.html
03:25:08 [vitepress] page reload .vitepress/dist/components/lxcheckbox.html
03:25:08 [vitepress] page reload .vitepress/dist/components/lxcodeslot.html
03:25:08 [vitepress] page reload .vitepress/dist/components/lxconfirm.html
03:25:08 [vitepress] page reload .vitepress/dist/components/lxdatepicker.html
03:25:08 [vitepress] page reload .vitepress/dist/components/lxdescriptions.html
03:25:08 [vitepress] page reload .vitepress/dist/components/lxdialog.html
03:25:08 [vitepress] page reload .vitepress/dist/components/lxdrawer.html
03:25:08 [vitepress] page reload .vitepress/dist/components/lxdutycalendar.html
03:25:08 [vitepress] page reload .vitepress/dist/components/lxdynamicform.html
03:25:08 [vitepress] page reload .vitepress/dist/components/lxempty.html
03:25:08 [vitepress] page reload .vitepress/dist/components/lxform.html
03:25:08 [vitepress] page reload .vitepress/dist/components/lxformerrorbanner.html
03:25:08 [vitepress] page reload .vitepress/dist/components/lxgauge.html
03:25:08 [vitepress] page reload .vitepress/dist/components/lxicons.html
03:25:08 [vitepress] page reload .vitepress/dist/components/lxinput.html
03:25:08 [vitepress] page reload .vitepress/dist/components/lxinputnumber.html
03:25:08 [vitepress] page reload .vitepress/dist/components/lxmessage.html
03:25:08 [vitepress] page reload .vitepress/dist/components/lxmetriccard.html
03:25:08 [vitepress] page reload .vitepress/dist/components/lxnavbar.html
03:25:08 [vitepress] page reload .vitepress/dist/components/lxnodebadge.html
03:25:09 [vitepress] page reload .vitepress/dist/components/lxpagecard.html
03:25:09 [vitepress] page reload .vitepress/dist/components/lxpagination.html
03:25:09 [vitepress] page reload .vitepress/dist/components/lxpasswordinput.html
03:25:09 [vitepress] page reload .vitepress/dist/components/lxprotable.html
03:25:09 [vitepress] page reload .vitepress/dist/components/lxradio.html
03:25:09 [vitepress] page reload .vitepress/dist/components/lxsearchbar.html
03:25:09 [vitepress] page reload .vitepress/dist/components/lxsectiontitle.html
03:25:09 [vitepress] page reload .vitepress/dist/components/lxselect.html
03:25:09 [vitepress] page reload .vitepress/dist/components/lxselectpagination.html
03:25:09 [vitepress] page reload .vitepress/dist/components/lxselecttree.html
03:25:09 [vitepress] page reload .vitepress/dist/components/lxsidebar.html
03:25:09 [vitepress] page reload .vitepress/dist/components/lxsplitlayout.html
03:25:09 [vitepress] page reload .vitepress/dist/components/lxstatusdot.html
03:25:09 [vitepress] page reload .vitepress/dist/components/lxstatusswitch.html
03:25:09 [vitepress] page reload .vitepress/dist/components/lxswitch.html
03:25:09 [vitepress] page reload .vitepress/dist/components/lxtabsbar.html
03:25:09 [vitepress] page reload .vitepress/dist/components/lxtag.html
03:25:09 [vitepress] page reload .vitepress/dist/components/lxtextarea.html
03:25:09 [vitepress] page reload .vitepress/dist/components/lxtransferpanel.html
03:25:09 [vitepress] page reload .vitepress/dist/components/lxtreeselect.html
03:25:09 [vitepress] page reload .vitepress/dist/components/lxupload.html
03:25:10 [vitepress] page reload .vitepress/dist/components/lxvirtualtree.html
03:25:10 [vitepress] page reload .vitepress/dist/components/new-components.html
03:25:10 [vitepress] page reload .vitepress/dist/components/permissions.html
03:29:38 [vitepress] hmr update /components/lxtreeselect.md
03:29:38 [vitepress] hmr update /@fs/F:/work/linkx-admin/linkx-fe/src/components/LxTreeSelect/demo/basic.vue, /@fs/F:/work/linkx-admin/linkx-fe/src/components/LxTreeSelect/demo/basic.vue?vue&type=style&index=0&scoped=82c10d11&lang.css, /components/lxtreeselect.md
03:29:40 [vitepress] ✨ new dependencies optimized: element-plus/es/locale/lang/en
03:29:40 [vitepress] ✨ optimized dependencies changed. reloading
03:29:59 [vitepress] hmr update /@fs/F:/work/linkx-admin/linkx-fe/src/components/LxTreeSelect/demo/basic.vue, /components/lxtreeselect.md
03:30:22 [vitepress] page reload .vitepress/dist/404.html
03:30:22 [vitepress] page reload .vitepress/dist/components/element-bridge.html
03:30:22 [vitepress] page reload .vitepress/dist/components/lxactionbuttons.html
03:30:22 [vitepress] page reload .vitepress/dist/components/lxauthimg.html
03:30:22 [vitepress] page reload .vitepress/dist/components/lxbreadcrumb.html
03:30:22 [vitepress] page reload .vitepress/dist/components/lxcascader.html
03:30:22 [vitepress] page reload .vitepress/dist/components/lxbutton.html
03:30:22 [vitepress] page reload .vitepress/dist/components/lxcheckbox.html
03:30:22 [vitepress] page reload .vitepress/dist/components/lxconfirm.html
03:30:22 [vitepress] page reload .vitepress/dist/components/lxdatepicker.html
03:30:22 [vitepress] page reload .vitepress/dist/components/lxdialog.html
03:30:22 [vitepress] page reload .vitepress/dist/components/lxcodeslot.html
03:30:22 [vitepress] page reload .vitepress/dist/components/lxdescriptions.html
03:30:22 [vitepress] page reload .vitepress/dist/components/lxdutycalendar.html
03:30:22 [vitepress] page reload .vitepress/dist/components/lxempty.html
03:30:22 [vitepress] page reload .vitepress/dist/components/lxdrawer.html
03:30:22 [vitepress] page reload .vitepress/dist/components/lxdynamicform.html
03:30:22 [vitepress] page reload .vitepress/dist/components/lxform.html
03:30:22 [vitepress] page reload .vitepress/dist/components/lxformerrorbanner.html
03:30:22 [vitepress] page reload .vitepress/dist/components/lxgauge.html
03:30:22 [vitepress] page reload .vitepress/dist/components/lxicons.html
03:30:22 [vitepress] page reload .vitepress/dist/components/lxinput.html
03:30:22 [vitepress] page reload .vitepress/dist/components/lxinputnumber.html
03:30:22 [vitepress] page reload .vitepress/dist/components/lxmessage.html
03:30:22 [vitepress] page reload .vitepress/dist/components/lxmetriccard.html
03:30:22 [vitepress] page reload .vitepress/dist/components/lxnavbar.html
03:30:22 [vitepress] page reload .vitepress/dist/components/lxnodebadge.html
03:30:22 [vitepress] page reload .vitepress/dist/components/lxpagecard.html
03:30:22 [vitepress] page reload .vitepress/dist/components/lxpagination.html
03:30:22 [vitepress] page reload .vitepress/dist/components/lxpasswordinput.html
03:30:22 [vitepress] page reload .vitepress/dist/components/lxprotable.html
03:30:22 [vitepress] page reload .vitepress/dist/components/lxradio.html
03:30:22 [vitepress] page reload .vitepress/dist/components/lxsearchbar.html
03:30:22 [vitepress] page reload .vitepress/dist/components/lxsectiontitle.html
03:30:22 [vitepress] page reload .vitepress/dist/components/lxselect.html
03:30:22 [vitepress] page reload .vitepress/dist/components/lxselectpagination.html
03:30:22 [vitepress] page reload .vitepress/dist/components/lxselecttree.html
03:30:22 [vitepress] page reload .vitepress/dist/components/lxsidebar.html
03:30:22 [vitepress] page reload .vitepress/dist/components/lxsplitlayout.html
03:30:22 [vitepress] page reload .vitepress/dist/components/lxstatusdot.html
03:30:22 [vitepress] page reload .vitepress/dist/components/lxstatusswitch.html
03:30:22 [vitepress] page reload .vitepress/dist/components/lxswitch.html
03:30:22 [vitepress] page reload .vitepress/dist/components/lxtabsbar.html
03:30:22 [vitepress] page reload .vitepress/dist/components/lxtag.html
03:30:22 [vitepress] page reload .vitepress/dist/components/lxtextarea.html
03:30:22 [vitepress] page reload .vitepress/dist/components/lxtransferpanel.html
03:30:22 [vitepress] page reload .vitepress/dist/components/lxtreeselect.html
03:30:22 [vitepress] page reload .vitepress/dist/components/lxupload.html
03:30:22 [vitepress] page reload .vitepress/dist/components/lxvirtualtree.html
03:30:22 [vitepress] page reload .vitepress/dist/components/new-components.html
03:30:22 [vitepress] page reload .vitepress/dist/components/permissions.html
03:30:22 [vitepress] page reload .vitepress/dist/DELIVERY-CHECK.html
03:30:22 [vitepress] page reload .vitepress/dist/ROADMAP.html
03:30:22 [vitepress] page reload .vitepress/dist/index.html
03:30:42 [vitepress] page reload .vitepress/dist/404.html
03:30:42 [vitepress] page reload .vitepress/dist/DELIVERY-CHECK.html
03:30:42 [vitepress] page reload .vitepress/dist/ROADMAP.html
03:30:42 [vitepress] page reload .vitepress/dist/index.html
03:30:42 [vitepress] page reload .vitepress/dist/components/element-bridge.html
03:30:42 [vitepress] page reload .vitepress/dist/components/lxactionbuttons.html
03:30:42 [vitepress] page reload .vitepress/dist/components/lxauthimg.html
03:30:42 [vitepress] page reload .vitepress/dist/components/lxbreadcrumb.html
03:30:42 [vitepress] page reload .vitepress/dist/components/lxbutton.html
03:30:42 [vitepress] page reload .vitepress/dist/components/lxcascader.html
03:30:42 [vitepress] page reload .vitepress/dist/components/lxcheckbox.html
03:30:42 [vitepress] page reload .vitepress/dist/components/lxcodeslot.html
03:30:42 [vitepress] page reload .vitepress/dist/components/lxconfirm.html
03:30:42 [vitepress] page reload .vitepress/dist/components/lxdatepicker.html
03:30:42 [vitepress] page reload .vitepress/dist/components/lxdescriptions.html
03:30:42 [vitepress] page reload .vitepress/dist/components/lxdialog.html
03:30:42 [vitepress] page reload .vitepress/dist/components/lxdrawer.html
03:30:42 [vitepress] page reload .vitepress/dist/components/lxdutycalendar.html
03:30:43 [vitepress] page reload .vitepress/dist/components/lxdynamicform.html
03:30:43 [vitepress] page reload .vitepress/dist/components/lxempty.html
03:30:43 [vitepress] page reload .vitepress/dist/components/lxform.html
03:30:43 [vitepress] page reload .vitepress/dist/components/lxformerrorbanner.html
03:30:43 [vitepress] page reload .vitepress/dist/components/lxgauge.html
03:30:43 [vitepress] page reload .vitepress/dist/components/lxicons.html
03:30:43 [vitepress] page reload .vitepress/dist/components/lxinput.html
03:30:43 [vitepress] page reload .vitepress/dist/components/lxinputnumber.html
03:30:43 [vitepress] page reload .vitepress/dist/components/lxmessage.html
03:30:43 [vitepress] page reload .vitepress/dist/components/lxmetriccard.html
03:30:43 [vitepress] page reload .vitepress/dist/components/lxnavbar.html
03:30:43 [vitepress] page reload .vitepress/dist/components/lxnodebadge.html
03:30:43 [vitepress] page reload .vitepress/dist/components/lxpagecard.html
03:30:43 [vitepress] page reload .vitepress/dist/components/lxpagination.html
03:30:43 [vitepress] page reload .vitepress/dist/components/lxpasswordinput.html
03:30:43 [vitepress] page reload .vitepress/dist/components/lxprotable.html
03:30:43 [vitepress] page reload .vitepress/dist/components/lxradio.html
03:30:43 [vitepress] page reload .vitepress/dist/components/lxsearchbar.html
03:30:43 [vitepress] page reload .vitepress/dist/components/lxsectiontitle.html
03:30:43 [vitepress] page reload .vitepress/dist/components/lxselect.html
03:30:43 [vitepress] page reload .vitepress/dist/components/lxselectpagination.html
03:30:43 [vitepress] page reload .vitepress/dist/components/lxselecttree.html
03:30:43 [vitepress] page reload .vitepress/dist/components/lxsidebar.html
03:30:44 [vitepress] page reload .vitepress/dist/components/lxsplitlayout.html
03:30:44 [vitepress] page reload .vitepress/dist/components/lxstatusdot.html
03:30:44 [vitepress] page reload .vitepress/dist/components/lxstatusswitch.html
03:30:44 [vitepress] page reload .vitepress/dist/components/lxswitch.html
03:30:44 [vitepress] page reload .vitepress/dist/components/lxtabsbar.html
03:30:44 [vitepress] page reload .vitepress/dist/components/lxtag.html
03:30:44 [vitepress] page reload .vitepress/dist/components/lxtextarea.html
03:30:44 [vitepress] page reload .vitepress/dist/components/lxtransferpanel.html
03:30:44 [vitepress] page reload .vitepress/dist/components/lxtreeselect.html
03:30:44 [vitepress] page reload .vitepress/dist/components/lxupload.html
03:30:44 [vitepress] page reload .vitepress/dist/components/lxvirtualtree.html
03:30:44 [vitepress] page reload .vitepress/dist/components/new-components.html
03:30:44 [vitepress] page reload .vitepress/dist/components/permissions.html
03:37:14 [vitepress] page reload .vitepress/dist/404.html
03:37:14 [vitepress] page reload .vitepress/dist/DELIVERY-CHECK.html
03:37:14 [vitepress] page reload .vitepress/dist/ROADMAP.html
03:37:14 [vitepress] page reload .vitepress/dist/index.html
03:37:14 [vitepress] page reload .vitepress/dist/components/element-bridge.html
03:37:14 [vitepress] page reload .vitepress/dist/components/lxactionbuttons.html
03:37:14 [vitepress] page reload .vitepress/dist/components/lxauthimg.html
03:37:14 [vitepress] page reload .vitepress/dist/components/lxbreadcrumb.html
03:37:14 [vitepress] page reload .vitepress/dist/components/lxbutton.html
03:37:14 [vitepress] page reload .vitepress/dist/components/lxcascader.html
03:37:14 [vitepress] page reload .vitepress/dist/components/lxcheckbox.html
03:37:14 [vitepress] page reload .vitepress/dist/components/lxcodeslot.html
03:37:14 [vitepress] page reload .vitepress/dist/components/lxconfirm.html
03:37:14 [vitepress] page reload .vitepress/dist/components/lxdatepicker.html
03:37:14 [vitepress] page reload .vitepress/dist/components/lxdescriptions.html
03:37:14 [vitepress] page reload .vitepress/dist/components/lxdialog.html
03:37:14 [vitepress] page reload .vitepress/dist/components/lxdrawer.html
03:37:14 [vitepress] page reload .vitepress/dist/components/lxdutycalendar.html
03:37:14 [vitepress] page reload .vitepress/dist/components/lxdynamicform.html
03:37:14 [vitepress] page reload .vitepress/dist/components/lxempty.html
03:37:14 [vitepress] page reload .vitepress/dist/components/lxform.html
03:37:14 [vitepress] page reload .vitepress/dist/components/lxformerrorbanner.html
03:37:14 [vitepress] page reload .vitepress/dist/components/lxgauge.html
03:37:14 [vitepress] page reload .vitepress/dist/components/lxicons.html
03:37:14 [vitepress] page reload .vitepress/dist/components/lxinput.html
03:37:14 [vitepress] page reload .vitepress/dist/components/lxinputnumber.html
03:37:14 [vitepress] page reload .vitepress/dist/components/lxmessage.html
03:37:14 [vitepress] page reload .vitepress/dist/components/lxmetriccard.html
03:37:14 [vitepress] page reload .vitepress/dist/components/lxnavbar.html
03:37:14 [vitepress] page reload .vitepress/dist/components/lxnodebadge.html
03:37:14 [vitepress] page reload .vitepress/dist/components/lxpagecard.html
03:37:14 [vitepress] page reload .vitepress/dist/components/lxpagination.html
03:37:14 [vitepress] page reload .vitepress/dist/components/lxpasswordinput.html
03:37:14 [vitepress] page reload .vitepress/dist/components/lxprotable.html
03:37:14 [vitepress] page reload .vitepress/dist/components/lxradio.html
03:37:14 [vitepress] page reload .vitepress/dist/components/lxsearchbar.html
03:37:14 [vitepress] page reload .vitepress/dist/components/lxsectiontitle.html
03:37:14 [vitepress] page reload .vitepress/dist/components/lxselect.html
03:37:14 [vitepress] page reload .vitepress/dist/components/lxselectpagination.html
03:37:14 [vitepress] page reload .vitepress/dist/components/lxselecttree.html
03:37:14 [vitepress] page reload .vitepress/dist/components/lxsidebar.html
03:37:14 [vitepress] page reload .vitepress/dist/components/lxsplitlayout.html
03:37:14 [vitepress] page reload .vitepress/dist/components/lxstatusdot.html
03:37:14 [vitepress] page reload .vitepress/dist/components/lxstatusswitch.html
03:37:14 [vitepress] page reload .vitepress/dist/components/lxswitch.html
03:37:14 [vitepress] page reload .vitepress/dist/components/lxtabsbar.html
03:37:14 [vitepress] page reload .vitepress/dist/components/lxtag.html
03:37:14 [vitepress] page reload .vitepress/dist/components/lxtextarea.html
03:37:14 [vitepress] page reload .vitepress/dist/components/lxtransferpanel.html
03:37:14 [vitepress] page reload .vitepress/dist/components/lxtreeselect.html
03:37:14 [vitepress] page reload .vitepress/dist/components/lxupload.html
03:37:14 [vitepress] page reload .vitepress/dist/components/lxvirtualtree.html
03:37:14 [vitepress] page reload .vitepress/dist/components/new-components.html
03:37:14 [vitepress] page reload .vitepress/dist/components/permissions.html
03:37:33 [vitepress] page reload .vitepress/dist/404.html
03:37:33 [vitepress] page reload .vitepress/dist/components/lxdutycalendar.html
03:37:33 [vitepress] page reload .vitepress/dist/components/lxempty.html
03:37:33 [vitepress] page reload .vitepress/dist/DELIVERY-CHECK.html
03:37:33 [vitepress] page reload .vitepress/dist/index.html
03:37:33 [vitepress] page reload .vitepress/dist/ROADMAP.html
03:37:33 [vitepress] page reload .vitepress/dist/components/element-bridge.html
03:37:33 [vitepress] page reload .vitepress/dist/components/lxactionbuttons.html
03:37:33 [vitepress] page reload .vitepress/dist/components/lxauthimg.html
03:37:33 [vitepress] page reload .vitepress/dist/components/lxbreadcrumb.html
03:37:33 [vitepress] page reload .vitepress/dist/components/lxbutton.html
03:37:33 [vitepress] page reload .vitepress/dist/components/lxcascader.html
03:37:33 [vitepress] page reload .vitepress/dist/components/lxcheckbox.html
03:37:33 [vitepress] page reload .vitepress/dist/components/lxcodeslot.html
03:37:34 [vitepress] page reload .vitepress/dist/components/lxconfirm.html
03:37:34 [vitepress] page reload .vitepress/dist/components/lxdatepicker.html
03:37:34 [vitepress] page reload .vitepress/dist/components/lxdescriptions.html
03:37:34 [vitepress] page reload .vitepress/dist/components/lxdialog.html
03:37:34 [vitepress] page reload .vitepress/dist/components/lxdrawer.html
03:37:34 [vitepress] page reload .vitepress/dist/components/lxdynamicform.html
03:37:34 [vitepress] page reload .vitepress/dist/components/lxform.html
03:37:34 [vitepress] page reload .vitepress/dist/components/lxformerrorbanner.html
03:37:34 [vitepress] page reload .vitepress/dist/components/lxgauge.html
03:37:34 [vitepress] page reload .vitepress/dist/components/lxicons.html
03:37:34 [vitepress] page reload .vitepress/dist/components/lxinput.html
03:37:34 [vitepress] page reload .vitepress/dist/components/lxinputnumber.html
03:37:34 [vitepress] page reload .vitepress/dist/components/lxmessage.html
03:37:34 [vitepress] page reload .vitepress/dist/components/lxmetriccard.html
03:37:34 [vitepress] page reload .vitepress/dist/components/lxnavbar.html
03:37:34 [vitepress] page reload .vitepress/dist/components/lxnodebadge.html
03:37:34 [vitepress] page reload .vitepress/dist/components/lxpagecard.html
03:37:34 [vitepress] page reload .vitepress/dist/components/lxpagination.html
03:37:34 [vitepress] page reload .vitepress/dist/components/lxpasswordinput.html
03:37:34 [vitepress] page reload .vitepress/dist/components/lxradio.html
03:37:34 [vitepress] page reload .vitepress/dist/components/lxprotable.html
03:37:34 [vitepress] page reload .vitepress/dist/components/lxsearchbar.html
03:37:34 [vitepress] page reload .vitepress/dist/components/lxsectiontitle.html
03:37:35 [vitepress] page reload .vitepress/dist/components/lxselect.html
03:37:35 [vitepress] page reload .vitepress/dist/components/lxselectpagination.html
03:37:35 [vitepress] page reload .vitepress/dist/components/lxselecttree.html
03:37:35 [vitepress] page reload .vitepress/dist/components/lxsidebar.html
03:37:35 [vitepress] page reload .vitepress/dist/components/lxsplitlayout.html
03:37:35 [vitepress] page reload .vitepress/dist/components/lxstatusdot.html
03:37:35 [vitepress] page reload .vitepress/dist/components/lxstatusswitch.html
03:37:35 [vitepress] page reload .vitepress/dist/components/lxswitch.html
03:37:35 [vitepress] page reload .vitepress/dist/components/lxtabsbar.html
03:37:35 [vitepress] page reload .vitepress/dist/components/lxtag.html
03:37:35 [vitepress] page reload .vitepress/dist/components/lxtextarea.html
03:37:35 [vitepress] page reload .vitepress/dist/components/lxtransferpanel.html
03:37:35 [vitepress] page reload .vitepress/dist/components/lxtreeselect.html
03:37:35 [vitepress] page reload .vitepress/dist/components/lxupload.html
03:37:35 [vitepress] page reload .vitepress/dist/components/lxvirtualtree.html
03:37:35 [vitepress] page reload .vitepress/dist/components/new-components.html
03:37:35 [vitepress] page reload .vitepress/dist/components/permissions.html
03:42:08 [vitepress] hmr update /@fs/F:/work/linkx-admin/linkx-fe/src/components/LxTreeSelect/demo/basic.vue, /components/lxtreeselect.md
03:42:26 [vitepress] hmr update /@fs/F:/work/linkx-admin/linkx-fe/src/components/LxTreeSelect/demo/basic.vue?vue&type=style&index=0&scoped=82c10d11&lang.css, /@fs/F:/work/linkx-admin/linkx-fe/src/components/LxTreeSelect/demo/basic.vue, /components/lxtreeselect.md
03:42:36 [vitepress] hmr update /@fs/F:/work/linkx-admin/linkx-fe/src/components/LxCascader/style.css
03:43:47 [vitepress] hmr update /@fs/F:/work/linkx-admin/linkx-fe/src/components/LxCascader/demo/basic.vue?vue&type=style&index=0&scoped=ba3b1592&lang.css
03:43:58 [vitepress] hmr update /components/lxtreeselect.md
03:45:43 [vitepress] page reload .vitepress/dist/404.html
03:45:43 [vitepress] page reload .vitepress/dist/components/lxdutycalendar.html
03:45:43 [vitepress] page reload .vitepress/dist/components/lxempty.html
03:45:43 [vitepress] page reload .vitepress/dist/components/element-bridge.html
03:45:43 [vitepress] page reload .vitepress/dist/components/lxactionbuttons.html
03:45:43 [vitepress] page reload .vitepress/dist/components/lxauthimg.html
03:45:43 [vitepress] page reload .vitepress/dist/components/lxbreadcrumb.html
03:45:43 [vitepress] page reload .vitepress/dist/components/lxbutton.html
03:45:43 [vitepress] page reload .vitepress/dist/components/lxcascader.html
03:45:43 [vitepress] page reload .vitepress/dist/components/lxcheckbox.html
03:45:43 [vitepress] page reload .vitepress/dist/components/lxcodeslot.html
03:45:43 [vitepress] page reload .vitepress/dist/components/lxconfirm.html
03:45:43 [vitepress] page reload .vitepress/dist/components/lxdatepicker.html
03:45:43 [vitepress] page reload .vitepress/dist/components/lxdescriptions.html
03:45:43 [vitepress] page reload .vitepress/dist/components/lxdialog.html
03:45:43 [vitepress] page reload .vitepress/dist/components/lxdrawer.html
03:45:43 [vitepress] page reload .vitepress/dist/components/lxdynamicform.html
03:45:43 [vitepress] page reload .vitepress/dist/components/lxform.html
03:45:43 [vitepress] page reload .vitepress/dist/components/lxformerrorbanner.html
03:45:43 [vitepress] page reload .vitepress/dist/components/lxgauge.html
03:45:43 [vitepress] page reload .vitepress/dist/components/lxicons.html
03:45:43 [vitepress] page reload .vitepress/dist/components/lxinput.html
03:45:43 [vitepress] page reload .vitepress/dist/components/lxinputnumber.html
03:45:43 [vitepress] page reload .vitepress/dist/components/lxmessage.html
03:45:43 [vitepress] page reload .vitepress/dist/components/lxmetriccard.html
03:45:43 [vitepress] page reload .vitepress/dist/components/lxnavbar.html
03:45:43 [vitepress] page reload .vitepress/dist/components/lxnodebadge.html
03:45:43 [vitepress] page reload .vitepress/dist/components/lxpagecard.html
03:45:43 [vitepress] page reload .vitepress/dist/components/lxpagination.html
03:45:43 [vitepress] page reload .vitepress/dist/components/lxpasswordinput.html
03:45:43 [vitepress] page reload .vitepress/dist/components/lxradio.html
03:45:43 [vitepress] page reload .vitepress/dist/components/lxprotable.html
03:45:43 [vitepress] page reload .vitepress/dist/components/lxsearchbar.html
03:45:43 [vitepress] page reload .vitepress/dist/components/lxsectiontitle.html
03:45:43 [vitepress] page reload .vitepress/dist/components/lxselect.html
03:45:43 [vitepress] page reload .vitepress/dist/components/lxselectpagination.html
03:45:43 [vitepress] page reload .vitepress/dist/components/lxselecttree.html
03:45:43 [vitepress] page reload .vitepress/dist/components/lxsidebar.html
03:45:43 [vitepress] page reload .vitepress/dist/components/lxsplitlayout.html
03:45:43 [vitepress] page reload .vitepress/dist/components/lxstatusdot.html
03:45:43 [vitepress] page reload .vitepress/dist/components/lxstatusswitch.html
03:45:43 [vitepress] page reload .vitepress/dist/components/lxswitch.html
03:45:43 [vitepress] page reload .vitepress/dist/components/lxtabsbar.html
03:45:43 [vitepress] page reload .vitepress/dist/components/lxtag.html
03:45:43 [vitepress] page reload .vitepress/dist/components/lxtextarea.html
03:45:43 [vitepress] page reload .vitepress/dist/components/lxtransferpanel.html
03:45:43 [vitepress] page reload .vitepress/dist/components/lxtreeselect.html
03:45:43 [vitepress] page reload .vitepress/dist/components/lxupload.html
03:45:43 [vitepress] page reload .vitepress/dist/components/lxvirtualtree.html
03:45:43 [vitepress] page reload .vitepress/dist/components/new-components.html
03:45:43 [vitepress] page reload .vitepress/dist/components/permissions.html
03:45:43 [vitepress] page reload .vitepress/dist/index.html
03:45:43 [vitepress] page reload .vitepress/dist/DELIVERY-CHECK.html
03:45:43 [vitepress] page reload .vitepress/dist/ROADMAP.html
03:45:58 [vitepress] page reload .vitepress/dist/DELIVERY-CHECK.html
03:45:59 [vitepress] page reload .vitepress/dist/404.html
03:45:59 [vitepress] page reload .vitepress/dist/index.html
03:45:59 [vitepress] page reload .vitepress/dist/ROADMAP.html
03:45:59 [vitepress] page reload .vitepress/dist/components/element-bridge.html
03:45:59 [vitepress] page reload .vitepress/dist/components/lxactionbuttons.html
03:45:59 [vitepress] page reload .vitepress/dist/components/lxauthimg.html
03:45:59 [vitepress] page reload .vitepress/dist/components/lxbreadcrumb.html
03:45:59 [vitepress] page reload .vitepress/dist/components/lxbutton.html
03:45:59 [vitepress] page reload .vitepress/dist/components/lxcascader.html
03:46:00 [vitepress] page reload .vitepress/dist/components/lxcheckbox.html
03:46:00 [vitepress] page reload .vitepress/dist/components/lxcodeslot.html
03:46:00 [vitepress] page reload .vitepress/dist/components/lxconfirm.html
03:46:00 [vitepress] page reload .vitepress/dist/components/lxdatepicker.html
03:46:00 [vitepress] page reload .vitepress/dist/components/lxdescriptions.html
03:46:00 [vitepress] page reload .vitepress/dist/components/lxdialog.html
03:46:00 [vitepress] page reload .vitepress/dist/components/lxdrawer.html
03:46:00 [vitepress] page reload .vitepress/dist/components/lxdutycalendar.html
03:46:00 [vitepress] page reload .vitepress/dist/components/lxdynamicform.html
03:46:00 [vitepress] page reload .vitepress/dist/components/lxempty.html
03:46:00 [vitepress] page reload .vitepress/dist/components/lxform.html
03:46:00 [vitepress] page reload .vitepress/dist/components/lxformerrorbanner.html
03:46:00 [vitepress] page reload .vitepress/dist/components/lxgauge.html
03:46:00 [vitepress] page reload .vitepress/dist/components/lxicons.html
03:46:00 [vitepress] page reload .vitepress/dist/components/lxinput.html
03:46:01 [vitepress] page reload .vitepress/dist/components/lxinputnumber.html
03:46:01 [vitepress] page reload .vitepress/dist/components/lxmessage.html
03:46:01 [vitepress] page reload .vitepress/dist/components/lxmetriccard.html
03:46:01 [vitepress] page reload .vitepress/dist/components/lxnavbar.html
03:46:01 [vitepress] page reload .vitepress/dist/components/lxnodebadge.html
03:46:01 [vitepress] page reload .vitepress/dist/components/lxpagecard.html
03:46:01 [vitepress] page reload .vitepress/dist/components/lxpagination.html
03:46:01 [vitepress] page reload .vitepress/dist/components/lxpasswordinput.html
03:46:01 [vitepress] page reload .vitepress/dist/components/lxprotable.html
03:46:01 [vitepress] page reload .vitepress/dist/components/lxradio.html
03:46:01 [vitepress] page reload .vitepress/dist/components/lxsearchbar.html
03:46:01 [vitepress] page reload .vitepress/dist/components/lxsectiontitle.html
03:46:01 [vitepress] page reload .vitepress/dist/components/lxselect.html
03:46:01 [vitepress] page reload .vitepress/dist/components/lxselectpagination.html
03:46:01 [vitepress] page reload .vitepress/dist/components/lxselecttree.html
03:46:01 [vitepress] page reload .vitepress/dist/components/lxsidebar.html
03:46:01 [vitepress] page reload .vitepress/dist/components/lxsplitlayout.html
03:46:01 [vitepress] page reload .vitepress/dist/components/lxstatusdot.html
03:46:01 [vitepress] page reload .vitepress/dist/components/lxstatusswitch.html
03:46:01 [vitepress] page reload .vitepress/dist/components/lxswitch.html
03:46:01 [vitepress] page reload .vitepress/dist/components/lxtabsbar.html
03:46:01 [vitepress] page reload .vitepress/dist/components/lxtag.html
03:46:02 [vitepress] page reload .vitepress/dist/components/lxtextarea.html
03:46:02 [vitepress] page reload .vitepress/dist/components/lxtransferpanel.html
03:46:02 [vitepress] page reload .vitepress/dist/components/lxtreeselect.html
03:46:02 [vitepress] page reload .vitepress/dist/components/lxupload.html
03:46:02 [vitepress] page reload .vitepress/dist/components/lxvirtualtree.html
03:46:02 [vitepress] page reload .vitepress/dist/components/new-components.html
03:46:02 [vitepress] page reload .vitepress/dist/components/permissions.html
03:47:45 [vitepress] hmr update /@fs/F:/work/linkx-admin/linkx-fe/src/components/LxTreeSelect/demo/basic.vue, /components/lxtreeselect.md
