Port 4174 is in use, trying another one...

  vitepress v1.6.4

  ➜  Local:   http://127.0.0.1:4175/
  ➜  press h to show help
20:45:53 [vitepress] page reload .vitepress/dist/404.html
20:45:53 [vitepress] page reload .vitepress/dist/DELIVERY-CHECK.html
20:45:53 [vitepress] page reload .vitepress/dist/index.html
20:45:53 [vitepress] page reload .vitepress/dist/ROADMAP.html
20:45:53 [vitepress] page reload .vitepress/dist/components/element-bridge.html
20:45:53 [vitepress] page reload .vitepress/dist/components/lxactionbuttons.html
20:45:53 [vitepress] page reload .vitepress/dist/components/lxauthimg.html
20:45:53 [vitepress] page reload .vitepress/dist/components/lxbreadcrumb.html
20:45:53 [vitepress] page reload .vitepress/dist/components/lxconfirm.html
20:45:53 [vitepress] page reload .vitepress/dist/components/lxdescriptions.html
20:45:53 [vitepress] page reload .vitepress/dist/components/lxdialog.html
20:45:53 [vitepress] page reload .vitepress/dist/components/lxdrawer.html
20:45:53 [vitepress] page reload .vitepress/dist/components/lxdutycalendar.html
20:45:53 [vitepress] page reload .vitepress/dist/components/lxdynamicform.html
20:45:53 [vitepress] page reload .vitepress/dist/components/lxempty.html
20:45:53 [vitepress] page reload .vitepress/dist/components/lxform.html
20:45:53 [vitepress] page reload .vitepress/dist/components/lxformerrorbanner.html
20:45:53 [vitepress] page reload .vitepress/dist/components/lxgauge.html
20:45:53 [vitepress] page reload .vitepress/dist/components/lxicons.html
20:45:53 [vitepress] page reload .vitepress/dist/components/lxmetriccard.html
20:45:53 [vitepress] page reload .vitepress/dist/components/lxmessage.html
20:45:53 [vitepress] page reload .vitepress/dist/components/lxnavbar.html
20:45:53 [vitepress] page reload .vitepress/dist/components/lxnodebadge.html
20:45:53 [vitepress] page reload .vitepress/dist/components/lxpagecard.html
20:45:53 [vitepress] page reload .vitepress/dist/components/lxpagination.html
20:45:53 [vitepress] page reload .vitepress/dist/components/lxpasswordinput.html
20:45:53 [vitepress] page reload .vitepress/dist/components/lxprotable.html
20:45:53 [vitepress] page reload .vitepress/dist/components/lxsearchbar.html
20:45:53 [vitepress] page reload .vitepress/dist/components/lxsectiontitle.html
20:45:53 [vitepress] page reload .vitepress/dist/components/lxselectpagination.html
20:45:53 [vitepress] page reload .vitepress/dist/components/lxselecttree.html
20:45:53 [vitepress] page reload .vitepress/dist/components/lxsidebar.html
20:45:53 [vitepress] page reload .vitepress/dist/components/lxsplitlayout.html
20:45:53 [vitepress] page reload .vitepress/dist/components/lxstatusdot.html
20:45:53 [vitepress] page reload .vitepress/dist/components/lxstatusswitch.html
20:45:53 [vitepress] page reload .vitepress/dist/components/lxtabsbar.html
20:45:53 [vitepress] page reload .vitepress/dist/components/lxtag.html
20:45:53 [vitepress] page reload .vitepress/dist/components/lxtransferpanel.html
20:45:53 [vitepress] page reload .vitepress/dist/components/lxupload.html
20:45:53 [vitepress] page reload .vitepress/dist/components/lxvirtualtree.html
20:45:53 [vitepress] page reload .vitepress/dist/components/new-components.html
20:45:53 [vitepress] page reload .vitepress/dist/components/permissions.html
20:46:23 [vitepress] page reload .vitepress/dist/DELIVERY-CHECK.html
20:46:23 [vitepress] page reload .vitepress/dist/ROADMAP.html
20:46:23 [vitepress] page reload .vitepress/dist/404.html
20:46:23 [vitepress] page reload .vitepress/dist/index.html
20:46:23 [vitepress] page reload .vitepress/dist/components/element-bridge.html
20:46:23 [vitepress] page reload .vitepress/dist/components/lxactionbuttons.html
20:46:23 [vitepress] page reload .vitepress/dist/components/lxauthimg.html
20:46:23 [vitepress] page reload .vitepress/dist/components/lxbreadcrumb.html
20:46:23 [vitepress] page reload .vitepress/dist/components/lxconfirm.html
20:46:23 [vitepress] page reload .vitepress/dist/components/lxdescriptions.html
20:46:24 [vitepress] page reload .vitepress/dist/components/lxdialog.html
20:46:24 [vitepress] page reload .vitepress/dist/components/lxdrawer.html
20:46:24 [vitepress] page reload .vitepress/dist/components/lxdutycalendar.html
20:46:24 [vitepress] page reload .vitepress/dist/components/lxdynamicform.html
20:46:24 [vitepress] page reload .vitepress/dist/components/lxempty.html
20:46:24 [vitepress] page reload .vitepress/dist/components/lxform.html
20:46:24 [vitepress] page reload .vitepress/dist/components/lxformerrorbanner.html
20:46:24 [vitepress] page reload .vitepress/dist/components/lxgauge.html
20:46:24 [vitepress] page reload .vitepress/dist/components/lxicons.html
20:46:24 [vitepress] page reload .vitepress/dist/components/lxmessage.html
20:46:24 [vitepress] page reload .vitepress/dist/components/lxmetriccard.html
20:46:24 [vitepress] page reload .vitepress/dist/components/lxnavbar.html
20:46:24 [vitepress] page reload .vitepress/dist/components/lxnodebadge.html
20:46:24 [vitepress] page reload .vitepress/dist/components/lxpagecard.html
20:46:24 [vitepress] page reload .vitepress/dist/components/lxpagination.html
20:46:24 [vitepress] page reload .vitepress/dist/components/lxpasswordinput.html
20:46:24 [vitepress] page reload .vitepress/dist/components/lxprotable.html
20:46:24 [vitepress] page reload .vitepress/dist/components/lxsearchbar.html
20:46:25 [vitepress] page reload .vitepress/dist/components/lxsectiontitle.html
20:46:25 [vitepress] page reload .vitepress/dist/components/lxselectpagination.html
20:46:25 [vitepress] page reload .vitepress/dist/components/lxselecttree.html
20:46:25 [vitepress] page reload .vitepress/dist/components/lxsidebar.html
20:46:25 [vitepress] page reload .vitepress/dist/components/lxsplitlayout.html
20:46:25 [vitepress] page reload .vitepress/dist/components/lxstatusdot.html
20:46:25 [vitepress] page reload .vitepress/dist/components/lxstatusswitch.html
20:46:25 [vitepress] page reload .vitepress/dist/components/lxtabsbar.html
20:46:25 [vitepress] page reload .vitepress/dist/components/lxtag.html
20:46:25 [vitepress] page reload .vitepress/dist/components/lxtransferpanel.html
20:46:25 [vitepress] page reload .vitepress/dist/components/lxupload.html
20:46:25 [vitepress] page reload .vitepress/dist/components/lxvirtualtree.html
20:46:25 [vitepress] page reload .vitepress/dist/components/new-components.html
20:46:25 [vitepress] page reload .vitepress/dist/components/permissions.html
