
  vitepress v1.6.4

  ➜  Local:   http://127.0.0.1:4180/
  ➜  press h to show help
18:04:03 [vitepress] hmr update /components/lxcascader.md
18:07:27 [vitepress] page reload .vitepress/dist/404.html
18:07:27 [vitepress] page reload .vitepress/dist/components/element-bridge.html
18:07:27 [vitepress] page reload .vitepress/dist/components/lxactionbuttons.html
18:07:27 [vitepress] page reload .vitepress/dist/components/lxauthimg.html
18:07:27 [vitepress] page reload .vitepress/dist/components/lxbreadcrumb.html
18:07:27 [vitepress] page reload .vitepress/dist/components/lxbutton.html
18:07:27 [vitepress] page reload .vitepress/dist/components/lxcascader.html
18:07:27 [vitepress] page reload .vitepress/dist/components/lxcheckbox.html
18:07:27 [vitepress] page reload .vitepress/dist/components/lxcodeslot.html
18:07:27 [vitepress] page reload .vitepress/dist/components/lxconfirm.html
18:07:27 [vitepress] page reload .vitepress/dist/components/lxdatepicker.html
18:07:27 [vitepress] page reload .vitepress/dist/components/lxdescriptions.html
18:07:27 [vitepress] page reload .vitepress/dist/components/lxdialog.html
18:07:27 [vitepress] page reload .vitepress/dist/components/lxdrawer.html
18:07:27 [vitepress] page reload .vitepress/dist/components/lxdutycalendar.html
18:07:27 [vitepress] page reload .vitepress/dist/components/lxdynamicform.html
18:07:27 [vitepress] page reload .vitepress/dist/components/lxempty.html
18:07:27 [vitepress] page reload .vitepress/dist/components/lxform.html
18:07:27 [vitepress] page reload .vitepress/dist/components/lxformerrorbanner.html
18:07:27 [vitepress] page reload .vitepress/dist/components/lxgauge.html
18:07:27 [vitepress] page reload .vitepress/dist/components/lxicons.html
18:07:27 [vitepress] page reload .vitepress/dist/components/lxinput.html
18:07:27 [vitepress] page reload .vitepress/dist/components/lxinputnumber.html
18:07:27 [vitepress] page reload .vitepress/dist/components/lxmessage.html
18:07:27 [vitepress] page reload .vitepress/dist/components/lxmetriccard.html
18:07:27 [vitepress] page reload .vitepress/dist/components/lxnavbar.html
18:07:27 [vitepress] page reload .vitepress/dist/components/lxnodebadge.html
18:07:27 [vitepress] page reload .vitepress/dist/components/lxpagecard.html
18:07:27 [vitepress] page reload .vitepress/dist/components/lxpagination.html
18:07:27 [vitepress] page reload .vitepress/dist/components/lxpasswordinput.html
18:07:27 [vitepress] page reload .vitepress/dist/components/lxprotable.html
18:07:27 [vitepress] page reload .vitepress/dist/components/lxradio.html
18:07:27 [vitepress] page reload .vitepress/dist/components/lxsearchbar.html
18:07:27 [vitepress] page reload .vitepress/dist/components/lxsectiontitle.html
18:07:27 [vitepress] page reload .vitepress/dist/components/lxselect.html
18:07:27 [vitepress] page reload .vitepress/dist/components/lxselectpagination.html
18:07:27 [vitepress] page reload .vitepress/dist/components/lxselecttree.html
18:07:27 [vitepress] page reload .vitepress/dist/components/lxsidebar.html
18:07:27 [vitepress] page reload .vitepress/dist/components/lxsplitlayout.html
18:07:27 [vitepress] page reload .vitepress/dist/components/lxstatusdot.html
18:07:27 [vitepress] page reload .vitepress/dist/components/lxstatusswitch.html
18:07:27 [vitepress] page reload .vitepress/dist/components/lxswitch.html
18:07:27 [vitepress] page reload .vitepress/dist/components/lxtabsbar.html
18:07:27 [vitepress] page reload .vitepress/dist/components/lxtag.html
18:07:27 [vitepress] page reload .vitepress/dist/components/lxtextarea.html
18:07:27 [vitepress] page reload .vitepress/dist/components/lxtransferpanel.html
18:07:27 [vitepress] page reload .vitepress/dist/components/lxtreeselect.html
18:07:27 [vitepress] page reload .vitepress/dist/components/lxupload.html
18:07:27 [vitepress] page reload .vitepress/dist/components/lxvirtualtree.html
18:07:27 [vitepress] page reload .vitepress/dist/components/new-components.html
18:07:27 [vitepress] page reload .vitepress/dist/components/permissions.html
18:07:27 [vitepress] page reload .vitepress/dist/DELIVERY-CHECK.html
18:07:27 [vitepress] page reload .vitepress/dist/index.html
18:07:27 [vitepress] page reload .vitepress/dist/ROADMAP.html
18:07:45 [vitepress] page reload .vitepress/dist/404.html
18:07:45 [vitepress] page reload .vitepress/dist/ROADMAP.html
18:07:45 [vitepress] page reload .vitepress/dist/DELIVERY-CHECK.html
18:07:45 [vitepress] page reload .vitepress/dist/index.html
18:07:45 [vitepress] page reload .vitepress/dist/components/element-bridge.html
18:07:45 [vitepress] page reload .vitepress/dist/components/lxactionbuttons.html
18:07:45 [vitepress] page reload .vitepress/dist/components/lxauthimg.html
18:07:45 [vitepress] page reload .vitepress/dist/components/lxbreadcrumb.html
18:07:45 [vitepress] page reload .vitepress/dist/components/lxbutton.html
18:07:45 [vitepress] page reload .vitepress/dist/components/lxcascader.html
18:07:45 [vitepress] page reload .vitepress/dist/components/lxcheckbox.html
18:07:45 [vitepress] page reload .vitepress/dist/components/lxcodeslot.html
18:07:45 [vitepress] page reload .vitepress/dist/components/lxconfirm.html
18:07:45 [vitepress] page reload .vitepress/dist/components/lxdatepicker.html
18:07:46 [vitepress] page reload .vitepress/dist/components/lxdescriptions.html
18:07:46 [vitepress] page reload .vitepress/dist/components/lxdialog.html
18:07:46 [vitepress] page reload .vitepress/dist/components/lxdrawer.html
18:07:46 [vitepress] page reload .vitepress/dist/components/lxdutycalendar.html
18:07:46 [vitepress] page reload .vitepress/dist/components/lxdynamicform.html
18:07:46 [vitepress] page reload .vitepress/dist/components/lxempty.html
18:07:46 [vitepress] page reload .vitepress/dist/components/lxform.html
18:07:46 [vitepress] page reload .vitepress/dist/components/lxformerrorbanner.html
18:07:46 [vitepress] page reload .vitepress/dist/components/lxgauge.html
18:07:46 [vitepress] page reload .vitepress/dist/components/lxicons.html
18:07:46 [vitepress] page reload .vitepress/dist/components/lxinput.html
18:07:46 [vitepress] page reload .vitepress/dist/components/lxinputnumber.html
18:07:46 [vitepress] page reload .vitepress/dist/components/lxmessage.html
18:07:46 [vitepress] page reload .vitepress/dist/components/lxmetriccard.html
18:07:46 [vitepress] page reload .vitepress/dist/components/lxnavbar.html
18:07:46 [vitepress] page reload .vitepress/dist/components/lxnodebadge.html
18:07:46 [vitepress] page reload .vitepress/dist/components/lxpagecard.html
18:07:46 [vitepress] page reload .vitepress/dist/components/lxpagination.html
18:07:46 [vitepress] page reload .vitepress/dist/components/lxpasswordinput.html
18:07:46 [vitepress] page reload .vitepress/dist/components/lxprotable.html
18:07:46 [vitepress] page reload .vitepress/dist/components/lxradio.html
18:07:46 [vitepress] page reload .vitepress/dist/components/lxsearchbar.html
18:07:46 [vitepress] page reload .vitepress/dist/components/lxsectiontitle.html
18:07:46 [vitepress] page reload .vitepress/dist/components/lxselect.html
18:07:47 [vitepress] page reload .vitepress/dist/components/lxselectpagination.html
18:07:47 [vitepress] page reload .vitepress/dist/components/lxselecttree.html
18:07:47 [vitepress] page reload .vitepress/dist/components/lxsidebar.html
18:07:47 [vitepress] page reload .vitepress/dist/components/lxsplitlayout.html
18:07:47 [vitepress] page reload .vitepress/dist/components/lxstatusdot.html
18:07:47 [vitepress] page reload .vitepress/dist/components/lxstatusswitch.html
18:07:47 [vitepress] page reload .vitepress/dist/components/lxswitch.html
18:07:47 [vitepress] page reload .vitepress/dist/components/lxtabsbar.html
18:07:47 [vitepress] page reload .vitepress/dist/components/lxtag.html
18:07:47 [vitepress] page reload .vitepress/dist/components/lxtextarea.html
18:07:47 [vitepress] page reload .vitepress/dist/components/lxtransferpanel.html
18:07:47 [vitepress] page reload .vitepress/dist/components/lxtreeselect.html
18:07:47 [vitepress] page reload .vitepress/dist/components/lxupload.html
18:07:47 [vitepress] page reload .vitepress/dist/components/lxvirtualtree.html
18:07:47 [vitepress] page reload .vitepress/dist/components/new-components.html
18:07:47 [vitepress] page reload .vitepress/dist/components/permissions.html
