
  vitepress v1.6.4

  ➜  Local:   http://127.0.0.1:4174/
  ➜  press h to show help
12:49:58 [vitepress] page reload .vitepress/dist/404.html
12:49:58 [vitepress] page reload .vitepress/dist/components/element-bridge.html
12:49:58 [vitepress] page reload .vitepress/dist/components/lxactionbuttons.html
12:49:58 [vitepress] page reload .vitepress/dist/components/lxauthimg.html
12:49:58 [vitepress] page reload .vitepress/dist/components/lxbreadcrumb.html
12:49:58 [vitepress] page reload .vitepress/dist/components/lxbutton.html
12:49:58 [vitepress] page reload .vitepress/dist/components/lxcascader.html
12:49:58 [vitepress] page reload .vitepress/dist/components/lxcheckbox.html
12:49:58 [vitepress] page reload .vitepress/dist/components/lxcodeslot.html
12:49:58 [vitepress] page reload .vitepress/dist/components/lxconfirm.html
12:49:58 [vitepress] page reload .vitepress/dist/components/lxdatepicker.html
12:49:58 [vitepress] page reload .vitepress/dist/components/lxdescriptions.html
12:49:58 [vitepress] page reload .vitepress/dist/components/lxdialog.html
12:49:58 [vitepress] page reload .vitepress/dist/components/lxdrawer.html
12:49:58 [vitepress] page reload .vitepress/dist/components/lxdutycalendar.html
12:49:58 [vitepress] page reload .vitepress/dist/components/lxdynamicform.html
12:49:58 [vitepress] page reload .vitepress/dist/components/lxempty.html
12:49:58 [vitepress] page reload .vitepress/dist/components/lxform.html
12:49:58 [vitepress] page reload .vitepress/dist/components/lxformerrorbanner.html
12:49:58 [vitepress] page reload .vitepress/dist/components/lxgauge.html
12:49:58 [vitepress] page reload .vitepress/dist/components/lxicons.html
12:49:58 [vitepress] page reload .vitepress/dist/components/lxinput.html
12:49:58 [vitepress] page reload .vitepress/dist/components/lxinputnumber.html
12:49:58 [vitepress] page reload .vitepress/dist/components/lxmessage.html
12:49:58 [vitepress] page reload .vitepress/dist/components/lxmetriccard.html
12:49:58 [vitepress] page reload .vitepress/dist/components/lxnavbar.html
12:49:58 [vitepress] page reload .vitepress/dist/components/lxnodebadge.html
12:49:58 [vitepress] page reload .vitepress/dist/components/lxpagecard.html
12:49:58 [vitepress] page reload .vitepress/dist/components/lxpagination.html
12:49:58 [vitepress] page reload .vitepress/dist/components/lxpasswordinput.html
12:49:58 [vitepress] page reload .vitepress/dist/components/lxprotable.html
12:49:58 [vitepress] page reload .vitepress/dist/components/lxradio.html
12:49:58 [vitepress] page reload .vitepress/dist/components/lxsearchbar.html
12:49:58 [vitepress] page reload .vitepress/dist/components/lxsectiontitle.html
12:49:58 [vitepress] page reload .vitepress/dist/components/lxselect.html
12:49:58 [vitepress] page reload .vitepress/dist/components/lxselectpagination.html
12:49:58 [vitepress] page reload .vitepress/dist/components/lxselecttree.html
12:49:58 [vitepress] page reload .vitepress/dist/components/lxsidebar.html
12:49:58 [vitepress] page reload .vitepress/dist/components/lxsplitlayout.html
12:49:58 [vitepress] page reload .vitepress/dist/components/lxstatusdot.html
12:49:58 [vitepress] page reload .vitepress/dist/components/lxstatusswitch.html
12:49:58 [vitepress] page reload .vitepress/dist/components/lxswitch.html
12:49:58 [vitepress] page reload .vitepress/dist/components/lxtabsbar.html
12:49:58 [vitepress] page reload .vitepress/dist/components/lxtag.html
12:49:58 [vitepress] page reload .vitepress/dist/components/lxtextarea.html
12:49:58 [vitepress] page reload .vitepress/dist/components/lxtransferpanel.html
12:49:58 [vitepress] page reload .vitepress/dist/components/lxtreeselect.html
12:49:58 [vitepress] page reload .vitepress/dist/components/lxupload.html
12:49:58 [vitepress] page reload .vitepress/dist/components/lxvirtualtree.html
12:49:58 [vitepress] page reload .vitepress/dist/components/new-components.html
12:49:58 [vitepress] page reload .vitepress/dist/components/permissions.html
12:49:58 [vitepress] page reload .vitepress/dist/DELIVERY-CHECK.html
12:49:58 [vitepress] page reload .vitepress/dist/index.html
12:49:58 [vitepress] page reload .vitepress/dist/ROADMAP.html
12:50:37 [vitepress] page reload .vitepress/dist/404.html
12:50:37 [vitepress] page reload .vitepress/dist/DELIVERY-CHECK.html
12:50:37 [vitepress] page reload .vitepress/dist/404.html
12:50:37 [vitepress] page reload .vitepress/dist/DELIVERY-CHECK.html
12:50:37 [vitepress] page reload .vitepress/dist/index.html
12:50:37 [vitepress] page reload .vitepress/dist/ROADMAP.html
12:50:38 [vitepress] page reload .vitepress/dist/components/element-bridge.html
12:50:38 [vitepress] page reload .vitepress/dist/components/lxactionbuttons.html
12:50:38 [vitepress] page reload .vitepress/dist/components/lxauthimg.html
12:50:38 [vitepress] page reload .vitepress/dist/components/lxbreadcrumb.html
12:50:38 [vitepress] page reload .vitepress/dist/components/lxbutton.html
12:50:38 [vitepress] page reload .vitepress/dist/components/lxcascader.html
12:50:38 [vitepress] page reload .vitepress/dist/components/lxcheckbox.html
12:50:38 [vitepress] page reload .vitepress/dist/components/lxcodeslot.html
12:50:38 [vitepress] page reload .vitepress/dist/components/lxconfirm.html
12:50:38 [vitepress] page reload .vitepress/dist/components/lxdatepicker.html
12:50:38 [vitepress] page reload .vitepress/dist/components/lxdescriptions.html
12:50:38 [vitepress] page reload .vitepress/dist/components/lxdialog.html
12:50:38 [vitepress] page reload .vitepress/dist/components/lxdrawer.html
12:50:38 [vitepress] page reload .vitepress/dist/components/lxdutycalendar.html
12:50:38 [vitepress] page reload .vitepress/dist/components/lxdynamicform.html
12:50:38 [vitepress] page reload .vitepress/dist/components/lxempty.html
12:50:38 [vitepress] page reload .vitepress/dist/components/lxform.html
12:50:38 [vitepress] page reload .vitepress/dist/components/lxformerrorbanner.html
12:50:38 [vitepress] page reload .vitepress/dist/components/lxgauge.html
12:50:38 [vitepress] page reload .vitepress/dist/components/lxicons.html
12:50:38 [vitepress] page reload .vitepress/dist/components/lxinput.html
12:50:38 [vitepress] page reload .vitepress/dist/components/lxinputnumber.html
12:50:38 [vitepress] page reload .vitepress/dist/components/lxmessage.html
12:50:38 [vitepress] page reload .vitepress/dist/components/lxmetriccard.html
12:50:38 [vitepress] page reload .vitepress/dist/components/lxnavbar.html
12:50:39 [vitepress] page reload .vitepress/dist/components/lxnodebadge.html
12:50:39 [vitepress] page reload .vitepress/dist/components/lxpagecard.html
12:50:39 [vitepress] page reload .vitepress/dist/components/lxpagination.html
12:50:39 [vitepress] page reload .vitepress/dist/components/lxpasswordinput.html
12:50:39 [vitepress] page reload .vitepress/dist/components/lxprotable.html
12:50:39 [vitepress] page reload .vitepress/dist/components/lxradio.html
12:50:39 [vitepress] page reload .vitepress/dist/components/lxsearchbar.html
12:50:39 [vitepress] page reload .vitepress/dist/components/lxsectiontitle.html
12:50:39 [vitepress] page reload .vitepress/dist/components/lxselect.html
12:50:39 [vitepress] page reload .vitepress/dist/components/lxselectpagination.html
12:50:39 [vitepress] page reload .vitepress/dist/components/lxselecttree.html
12:50:39 [vitepress] page reload .vitepress/dist/components/lxsidebar.html
12:50:39 [vitepress] page reload .vitepress/dist/components/lxsplitlayout.html
12:50:39 [vitepress] page reload .vitepress/dist/components/lxstatusdot.html
12:50:39 [vitepress] page reload .vitepress/dist/components/lxstatusswitch.html
12:50:39 [vitepress] page reload .vitepress/dist/components/lxswitch.html
12:50:39 [vitepress] page reload .vitepress/dist/components/lxtabsbar.html
12:50:39 [vitepress] page reload .vitepress/dist/components/lxtag.html
12:50:39 [vitepress] page reload .vitepress/dist/components/lxtextarea.html
12:50:39 [vitepress] page reload .vitepress/dist/components/lxtransferpanel.html
12:50:39 [vitepress] page reload .vitepress/dist/components/lxtreeselect.html
12:50:39 [vitepress] page reload .vitepress/dist/components/lxupload.html
12:50:39 [vitepress] page reload .vitepress/dist/components/lxvirtualtree.html
12:50:39 [vitepress] page reload .vitepress/dist/components/new-components.html
12:50:39 [vitepress] page reload .vitepress/dist/components/permissions.html
