
  vitepress v1.6.4

  ➜  Local:   http://127.0.0.1:4192/
  ➜  press h to show help
19:58:42 [vitepress] hmr update /@fs/F:/work/linkx-admin/linkx-fe/src/components/LxTransferPanel/index.vue
19:58:42 [vitepress] hmr update /@fs/F:/work/linkx-admin/linkx-fe/src/components/LxTransferPanel/demo/basic.vue, /components/lxtransferpanel.md
20:03:10 [vitepress] page reload .vitepress/dist/404.html
20:03:10 [vitepress] page reload .vitepress/dist/DELIVERY-CHECK.html
20:03:10 [vitepress] page reload .vitepress/dist/index.html
20:03:10 [vitepress] page reload .vitepress/dist/ROADMAP.html
20:03:10 [vitepress] page reload .vitepress/dist/components/element-bridge.html
20:03:10 [vitepress] page reload .vitepress/dist/components/lxactionbuttons.html
20:03:10 [vitepress] page reload .vitepress/dist/components/lxauthimg.html
20:03:10 [vitepress] page reload .vitepress/dist/components/lxbreadcrumb.html
20:03:10 [vitepress] page reload .vitepress/dist/components/lxbutton.html
20:03:10 [vitepress] page reload .vitepress/dist/components/lxcascader.html
20:03:10 [vitepress] page reload .vitepress/dist/components/lxcheckbox.html
20:03:10 [vitepress] page reload .vitepress/dist/components/lxcodeslot.html
20:03:10 [vitepress] page reload .vitepress/dist/components/lxconfirm.html
20:03:10 [vitepress] page reload .vitepress/dist/components/lxdatepicker.html
20:03:10 [vitepress] page reload .vitepress/dist/components/lxdescriptions.html
20:03:10 [vitepress] page reload .vitepress/dist/components/lxdialog.html
20:03:10 [vitepress] page reload .vitepress/dist/components/lxdrawer.html
20:03:10 [vitepress] page reload .vitepress/dist/components/lxdutycalendar.html
20:03:10 [vitepress] page reload .vitepress/dist/components/lxdynamicform.html
20:03:10 [vitepress] page reload .vitepress/dist/components/lxempty.html
20:03:10 [vitepress] page reload .vitepress/dist/components/lxform.html
20:03:10 [vitepress] page reload .vitepress/dist/components/lxformerrorbanner.html
20:03:10 [vitepress] page reload .vitepress/dist/components/lxgauge.html
20:03:10 [vitepress] page reload .vitepress/dist/components/lxicons.html
20:03:10 [vitepress] page reload .vitepress/dist/components/lxinput.html
20:03:10 [vitepress] page reload .vitepress/dist/components/lxinputnumber.html
20:03:10 [vitepress] page reload .vitepress/dist/components/lxmessage.html
20:03:10 [vitepress] page reload .vitepress/dist/components/lxmetriccard.html
20:03:10 [vitepress] page reload .vitepress/dist/components/lxnavbar.html
20:03:10 [vitepress] page reload .vitepress/dist/components/lxnodebadge.html
20:03:10 [vitepress] page reload .vitepress/dist/components/lxpagecard.html
20:03:10 [vitepress] page reload .vitepress/dist/components/lxpagination.html
20:03:10 [vitepress] page reload .vitepress/dist/components/lxpasswordinput.html
20:03:10 [vitepress] page reload .vitepress/dist/components/lxprotable.html
20:03:10 [vitepress] page reload .vitepress/dist/components/lxradio.html
20:03:10 [vitepress] page reload .vitepress/dist/components/lxsearchbar.html
20:03:10 [vitepress] page reload .vitepress/dist/components/lxsectiontitle.html
20:03:10 [vitepress] page reload .vitepress/dist/components/lxselect.html
20:03:10 [vitepress] page reload .vitepress/dist/components/lxselectpagination.html
20:03:10 [vitepress] page reload .vitepress/dist/components/lxselecttree.html
20:03:10 [vitepress] page reload .vitepress/dist/components/lxsidebar.html
20:03:10 [vitepress] page reload .vitepress/dist/components/lxsplitlayout.html
20:03:10 [vitepress] page reload .vitepress/dist/components/lxstatusdot.html
20:03:10 [vitepress] page reload .vitepress/dist/components/lxstatusswitch.html
20:03:10 [vitepress] page reload .vitepress/dist/components/lxswitch.html
20:03:10 [vitepress] page reload .vitepress/dist/components/lxtabsbar.html
20:03:10 [vitepress] page reload .vitepress/dist/components/lxtag.html
20:03:10 [vitepress] page reload .vitepress/dist/components/lxtextarea.html
20:03:10 [vitepress] page reload .vitepress/dist/components/lxtransferpanel.html
20:03:10 [vitepress] page reload .vitepress/dist/components/lxtreeselect.html
20:03:10 [vitepress] page reload .vitepress/dist/components/lxupload.html
20:03:10 [vitepress] page reload .vitepress/dist/components/lxvirtualtree.html
20:03:10 [vitepress] page reload .vitepress/dist/components/new-components.html
20:03:10 [vitepress] page reload .vitepress/dist/components/permissions.html
20:03:53 [vitepress] page reload .vitepress/dist/404.html
20:03:53 [vitepress] page reload .vitepress/dist/DELIVERY-CHECK.html
20:03:53 [vitepress] page reload .vitepress/dist/DELIVERY-CHECK.html
20:03:53 [vitepress] page reload .vitepress/dist/404.html
20:03:53 [vitepress] page reload .vitepress/dist/ROADMAP.html
20:03:53 [vitepress] page reload .vitepress/dist/index.html
20:03:53 [vitepress] page reload .vitepress/dist/ROADMAP.html
20:03:53 [vitepress] page reload .vitepress/dist/index.html
20:03:53 [vitepress] page reload .vitepress/dist/components/element-bridge.html
20:03:53 [vitepress] page reload .vitepress/dist/components/lxactionbuttons.html
20:03:53 [vitepress] page reload .vitepress/dist/components/lxauthimg.html
20:03:53 [vitepress] page reload .vitepress/dist/components/lxbreadcrumb.html
20:03:54 [vitepress] page reload .vitepress/dist/components/lxbutton.html
20:03:54 [vitepress] page reload .vitepress/dist/components/lxcascader.html
20:03:54 [vitepress] page reload .vitepress/dist/components/lxcheckbox.html
20:03:54 [vitepress] page reload .vitepress/dist/components/lxcodeslot.html
20:03:54 [vitepress] page reload .vitepress/dist/components/lxconfirm.html
20:03:54 [vitepress] page reload .vitepress/dist/components/lxdatepicker.html
20:03:54 [vitepress] page reload .vitepress/dist/components/lxdescriptions.html
20:03:54 [vitepress] page reload .vitepress/dist/components/lxdialog.html
20:03:54 [vitepress] page reload .vitepress/dist/components/lxdrawer.html
20:03:54 [vitepress] page reload .vitepress/dist/components/lxdutycalendar.html
20:03:54 [vitepress] page reload .vitepress/dist/components/lxdynamicform.html
20:03:54 [vitepress] page reload .vitepress/dist/components/lxempty.html
20:03:54 [vitepress] page reload .vitepress/dist/components/lxform.html
20:03:54 [vitepress] page reload .vitepress/dist/components/lxformerrorbanner.html
20:03:54 [vitepress] page reload .vitepress/dist/components/lxgauge.html
20:03:54 [vitepress] page reload .vitepress/dist/components/lxicons.html
20:03:54 [vitepress] page reload .vitepress/dist/components/lxinput.html
20:03:54 [vitepress] page reload .vitepress/dist/components/lxinputnumber.html
20:03:54 [vitepress] page reload .vitepress/dist/components/lxmessage.html
20:03:54 [vitepress] page reload .vitepress/dist/components/lxmetriccard.html
20:03:54 [vitepress] page reload .vitepress/dist/components/lxnavbar.html
20:03:54 [vitepress] page reload .vitepress/dist/components/lxnodebadge.html
20:03:54 [vitepress] page reload .vitepress/dist/components/lxpagecard.html
20:03:54 [vitepress] page reload .vitepress/dist/components/lxpagination.html
20:03:54 [vitepress] page reload .vitepress/dist/components/lxpasswordinput.html
20:03:54 [vitepress] page reload .vitepress/dist/components/lxprotable.html
20:03:54 [vitepress] page reload .vitepress/dist/components/lxradio.html
20:03:54 [vitepress] page reload .vitepress/dist/components/lxsearchbar.html
20:03:54 [vitepress] page reload .vitepress/dist/components/lxsectiontitle.html
20:03:54 [vitepress] page reload .vitepress/dist/components/lxselect.html
20:03:54 [vitepress] page reload .vitepress/dist/components/lxselectpagination.html
20:03:55 [vitepress] page reload .vitepress/dist/components/lxselecttree.html
20:03:55 [vitepress] page reload .vitepress/dist/components/lxsidebar.html
20:03:55 [vitepress] page reload .vitepress/dist/components/lxsplitlayout.html
20:03:55 [vitepress] page reload .vitepress/dist/components/lxstatusdot.html
20:03:55 [vitepress] page reload .vitepress/dist/components/lxstatusswitch.html
20:03:55 [vitepress] page reload .vitepress/dist/components/lxswitch.html
20:03:55 [vitepress] page reload .vitepress/dist/components/lxtabsbar.html
20:03:55 [vitepress] page reload .vitepress/dist/components/lxtag.html
20:03:55 [vitepress] page reload .vitepress/dist/components/lxtextarea.html
20:03:55 [vitepress] page reload .vitepress/dist/components/lxtransferpanel.html
20:03:55 [vitepress] page reload .vitepress/dist/components/lxtreeselect.html
20:03:55 [vitepress] page reload .vitepress/dist/components/lxupload.html
20:03:55 [vitepress] page reload .vitepress/dist/components/lxvirtualtree.html
20:03:55 [vitepress] page reload .vitepress/dist/components/new-components.html
20:03:55 [vitepress] page reload .vitepress/dist/components/permissions.html
20:24:29 [vitepress] hmr update /@fs/F:/work/linkx-admin/linkx-fe/src/components/LxTransferPanel/index.vue, /@fs/F:/work/linkx-admin/linkx-fe/src/components/LxTransferPanel/index.vue?vue&type=style&index=0&scoped=0023458e&lang.css
20:25:37 [vitepress] hmr update /@fs/F:/work/linkx-admin/linkx-fe/src/components/LxTransferPanel/demo/basic.vue, /components/lxtransferpanel.md
20:26:00 [vitepress] hmr update /@fs/F:/work/linkx-admin/linkx-fe/src/components/LxTransferPanel/index.vue?vue&type=style&index=0&scoped=0023458e&lang.css
20:29:24 [vitepress] hmr update /components/lxtransferpanel.md
20:29:25 [vitepress] hmr update /@fs/F:/work/linkx-admin/linkx-fe/src/components/LxTransferPanel/index.vue?vue&type=style&index=0&scoped=0023458e&lang.css
20:32:27 [vitepress] hmr update /@fs/F:/work/linkx-admin/linkx-fe/src/components/LxTransferPanel/index.vue?vue&type=style&index=0&scoped=0023458e&lang.css, /@fs/F:/work/linkx-admin/linkx-fe/src/components/LxTransferPanel/index.vue
20:32:43 [vitepress] hmr update /components/lxtransferpanel.md
20:38:01 [vitepress] page reload .vitepress/dist/404.html
20:38:01 [vitepress] page reload .vitepress/dist/DELIVERY-CHECK.html
20:38:01 [vitepress] page reload .vitepress/dist/ROADMAP.html
20:38:01 [vitepress] page reload .vitepress/dist/index.html
20:38:01 [vitepress] page reload .vitepress/dist/components/element-bridge.html
20:38:01 [vitepress] page reload .vitepress/dist/components/lxactionbuttons.html
20:38:01 [vitepress] page reload .vitepress/dist/components/lxauthimg.html
20:38:01 [vitepress] page reload .vitepress/dist/components/lxbreadcrumb.html
20:38:01 [vitepress] page reload .vitepress/dist/components/lxbutton.html
20:38:01 [vitepress] page reload .vitepress/dist/components/lxcascader.html
20:38:01 [vitepress] page reload .vitepress/dist/components/lxcheckbox.html
20:38:01 [vitepress] page reload .vitepress/dist/components/lxcodeslot.html
20:38:01 [vitepress] page reload .vitepress/dist/components/lxconfirm.html
20:38:01 [vitepress] page reload .vitepress/dist/components/lxdatepicker.html
20:38:01 [vitepress] page reload .vitepress/dist/components/lxdescriptions.html
20:38:01 [vitepress] page reload .vitepress/dist/components/lxdialog.html
20:38:01 [vitepress] page reload .vitepress/dist/components/lxdrawer.html
20:38:01 [vitepress] page reload .vitepress/dist/components/lxdutycalendar.html
20:38:01 [vitepress] page reload .vitepress/dist/components/lxdynamicform.html
20:38:01 [vitepress] page reload .vitepress/dist/components/lxempty.html
20:38:01 [vitepress] page reload .vitepress/dist/components/lxform.html
20:38:01 [vitepress] page reload .vitepress/dist/components/lxformerrorbanner.html
20:38:01 [vitepress] page reload .vitepress/dist/components/lxgauge.html
20:38:01 [vitepress] page reload .vitepress/dist/components/lxicons.html
20:38:01 [vitepress] page reload .vitepress/dist/components/lxinput.html
20:38:01 [vitepress] page reload .vitepress/dist/components/lxinputnumber.html
20:38:01 [vitepress] page reload .vitepress/dist/components/lxmessage.html
20:38:01 [vitepress] page reload .vitepress/dist/components/lxmetriccard.html
20:38:01 [vitepress] page reload .vitepress/dist/components/lxnavbar.html
20:38:01 [vitepress] page reload .vitepress/dist/components/lxnodebadge.html
20:38:01 [vitepress] page reload .vitepress/dist/components/lxpagecard.html
20:38:01 [vitepress] page reload .vitepress/dist/components/lxpagination.html
20:38:01 [vitepress] page reload .vitepress/dist/components/lxpasswordinput.html
20:38:01 [vitepress] page reload .vitepress/dist/components/lxprotable.html
20:38:01 [vitepress] page reload .vitepress/dist/components/lxradio.html
20:38:01 [vitepress] page reload .vitepress/dist/components/lxsearchbar.html
20:38:01 [vitepress] page reload .vitepress/dist/components/lxsectiontitle.html
20:38:01 [vitepress] page reload .vitepress/dist/components/lxselect.html
20:38:01 [vitepress] page reload .vitepress/dist/components/lxselectpagination.html
20:38:01 [vitepress] page reload .vitepress/dist/components/lxselecttree.html
20:38:01 [vitepress] page reload .vitepress/dist/components/lxsidebar.html
20:38:01 [vitepress] page reload .vitepress/dist/components/lxsplitlayout.html
20:38:01 [vitepress] page reload .vitepress/dist/components/lxstatusdot.html
20:38:01 [vitepress] page reload .vitepress/dist/components/lxstatusswitch.html
20:38:01 [vitepress] page reload .vitepress/dist/components/lxswitch.html
20:38:01 [vitepress] page reload .vitepress/dist/components/lxtabsbar.html
20:38:01 [vitepress] page reload .vitepress/dist/components/lxtag.html
20:38:01 [vitepress] page reload .vitepress/dist/components/lxtextarea.html
20:38:01 [vitepress] page reload .vitepress/dist/components/lxtransferpanel.html
20:38:01 [vitepress] page reload .vitepress/dist/components/lxtreeselect.html
20:38:01 [vitepress] page reload .vitepress/dist/components/lxupload.html
20:38:01 [vitepress] page reload .vitepress/dist/components/lxvirtualtree.html
20:38:01 [vitepress] page reload .vitepress/dist/components/new-components.html
20:38:01 [vitepress] page reload .vitepress/dist/components/permissions.html
20:38:20 [vitepress] page reload .vitepress/dist/404.html
20:38:20 [vitepress] page reload .vitepress/dist/ROADMAP.html
20:38:20 [vitepress] page reload .vitepress/dist/404.html
20:38:20 [vitepress] page reload .vitepress/dist/DELIVERY-CHECK.html
20:38:20 [vitepress] page reload .vitepress/dist/ROADMAP.html
20:38:20 [vitepress] page reload .vitepress/dist/index.html
20:38:21 [vitepress] page reload .vitepress/dist/components/element-bridge.html
20:38:21 [vitepress] page reload .vitepress/dist/components/lxactionbuttons.html
20:38:21 [vitepress] page reload .vitepress/dist/components/lxauthimg.html
20:38:21 [vitepress] page reload .vitepress/dist/components/lxbreadcrumb.html
20:38:21 [vitepress] page reload .vitepress/dist/components/lxbutton.html
20:38:21 [vitepress] page reload .vitepress/dist/components/lxcascader.html
20:38:21 [vitepress] page reload .vitepress/dist/components/lxcheckbox.html
20:38:21 [vitepress] page reload .vitepress/dist/components/lxcodeslot.html
20:38:21 [vitepress] page reload .vitepress/dist/components/lxconfirm.html
20:38:21 [vitepress] page reload .vitepress/dist/components/lxdatepicker.html
20:38:21 [vitepress] page reload .vitepress/dist/components/lxdescriptions.html
20:38:21 [vitepress] page reload .vitepress/dist/components/lxdialog.html
20:38:21 [vitepress] page reload .vitepress/dist/components/lxdrawer.html
20:38:21 [vitepress] page reload .vitepress/dist/components/lxdutycalendar.html
20:38:21 [vitepress] page reload .vitepress/dist/components/lxdynamicform.html
20:38:21 [vitepress] page reload .vitepress/dist/components/lxempty.html
20:38:21 [vitepress] page reload .vitepress/dist/components/lxform.html
20:38:21 [vitepress] page reload .vitepress/dist/components/lxformerrorbanner.html
20:38:21 [vitepress] page reload .vitepress/dist/components/lxgauge.html
20:38:21 [vitepress] page reload .vitepress/dist/components/lxicons.html
20:38:21 [vitepress] page reload .vitepress/dist/components/lxinput.html
20:38:21 [vitepress] page reload .vitepress/dist/components/lxinputnumber.html
20:38:21 [vitepress] page reload .vitepress/dist/components/lxmessage.html
20:38:21 [vitepress] page reload .vitepress/dist/components/lxmetriccard.html
20:38:21 [vitepress] page reload .vitepress/dist/components/lxnavbar.html
20:38:21 [vitepress] page reload .vitepress/dist/components/lxnodebadge.html
20:38:21 [vitepress] page reload .vitepress/dist/components/lxpagecard.html
20:38:21 [vitepress] page reload .vitepress/dist/components/lxpagination.html
20:38:21 [vitepress] page reload .vitepress/dist/components/lxpasswordinput.html
20:38:22 [vitepress] page reload .vitepress/dist/components/lxprotable.html
20:38:22 [vitepress] page reload .vitepress/dist/components/lxradio.html
20:38:22 [vitepress] page reload .vitepress/dist/components/lxsearchbar.html
20:38:22 [vitepress] page reload .vitepress/dist/components/lxsectiontitle.html
20:38:22 [vitepress] page reload .vitepress/dist/components/lxselect.html
20:38:22 [vitepress] page reload .vitepress/dist/components/lxselectpagination.html
20:38:22 [vitepress] page reload .vitepress/dist/components/lxselecttree.html
20:38:22 [vitepress] page reload .vitepress/dist/components/lxsidebar.html
20:38:22 [vitepress] page reload .vitepress/dist/components/lxsplitlayout.html
20:38:22 [vitepress] page reload .vitepress/dist/components/lxstatusdot.html
20:38:22 [vitepress] page reload .vitepress/dist/components/lxstatusswitch.html
20:38:22 [vitepress] page reload .vitepress/dist/components/lxswitch.html
20:38:22 [vitepress] page reload .vitepress/dist/components/lxtabsbar.html
20:38:22 [vitepress] page reload .vitepress/dist/components/lxtag.html
20:38:22 [vitepress] page reload .vitepress/dist/components/lxtextarea.html
20:38:22 [vitepress] page reload .vitepress/dist/components/lxtransferpanel.html
20:38:22 [vitepress] page reload .vitepress/dist/components/lxtreeselect.html
20:38:22 [vitepress] page reload .vitepress/dist/components/lxupload.html
20:38:22 [vitepress] page reload .vitepress/dist/components/lxvirtualtree.html
20:38:22 [vitepress] page reload .vitepress/dist/components/new-components.html
20:38:22 [vitepress] page reload .vitepress/dist/components/permissions.html
21:22:28 [vitepress] hmr update /@fs/F:/work/linkx-admin/linkx-fe/src/components/LxTransferPanel/index.vue
21:22:44 [vitepress] hmr update /@fs/F:/work/linkx-admin/linkx-fe/src/components/LxTransferPanel/index.vue
21:23:57 [vitepress] hmr update /@fs/F:/work/linkx-admin/linkx-fe/src/components/LxTransferPanel/index.vue
21:24:13 [vitepress] hmr update /@fs/F:/work/linkx-admin/linkx-fe/src/components/LxTransferPanel/index.vue?vue&type=style&index=0&scoped=0023458e&lang.css
21:24:36 [vitepress] hmr update /components/lxtransferpanel.md
21:24:36 [vitepress] hmr update /@fs/F:/work/linkx-admin/linkx-fe/src/components/LxTransferPanel/demo/basic.vue, /components/lxtransferpanel.md
21:24:36 [vitepress] hmr update /@fs/F:/work/linkx-admin/linkx-fe/src/components/LxTransferPanel/index.vue
21:28:46 [vitepress] hmr update /@fs/F:/work/linkx-admin/linkx-fe/src/components/LxTransferPanel/demo/basic.vue?vue&type=style&index=0&scoped=cdb2a377&lang.css, /components/lxtransferpanel.md
21:28:46 [vitepress] hmr update /@fs/F:/work/linkx-admin/linkx-fe/src/components/LxTransferPanel/index.vue?vue&type=style&index=0&scoped=0023458e&lang.css, /@fs/F:/work/linkx-admin/linkx-fe/src/components/LxTransferPanel/index.vue
21:29:59 [vitepress] hmr update /@fs/F:/work/linkx-admin/linkx-fe/src/components/LxTransferPanel/index.vue
21:30:14 [vitepress] hmr update /components/lxtransferpanel.md
21:31:25 [vitepress] hmr update /@fs/F:/work/linkx-admin/linkx-fe/src/components/LxTransferPanel/index.vue
21:31:25 [vitepress] hmr update /@fs/F:/work/linkx-admin/linkx-fe/src/components/LxTransferPanel/demo/basic.vue, /components/lxtransferpanel.md
21:31:25 [vitepress] hmr update /components/lxtransferpanel.md
21:33:05 [vitepress] page reload .vitepress/dist/404.html
21:33:05 [vitepress] page reload .vitepress/dist/ROADMAP.html
21:33:05 [vitepress] page reload .vitepress/dist/DELIVERY-CHECK.html
21:33:05 [vitepress] page reload .vitepress/dist/index.html
21:33:05 [vitepress] page reload .vitepress/dist/components/element-bridge.html
21:33:05 [vitepress] page reload .vitepress/dist/components/lxactionbuttons.html
21:33:05 [vitepress] page reload .vitepress/dist/components/lxauthimg.html
21:33:05 [vitepress] page reload .vitepress/dist/components/lxbreadcrumb.html
21:33:05 [vitepress] page reload .vitepress/dist/components/lxbutton.html
21:33:05 [vitepress] page reload .vitepress/dist/components/lxcascader.html
21:33:05 [vitepress] page reload .vitepress/dist/components/lxcheckbox.html
21:33:05 [vitepress] page reload .vitepress/dist/components/lxcodeslot.html
21:33:05 [vitepress] page reload .vitepress/dist/components/lxconfirm.html
21:33:05 [vitepress] page reload .vitepress/dist/components/lxdatepicker.html
21:33:05 [vitepress] page reload .vitepress/dist/components/lxdescriptions.html
21:33:05 [vitepress] page reload .vitepress/dist/components/lxdialog.html
21:33:05 [vitepress] page reload .vitepress/dist/components/lxdrawer.html
21:33:05 [vitepress] page reload .vitepress/dist/components/lxdutycalendar.html
21:33:05 [vitepress] page reload .vitepress/dist/components/lxdynamicform.html
21:33:05 [vitepress] page reload .vitepress/dist/components/lxempty.html
21:33:05 [vitepress] page reload .vitepress/dist/components/lxform.html
21:33:05 [vitepress] page reload .vitepress/dist/components/lxformerrorbanner.html
21:33:05 [vitepress] page reload .vitepress/dist/components/lxgauge.html
21:33:05 [vitepress] page reload .vitepress/dist/components/lxicons.html
21:33:05 [vitepress] page reload .vitepress/dist/components/lxinput.html
21:33:05 [vitepress] page reload .vitepress/dist/components/lxinputnumber.html
21:33:05 [vitepress] page reload .vitepress/dist/components/lxmessage.html
21:33:05 [vitepress] page reload .vitepress/dist/components/lxmetriccard.html
21:33:05 [vitepress] page reload .vitepress/dist/components/lxnavbar.html
21:33:05 [vitepress] page reload .vitepress/dist/components/lxnodebadge.html
21:33:05 [vitepress] page reload .vitepress/dist/components/lxpagecard.html
21:33:05 [vitepress] page reload .vitepress/dist/components/lxpagination.html
21:33:05 [vitepress] page reload .vitepress/dist/components/lxpasswordinput.html
21:33:05 [vitepress] page reload .vitepress/dist/components/lxprotable.html
21:33:05 [vitepress] page reload .vitepress/dist/components/lxradio.html
21:33:05 [vitepress] page reload .vitepress/dist/components/lxsearchbar.html
21:33:05 [vitepress] page reload .vitepress/dist/components/lxsectiontitle.html
21:33:05 [vitepress] page reload .vitepress/dist/components/lxselect.html
21:33:05 [vitepress] page reload .vitepress/dist/components/lxselectpagination.html
21:33:05 [vitepress] page reload .vitepress/dist/components/lxselecttree.html
21:33:05 [vitepress] page reload .vitepress/dist/components/lxsidebar.html
21:33:05 [vitepress] page reload .vitepress/dist/components/lxsplitlayout.html
21:33:05 [vitepress] page reload .vitepress/dist/components/lxstatusdot.html
21:33:05 [vitepress] page reload .vitepress/dist/components/lxstatusswitch.html
21:33:05 [vitepress] page reload .vitepress/dist/components/lxswitch.html
21:33:05 [vitepress] page reload .vitepress/dist/components/lxtabsbar.html
21:33:05 [vitepress] page reload .vitepress/dist/components/lxtag.html
21:33:05 [vitepress] page reload .vitepress/dist/components/lxtextarea.html
21:33:05 [vitepress] page reload .vitepress/dist/components/lxtransferpanel.html
21:33:05 [vitepress] page reload .vitepress/dist/components/lxtreeselect.html
21:33:05 [vitepress] page reload .vitepress/dist/components/lxupload.html
21:33:05 [vitepress] page reload .vitepress/dist/components/lxvirtualtree.html
21:33:05 [vitepress] page reload .vitepress/dist/components/new-components.html
21:33:05 [vitepress] page reload .vitepress/dist/components/permissions.html
21:33:29 [vitepress] page reload .vitepress/dist/404.html
21:33:29 [vitepress] page reload .vitepress/dist/DELIVERY-CHECK.html
21:33:30 [vitepress] page reload .vitepress/dist/ROADMAP.html
21:33:30 [vitepress] page reload .vitepress/dist/index.html
21:33:30 [vitepress] page reload .vitepress/dist/components/element-bridge.html
21:33:30 [vitepress] page reload .vitepress/dist/components/lxactionbuttons.html
21:33:30 [vitepress] page reload .vitepress/dist/components/lxauthimg.html
21:33:30 [vitepress] page reload .vitepress/dist/components/lxbreadcrumb.html
21:33:30 [vitepress] page reload .vitepress/dist/components/lxbutton.html
21:33:30 [vitepress] page reload .vitepress/dist/components/lxcascader.html
21:33:30 [vitepress] page reload .vitepress/dist/components/lxcheckbox.html
21:33:30 [vitepress] page reload .vitepress/dist/components/lxcodeslot.html
21:33:30 [vitepress] page reload .vitepress/dist/components/lxconfirm.html
21:33:30 [vitepress] page reload .vitepress/dist/components/lxdatepicker.html
21:33:30 [vitepress] page reload .vitepress/dist/components/lxdescriptions.html
21:33:30 [vitepress] page reload .vitepress/dist/components/lxdialog.html
21:33:30 [vitepress] page reload .vitepress/dist/components/lxdutycalendar.html
21:33:30 [vitepress] page reload .vitepress/dist/components/lxdrawer.html
21:33:30 [vitepress] page reload .vitepress/dist/components/lxdynamicform.html
21:33:30 [vitepress] page reload .vitepress/dist/components/lxempty.html
21:33:30 [vitepress] page reload .vitepress/dist/components/lxform.html
21:33:30 [vitepress] page reload .vitepress/dist/components/lxformerrorbanner.html
21:33:30 [vitepress] page reload .vitepress/dist/components/lxgauge.html
21:33:30 [vitepress] page reload .vitepress/dist/components/lxicons.html
21:33:30 [vitepress] page reload .vitepress/dist/components/lxinput.html
21:33:31 [vitepress] page reload .vitepress/dist/components/lxinputnumber.html
21:33:31 [vitepress] page reload .vitepress/dist/components/lxmessage.html
21:33:31 [vitepress] page reload .vitepress/dist/components/lxmetriccard.html
21:33:31 [vitepress] page reload .vitepress/dist/components/lxnavbar.html
21:33:31 [vitepress] page reload .vitepress/dist/components/lxnodebadge.html
21:33:31 [vitepress] page reload .vitepress/dist/components/lxpagecard.html
21:33:31 [vitepress] page reload .vitepress/dist/components/lxpagination.html
21:33:31 [vitepress] page reload .vitepress/dist/components/lxpasswordinput.html
21:33:31 [vitepress] page reload .vitepress/dist/components/lxprotable.html
21:33:31 [vitepress] page reload .vitepress/dist/components/lxradio.html
21:33:31 [vitepress] page reload .vitepress/dist/components/lxsearchbar.html
21:33:31 [vitepress] page reload .vitepress/dist/components/lxsectiontitle.html
21:33:31 [vitepress] page reload .vitepress/dist/components/lxselect.html
21:33:31 [vitepress] page reload .vitepress/dist/components/lxselectpagination.html
21:33:31 [vitepress] page reload .vitepress/dist/components/lxselecttree.html
21:33:31 [vitepress] page reload .vitepress/dist/components/lxsidebar.html
21:33:31 [vitepress] page reload .vitepress/dist/components/lxsplitlayout.html
21:33:31 [vitepress] page reload .vitepress/dist/components/lxstatusdot.html
21:33:31 [vitepress] page reload .vitepress/dist/components/lxstatusswitch.html
21:33:31 [vitepress] page reload .vitepress/dist/components/lxswitch.html
21:33:31 [vitepress] page reload .vitepress/dist/components/lxtabsbar.html
21:33:31 [vitepress] page reload .vitepress/dist/components/lxtag.html
21:33:31 [vitepress] page reload .vitepress/dist/components/lxtextarea.html
21:33:31 [vitepress] page reload .vitepress/dist/components/lxtransferpanel.html
21:33:32 [vitepress] page reload .vitepress/dist/components/lxtreeselect.html
21:33:32 [vitepress] page reload .vitepress/dist/components/lxupload.html
21:33:32 [vitepress] page reload .vitepress/dist/components/lxvirtualtree.html
21:33:32 [vitepress] page reload .vitepress/dist/components/new-components.html
21:33:32 [vitepress] page reload .vitepress/dist/components/permissions.html
21:38:54 [vitepress] page reload .vitepress/dist/404.html
