[
  {
    "id": "lxform-desktop",
    "overlayElementGroupCount": 7,
    "rawRuleHitCount": 8,
    "ruleCounts": {
      "buried-raster": 3,
      "gpt-thin-border-wide-shadow": 1,
      "em-dash-overuse": 1,
      "layout-transition": 1,
      "text-occlusion": 2
    },
    "consoleSummary": [
      "%c[impeccable] 7 anti-patterns found color: oklch(84% 0.19 80.46); font-weight: bold"
    ],
    "errors": {
      "pageErrorCount": 0,
      "failedRequestCount": 0,
      "badResponseCount": 0,
      "blockedRequestCount": 0
    },
    "interaction": {
      "activeLabel": null,
      "invalidItems": [
        {
          "label": "任务名称",
          "error": "请输入任务名称",
          "ariaInvalid": true,
          "ariaDescribedBy": "lx-form-item-error-151"
        },
        {
          "label": "责任网格",
          "error": "请选择责任网格",
          "ariaInvalid": true,
          "ariaDescribedBy": "lx-form-item-error-159"
        }
      ],
      "uploadSuccessCount": 0,
      "hudDemoClass": null,
      "hudThemeChecked": null,
      "reducedMotion": false,
      "scrollWidth": 1280
    }
  },
  {
    "id": "lxform-mobile",
    "overlayElementGroupCount": 7,
    "rawRuleHitCount": 8,
    "ruleCounts": {
      "clipped-overflow-container": 1,
      "buried-raster": 3,
      "gpt-thin-border-wide-shadow": 1,
      "em-dash-overuse": 1,
      "layout-transition": 1,
      "text-occlusion": 1
    },
    "consoleSummary": [
      "%c[impeccable] 7 anti-patterns found color: oklch(84% 0.19 80.46); font-weight: bold"
    ],
    "errors": {
      "pageErrorCount": 0,
      "failedRequestCount": 0,
      "badResponseCount": 0,
      "blockedRequestCount": 0
    },
    "interaction": {
      "activeLabel": null,
      "invalidItems": [
        {
          "label": "任务名称",
          "error": "请输入任务名称",
          "ariaInvalid": true,
          "ariaDescribedBy": "lx-form-item-error-151"
        },
        {
          "label": "责任网格",
          "error": "请选择责任网格",
          "ariaInvalid": true,
          "ariaDescribedBy": "lx-form-item-error-159"
        }
      ],
      "uploadSuccessCount": 0,
      "hudDemoClass": null,
      "hudThemeChecked": null,
      "reducedMotion": false,
      "scrollWidth": 375
    }
  },
  {
    "id": "lxdynamicform-desktop",
    "overlayElementGroupCount": 12,
    "rawRuleHitCount": 13,
    "ruleCounts": {
      "low-contrast": 4,
      "buried-raster": 3,
      "gpt-thin-border-wide-shadow": 2,
      "text-occlusion": 2,
      "bounce-easing": 1,
      "layout-transition": 1
    },
    "consoleSummary": [
      "%c[impeccable] 12 anti-patterns found color: oklch(84% 0.19 80.46); font-weight: bold"
    ],
    "errors": {
      "pageErrorCount": 0,
      "failedRequestCount": 0,
      "badResponseCount": 0,
      "blockedRequestCount": 0
    },
    "interaction": {
      "activeLabel": "任务名称",
      "invalidItems": [
        {
          "label": "任务名称",
          "error": "请输入任务名称",
          "ariaInvalid": true,
          "ariaDescribedBy": "lx-form-item-error-170"
        }
      ],
      "uploadSuccessCount": 2,
      "hudDemoClass": "dynamic-form-demo",
      "hudThemeChecked": false,
      "reducedMotion": false,
      "scrollWidth": 1280
    }
  },
  {
    "id": "lxdynamicform-mobile",
    "overlayElementGroupCount": 14,
    "rawRuleHitCount": 15,
    "ruleCounts": {
      "clipped-overflow-container": 1,
      "low-contrast": 4,
      "buried-raster": 3,
      "gpt-thin-border-wide-shadow": 2,
      "text-occlusion": 3,
      "bounce-easing": 1,
      "layout-transition": 1
    },
    "consoleSummary": [
      "%c[impeccable] 14 anti-patterns found color: oklch(84% 0.19 80.46); font-weight: bold"
    ],
    "errors": {
      "pageErrorCount": 0,
      "failedRequestCount": 0,
      "badResponseCount": 0,
      "blockedRequestCount": 0
    },
    "interaction": {
      "activeLabel": "任务名称",
      "invalidItems": [
        {
          "label": "任务名称",
          "error": "请输入任务名称",
          "ariaInvalid": true,
          "ariaDescribedBy": "lx-form-item-error-170"
        }
      ],
      "uploadSuccessCount": 2,
      "hudDemoClass": "dynamic-form-demo",
      "hudThemeChecked": false,
      "reducedMotion": false,
      "scrollWidth": 375
    }
  },
  {
    "id": "lxdynamicform-hud-dark-reduced-motion",
    "overlayElementGroupCount": 24,
    "rawRuleHitCount": 25,
    "ruleCounts": {
      "low-contrast": 4,
      "ai-color-palette": 14,
      "buried-raster": 3,
      "gpt-thin-border-wide-shadow": 2,
      "bounce-easing": 1,
      "layout-transition": 1
    },
    "consoleSummary": [
      "%c[impeccable] 24 anti-patterns found color: oklch(84% 0.19 80.46); font-weight: bold"
    ],
    "errors": {
      "pageErrorCount": 0,
      "failedRequestCount": 0,
      "badResponseCount": 0,
      "blockedRequestCount": 0
    },
    "interaction": {
      "activeLabel": "任务名称",
      "invalidItems": [
        {
          "label": "任务名称",
          "error": "请输入任务名称",
          "ariaInvalid": true,
          "ariaDescribedBy": "lx-form-item-error-170"
        }
      ],
      "uploadSuccessCount": 2,
      "hudDemoClass": "dynamic-form-demo lx-theme-hud",
      "hudThemeChecked": true,
      "reducedMotion": true,
      "scrollWidth": 1280
    }
  }
]
