{
  "pages": [
    {
      "view": "lxform-mobile",
      "clippedSpan": {
        "outerHTML": "<span data-v-4e5b470d=\"\" class=\"container\"><span data-v-4e5b470d=\"\" class=\"top\"></span><span data-v-4e5b470d=\"\" class=\"middle\"></span><span data-v-4e5b470d=\"\" class=\"bottom\"></span></span>",
        "rect": {
          "x": 335,
          "y": -806,
          "width": 16,
          "height": 14,
          "right": 351,
          "bottom": -792
        },
        "childNodes": [
          {
            "tag": "span",
            "className": "top",
            "rect": {
              "x": 335,
              "y": -806,
              "width": 16,
              "height": 2,
              "right": 351,
              "bottom": -804
            },
            "position": "absolute"
          },
          {
            "tag": "span",
            "className": "middle",
            "rect": {
              "x": 343,
              "y": -800,
              "width": 16,
              "height": 2,
              "right": 359,
              "bottom": -798
            },
            "position": "absolute"
          },
          {
            "tag": "span",
            "className": "bottom",
            "rect": {
              "x": 339,
              "y": -794,
              "width": 16,
              "height": 2,
              "right": 355,
              "bottom": -792
            },
            "position": "absolute"
          }
        ]
      },
      "clipAncestors": [
        {
          "tag": "span",
          "className": "container",
          "rect": {
            "x": 335,
            "y": -806,
            "width": 16,
            "height": 14,
            "right": 351,
            "bottom": -792
          },
          "overflow": "hidden",
          "position": "relative",
          "text": ""
        },
        {
          "tag": "button",
          "className": "VPNavBarHamburger hamburger",
          "rect": {
            "x": 319,
            "y": -831,
            "width": 48,
            "height": 64,
            "right": 367,
            "bottom": -767
          },
          "overflow": "visible",
          "position": "static",
          "text": ""
        },
        {
          "tag": "div",
          "className": "content-body",
          "rect": {
            "x": 58.140625,
            "y": -831,
            "width": 308.859375,
            "height": 64,
            "right": 367,
            "bottom": -767
          },
          "overflow": "visible",
          "position": "static",
          "text": ""
        },
        {
          "tag": "div",
          "className": "content",
          "rect": {
            "x": 58.140625,
            "y": -831,
            "width": 308.859375,
            "height": 64,
            "right": 367,
            "bottom": -767
          },
          "overflow": "visible",
          "position": "static",
          "text": ""
        },
        {
          "tag": "div",
          "className": "container",
          "rect": {
            "x": 24,
            "y": -831,
            "width": 343,
            "height": 64,
            "right": 367,
            "bottom": -767
          },
          "overflow": "visible",
          "position": "static",
          "text": "LxUI"
        }
      ],
      "activeElement": {
        "tag": "button",
        "className": "el-button el-button--primary el-button--default lx-btn lx-btn--primary lx-btn--md",
        "text": "提交校验"
      },
      "ids": [
        {
          "selector": "#el-id-1024-3",
          "exists": true,
          "tag": "div",
          "className": "el-popper is-pure is-light el-tooltip el-select__popper lx-select__popper",
          "hidden": true,
          "outerHTML": "<div class=\"el-popper is-pure is-light el-tooltip el-select__popper lx-select__popper\" tabindex=\"-1\" aria-hidden=\"true\" role=\"tooltip\" id=\"el-id-1024-3\" data-popper-reference-hidden=\"true\" data-popper-escaped=\"true\" data-popper-placement=\"top-start\" style=\"z-index: 2001; position: absolute; inset: auto auto -119px 41px; display: none;\"><div class=\"el-select-dropdown lx-select__popper\" style=\"min-width: 291px;\"><!--v-if--><!--v-if--><div class=\"el-scrollbar\" style=\"\"><div class=\"el-select-dropdow"
        }
      ]
    },
    {
      "view": "lxdynamicform-hud-dark-reduced-mobile",
      "demoClass": "dynamic-form-demo lx-theme-hud",
      "reducedMotion": true,
      "clippedSpan": {
        "outerHTML": "<span data-v-4e5b470d=\"\" class=\"container\"><span data-v-4e5b470d=\"\" class=\"top\"></span><span data-v-4e5b470d=\"\" class=\"middle\"></span><span data-v-4e5b470d=\"\" class=\"bottom\"></span></span>",
        "rect": {
          "x": 335,
          "y": -254,
          "width": 16,
          "height": 14,
          "right": 351,
          "bottom": -240
        },
        "parentClass": "VPNavBarHamburger hamburger"
      },
      "ids": [
        {
          "selector": "#el-id-1024-3",
          "exists": true,
          "tag": "div",
          "className": "el-popper is-pure is-light el-tooltip el-select__popper lx-select__popper",
          "rect": {
            "x": 0,
            "y": 0,
            "width": 0,
            "height": 0,
            "right": 0,
            "bottom": 0
          },
          "hidden": true,
          "text": "日常巡防应急支援",
          "parentText": "",
          "closestFormItemLabel": null,
          "outerHTML": "<div class=\"el-popper is-pure is-light el-tooltip el-select__popper lx-select__popper\" tabindex=\"-1\" aria-hidden=\"true\" role=\"tooltip\" id=\"el-id-1024-3\" data-popper-reference-hidden=\"false\" data-popper-escaped=\"false\" data-popper-placement=\"top-start\" style=\"z-index: 2001; position: absolute; inset: auto auto 22px 37px; display: none;\"><div class=\"el-select-dropdown lx-select__popper\" style=\"min-width: 299px;\"><!--v-if--><!--v-if--><div class=\"el-scrollbar\" style=\"\"><div class=\"el-select-dropdow"
        },
        {
          "selector": "#el-id-1024-8",
          "exists": true,
          "tag": "div",
          "className": "el-popper is-pure is-light el-tooltip el-select__popper lx-select__popper",
          "rect": {
            "x": 0,
            "y": 0,
            "width": 0,
            "height": 0,
            "right": 0,
            "bottom": 0
          },
          "hidden": true,
          "text": "李警官 · 指挥中心陈警官 · 一大队周警官 · 二大队",
          "parentText": "",
          "closestFormItemLabel": null,
          "outerHTML": "<div class=\"el-popper is-pure is-light el-tooltip el-select__popper lx-select__popper\" tabindex=\"-1\" aria-hidden=\"true\" role=\"tooltip\" id=\"el-id-1024-8\" data-popper-reference-hidden=\"true\" data-popper-escaped=\"true\" data-popper-placement=\"top-start\" style=\"z-index: 2002; position: absolute; inset: auto auto -64px 37px; display: none;\"><div class=\"el-select-dropdown lx-select__popper\" style=\"min-width: 299px;\"><!--v-if--><!--v-if--><div class=\"el-scrollbar\" style=\"\"><div class=\"el-select-dropdown"
        },
        {
          "selector": "#el-id-1024-10",
          "exists": true,
          "tag": "div",
          "className": "el-form-item__label",
          "rect": {
            "x": 37,
            "y": 954,
            "width": 96,
            "height": 20,
            "right": 133,
            "bottom": 974
          },
          "hidden": false,
          "text": "任务封面（单张）",
          "parentText": "任务封面（单张）\n\n点击或拖拽文件到此处上传\n\n支持扩展名：image/*，单文件不超过 10MB\n\n浏览本地文件",
          "closestFormItemLabel": "任务封面（单张）",
          "outerHTML": "<div id=\"el-id-1024-10\" class=\"el-form-item__label\">任务封面（单张）</div>"
        },
        {
          "selector": "#el-id-1024-11",
          "exists": true,
          "tag": "div",
          "className": "el-form-item__label",
          "rect": {
            "x": 37,
            "y": 1116,
            "width": 96,
            "height": 20,
            "right": 133,
            "bottom": 1136
          },
          "hidden": false,
          "text": "现场图片（多张）",
          "parentText": "现场图片（多张）\n\n点击或拖拽文件到此处上传\n\n支持扩展名：image/*，单文件不超过 10MB\n\n浏览本地文件\n已选 2 个文件\n全部清空\n东门现场.jpg\n上传成功\n180 KB\n西门现场.jpg\n上传成功\n216 KB",
          "closestFormItemLabel": "现场图片（多张）",
          "outerHTML": "<div id=\"el-id-1024-11\" class=\"el-form-item__label\">现场图片（多张）</div>"
        }
      ],
      "bodyMotion": {
        "transitionProperty": "all",
        "transitionDuration": "1e-05s",
        "transitionTimingFunction": "ease",
        "animationName": "none",
        "animationDuration": "1e-05s",
        "animationTimingFunction": "ease"
      },
      "uploadLabels": [
        {
          "tag": "p",
          "className": "lx-upload__hint",
          "text": "支持扩展名：image/*，单文件不超过 10MB",
          "color": "rgb(100, 116, 139)",
          "background": "rgba(0, 0, 0, 0)",
          "rect": {
            "x": 49,
            "y": 1039,
            "width": 235.390625,
            "height": 18,
            "right": 284.390625,
            "bottom": 1057
          }
        },
        {
          "tag": "button",
          "className": "lx-upload__browse",
          "text": "浏览本地文件",
          "color": "rgb(56, 189, 248)",
          "background": "rgba(0, 0, 0, 0)",
          "rect": {
            "x": 130.6875,
            "y": 1061,
            "width": 72,
            "height": 44,
            "right": 202.6875,
            "bottom": 1105
          }
        },
        {
          "tag": "p",
          "className": "lx-upload__hint",
          "text": "支持扩展名：image/*，单文件不超过 10MB",
          "color": "rgb(100, 116, 139)",
          "background": "rgba(0, 0, 0, 0)",
          "rect": {
            "x": 49,
            "y": 1201,
            "width": 235.390625,
            "height": 18,
            "right": 284.390625,
            "bottom": 1219
          }
        },
        {
          "tag": "button",
          "className": "lx-upload__browse",
          "text": "浏览本地文件",
          "color": "rgb(56, 189, 248)",
          "background": "rgba(0, 0, 0, 0)",
          "rect": {
            "x": 130.6875,
            "y": 1223,
            "width": 72,
            "height": 44,
            "right": 202.6875,
            "bottom": 1267
          }
        },
        {
          "tag": "span",
          "className": "lx-upload__file-status is-success",
          "text": "上传成功",
          "color": "rgb(82, 155, 46)",
          "background": "rgba(103, 194, 58, 0.15)",
          "rect": {
            "x": 86,
            "y": 1363,
            "width": 60,
            "height": 18,
            "right": 146,
            "bottom": 1381
          }
        },
        {
          "tag": "span",
          "className": "lx-upload__file-status is-success",
          "text": "上传成功",
          "color": "rgb(82, 155, 46)",
          "background": "rgba(103, 194, 58, 0.15)",
          "rect": {
            "x": 86,
            "y": 1478,
            "width": 60,
            "height": 18,
            "right": 146,
            "bottom": 1496
          }
        }
      ],
      "hiddenDemoControls": [
        {
          "tag": "div",
          "className": "dynamic-form-demo__candidate-controls",
          "hidden": false,
          "rect": {
            "x": 37,
            "y": 473,
            "width": 301,
            "height": 125,
            "right": 338,
            "bottom": 598
          },
          "text": "候选人员数据\n成功\n空结果\n失败\n3 名候选人员"
        },
        {
          "tag": "span",
          "className": "",
          "hidden": false,
          "rect": {
            "x": 45,
            "y": 482,
            "width": 78,
            "height": 24,
            "right": 123,
            "bottom": 506
          },
          "text": "候选人员数据"
        },
        {
          "tag": "div",
          "className": "dynamic-form-demo__modes",
          "hidden": false,
          "rect": {
            "x": 45,
            "y": 514,
            "width": 202,
            "height": 44,
            "right": 247,
            "bottom": 558
          },
          "text": "成功\n空结果\n失败"
        },
        {
          "tag": "button",
          "className": "el-button el-button--primary el-button--small lx-btn lx-btn--primary lx-btn--sm",
          "hidden": false,
          "rect": {
            "x": 45,
            "y": 514,
            "width": 50,
            "height": 44,
            "right": 95,
            "bottom": 558
          },
          "text": "成功"
        },
        {
          "tag": "span",
          "className": "",
          "hidden": false,
          "rect": {
            "x": 58,
            "y": 530,
            "width": 24,
            "height": 12,
            "right": 82,
            "bottom": 542
          },
          "text": "成功"
        },
        {
          "tag": "span",
          "className": "lx-btn__label",
          "hidden": false,
          "rect": {
            "x": 58,
            "y": 530,
            "width": 24,
            "height": 12,
            "right": 82,
            "bottom": 542
          },
          "text": "成功"
        },
        {
          "tag": "button",
          "className": "el-button el-button--default el-button--small lx-btn lx-btn--default lx-btn--sm",
          "hidden": false,
          "rect": {
            "x": 115,
            "y": 514,
            "width": 62,
            "height": 44,
            "right": 177,
            "bottom": 558
          },
          "text": "空结果"
        },
        {
          "tag": "span",
          "className": "",
          "hidden": false,
          "rect": {
            "x": 128,
            "y": 530,
            "width": 36,
            "height": 12,
            "right": 164,
            "bottom": 542
          },
          "text": "空结果"
        },
        {
          "tag": "span",
          "className": "lx-btn__label",
          "hidden": false,
          "rect": {
            "x": 128,
            "y": 530,
            "width": 36,
            "height": 12,
            "right": 164,
            "bottom": 542
          },
          "text": "空结果"
        },
        {
          "tag": "button",
          "className": "el-button el-button--default el-button--small lx-btn lx-btn--default lx-btn--sm",
          "hidden": false,
          "rect": {
            "x": 197,
            "y": 514,
            "width": 50,
            "height": 44,
            "right": 247,
            "bottom": 558
          },
          "text": "失败"
        },
        {
          "tag": "span",
          "className": "",
          "hidden": false,
          "rect": {
            "x": 210,
            "y": 530,
            "width": 24,
            "height": 12,
            "right": 234,
            "bottom": 542
          },
          "text": "失败"
        },
        {
          "tag": "span",
          "className": "lx-btn__label",
          "hidden": false,
          "rect": {
            "x": 210,
            "y": 530,
            "width": 24,
            "height": 12,
            "right": 234,
            "bottom": 542
          },
          "text": "失败"
        }
      ]
    }
  ],
  "blockedRequests": []
}
