2026-10-05 17:16:12.706: [INFO] CurrentProfilePath: F:\work\linkx-admin\.impeccable\critique\wave1-lxpasswordinput-2026-10-05\postfix-2026-10-06\assessment-b\edge-profile\Default
2026-10-05 17:16:12.706: [INFO] Profiles total count: 1
2026-10-05 17:16:12.706: [INFO] Profile: name=用户配置 1 path=F:\work\linkx-admin\.impeccable\critique\wave1-lxpasswordinput-2026-10-05\postfix-2026-10-06\assessment-b\edge-profile\Default lastActive=null
2026-10-05 17:16:12.706: [INFO] LastUsedProfileDir: F:\work\linkx-admin\.impeccable\critique\wave1-lxpasswordinput-2026-10-05\postfix-2026-10-06\assessment-b\edge-profile\Default
2026-10-05 17:16:12.706: [INFO] VisibilityChanged: 0
2026-10-05 17:16:12.716: [INFO] RecordSyncInitDuration has_sync_been_enabled: 0 state: 0
2026-10-05 17:16:12.717: [INFO] RecordSyncInitDuration has_sync_been_enabled: 0 state: 0
2026-10-05 17:16:12.718: [INFO] RecordSyncInitDuration has_sync_been_enabled: 0 state: 0
2026-10-05 17:16:12.718: [INFO] RecordSyncInitDuration has_sync_been_enabled: 0 state: 0
2026-10-05 17:16:12.719: [INFO] RecordSyncInitDuration has_sync_been_enabled: 0 state: 0
2026-10-05 17:16:12.719: [INFO] RecordSyncInitDuration has_sync_been_enabled: 0 state: 0
2026-10-05 17:16:12.720: [INFO] RecordSyncInitDuration has_sync_been_enabled: 0 state: 0
2026-10-05 17:16:12.720: [INFO] RecordSyncInitDuration has_sync_been_enabled: 0 state: 0
2026-10-05 17:16:12.721: [INFO] RecordSyncInitDuration has_sync_been_enabled: 0 state: 0
2026-10-05 17:16:12.721: [INFO] RecordSyncInitDuration has_sync_been_enabled: 0 state: 0
2026-10-05 17:16:12.774: [INFO] OnDoneLoading sync enabled: 0
2026-10-05 17:16:12.774: [INFO] BookmarkModelLoaded, ids_reassigned: 0
2026-10-05 17:16:12.774: [INFO] BookmarksLoadDropped droppedNodes=0
2026-10-05 17:16:12.774: [INFO] BookmarksSnapshot Startup total=0 bar=0 other=0 mobile=0 showBar=0 showBarNTP=1
2026-10-05 17:16:14.148: [INFO] RecordSyncInitDuration has_sync_been_enabled: 0 state: 0
2026-10-05 17:17:27.469: [INFO] CurrentProfilePath: F:\work\linkx-admin\.impeccable\critique\wave1-lxpasswordinput-2026-10-05\postfix-2026-10-06\assessment-b\edge-profile\Default
2026-10-05 17:17:27.469: [INFO] Profiles total count: 1
2026-10-05 17:17:27.469: [INFO] Profile: name=用户配置 1 path=F:\work\linkx-admin\.impeccable\critique\wave1-lxpasswordinput-2026-10-05\postfix-2026-10-06\assessment-b\edge-profile\Default lastActive=2026-10-05T17:16:12.715Z
2026-10-05 17:17:27.469: [INFO] LastUsedProfileDir: F:\work\linkx-admin\.impeccable\critique\wave1-lxpasswordinput-2026-10-05\postfix-2026-10-06\assessment-b\edge-profile\Default
2026-10-05 17:17:27.469: [INFO] MostRecentlyActiveProfile: name=用户配置 1 path=F:\work\linkx-admin\.impeccable\critique\wave1-lxpasswordinput-2026-10-05\postfix-2026-10-06\assessment-b\edge-profile\Default lastActive=2026-10-05T17:16:12.715Z
2026-10-05 17:17:27.469: [INFO] VisibilityChanged: 0
2026-10-05 17:17:27.493: [INFO] RecordSyncInitDuration has_sync_been_enabled: 0 state: 0
2026-10-05 17:17:27.493: [INFO] OnDoneLoading sync enabled: 0
2026-10-05 17:17:27.493: [INFO] BookmarkModelLoaded, ids_reassigned: 0
2026-10-05 17:17:27.493: [INFO] BookmarksLoadDropped droppedNodes=0
2026-10-05 17:17:27.493: [INFO] BookmarksSnapshot Startup total=0 bar=0 other=0 mobile=0 showBar=0 showBarNTP=1
2026-10-05 17:21:18.946: [INFO] CurrentProfilePath: F:\work\linkx-admin\.impeccable\critique\wave1-lxpasswordinput-2026-10-05\postfix-2026-10-06\assessment-b\edge-profile\Default
2026-10-05 17:21:18.946: [INFO] Profiles total count: 1
2026-10-05 17:21:18.946: [INFO] Profile: name=用户配置 1 path=F:\work\linkx-admin\.impeccable\critique\wave1-lxpasswordinput-2026-10-05\postfix-2026-10-06\assessment-b\edge-profile\Default lastActive=2026-10-05T17:17:27.483Z
2026-10-05 17:21:18.946: [INFO] LastUsedProfileDir: F:\work\linkx-admin\.impeccable\critique\wave1-lxpasswordinput-2026-10-05\postfix-2026-10-06\assessment-b\edge-profile\Default
2026-10-05 17:21:18.946: [INFO] MostRecentlyActiveProfile: name=用户配置 1 path=F:\work\linkx-admin\.impeccable\critique\wave1-lxpasswordinput-2026-10-05\postfix-2026-10-06\assessment-b\edge-profile\Default lastActive=2026-10-05T17:17:27.483Z
2026-10-05 17:21:18.946: [INFO] VisibilityChanged: 0
2026-10-05 17:21:18.983: [INFO] OnDoneLoading sync enabled: 0
2026-10-05 17:21:18.983: [INFO] BookmarkModelLoaded, ids_reassigned: 0
2026-10-05 17:21:18.983: [INFO] BookmarksLoadDropped droppedNodes=0
2026-10-05 17:21:18.983: [INFO] BookmarksSnapshot Startup total=0 bar=0 other=0 mobile=0 showBar=0 showBarNTP=1
2026-10-05 17:21:18.985: [INFO] RecordSyncInitDuration has_sync_been_enabled: 0 state: 0
