
  vitepress v1.6.4

  ➜  Local:   http://127.0.0.1:4175/
  ➜  press h to show help
17:03:42 [vitepress] hmr update /@fs/F:/work/linkx-admin/linkx-fe/src/components/LxVirtualTree/index.vue
17:06:02 [vitepress] hmr update /@fs/F:/work/linkx-admin/linkx-fe/src/components/LxVirtualTree/index.vue
17:06:36 [vitepress] hmr update /@fs/F:/work/linkx-admin/linkx-fe/src/components/LxVirtualTree/index.vue
17:17:37 [vitepress] page reload .vitepress/dist/404.html
17:17:38 [vitepress] page reload .vitepress/dist/components/element-bridge.html
17:17:38 [vitepress] page reload .vitepress/dist/components/lxactionbuttons.html
17:17:38 [vitepress] page reload .vitepress/dist/components/lxauthimg.html
17:17:38 [vitepress] page reload .vitepress/dist/components/lxbreadcrumb.html
17:17:38 [vitepress] page reload .vitepress/dist/components/lxbutton.html
17:17:38 [vitepress] page reload .vitepress/dist/components/lxcascader.html
17:17:38 [vitepress] page reload .vitepress/dist/components/lxcheckbox.html
17:17:38 [vitepress] page reload .vitepress/dist/components/lxcodeslot.html
17:17:38 [vitepress] page reload .vitepress/dist/components/lxconfirm.html
17:17:38 [vitepress] page reload .vitepress/dist/components/lxdatepicker.html
17:17:38 [vitepress] page reload .vitepress/dist/components/lxdescriptions.html
17:17:38 [vitepress] page reload .vitepress/dist/components/lxdialog.html
17:17:38 [vitepress] page reload .vitepress/dist/components/lxdrawer.html
17:17:38 [vitepress] page reload .vitepress/dist/components/lxdutycalendar.html
17:17:38 [vitepress] page reload .vitepress/dist/components/lxdynamicform.html
17:17:38 [vitepress] page reload .vitepress/dist/components/lxempty.html
17:17:38 [vitepress] page reload .vitepress/dist/components/lxform.html
17:17:38 [vitepress] page reload .vitepress/dist/components/lxformerrorbanner.html
17:17:38 [vitepress] page reload .vitepress/dist/components/lxgauge.html
17:17:38 [vitepress] page reload .vitepress/dist/components/lxicons.html
17:17:38 [vitepress] page reload .vitepress/dist/components/lxinput.html
17:17:38 [vitepress] page reload .vitepress/dist/components/lxinputnumber.html
17:17:38 [vitepress] page reload .vitepress/dist/components/lxmessage.html
17:17:38 [vitepress] page reload .vitepress/dist/components/lxmetriccard.html
17:17:38 [vitepress] page reload .vitepress/dist/components/lxnavbar.html
17:17:38 [vitepress] page reload .vitepress/dist/components/lxnodebadge.html
17:17:38 [vitepress] page reload .vitepress/dist/components/lxpagecard.html
17:17:38 [vitepress] page reload .vitepress/dist/components/lxpagination.html
17:17:38 [vitepress] page reload .vitepress/dist/components/lxpasswordinput.html
17:17:38 [vitepress] page reload .vitepress/dist/components/lxprotable.html
17:17:38 [vitepress] page reload .vitepress/dist/components/lxradio.html
17:17:38 [vitepress] page reload .vitepress/dist/components/lxsearchbar.html
17:17:38 [vitepress] page reload .vitepress/dist/components/lxsectiontitle.html
17:17:38 [vitepress] page reload .vitepress/dist/components/lxselect.html
17:17:38 [vitepress] page reload .vitepress/dist/components/lxselectpagination.html
17:17:38 [vitepress] page reload .vitepress/dist/components/lxselecttree.html
17:17:38 [vitepress] page reload .vitepress/dist/components/lxsidebar.html
17:17:38 [vitepress] page reload .vitepress/dist/components/lxsplitlayout.html
17:17:38 [vitepress] page reload .vitepress/dist/components/lxstatusdot.html
17:17:38 [vitepress] page reload .vitepress/dist/components/lxstatusswitch.html
17:17:38 [vitepress] page reload .vitepress/dist/components/lxswitch.html
17:17:38 [vitepress] page reload .vitepress/dist/components/lxtabsbar.html
17:17:38 [vitepress] page reload .vitepress/dist/components/lxtag.html
17:17:38 [vitepress] page reload .vitepress/dist/components/lxtextarea.html
17:17:38 [vitepress] page reload .vitepress/dist/components/lxtransferpanel.html
17:17:38 [vitepress] page reload .vitepress/dist/components/lxtreeselect.html
17:17:38 [vitepress] page reload .vitepress/dist/components/lxupload.html
17:17:38 [vitepress] page reload .vitepress/dist/components/lxvirtualtree.html
17:17:38 [vitepress] page reload .vitepress/dist/components/new-components.html
17:17:38 [vitepress] page reload .vitepress/dist/components/permissions.html
17:17:38 [vitepress] page reload .vitepress/dist/DELIVERY-CHECK.html
17:17:38 [vitepress] page reload .vitepress/dist/index.html
17:17:38 [vitepress] page reload .vitepress/dist/ROADMAP.html
17:18:00 [vitepress] page reload .vitepress/dist/DELIVERY-CHECK.html
17:18:00 [vitepress] page reload .vitepress/dist/DELIVERY-CHECK.html
17:18:00 [vitepress] page reload .vitepress/dist/404.html
17:18:01 [vitepress] page reload .vitepress/dist/ROADMAP.html
17:18:01 [vitepress] page reload .vitepress/dist/404.html
17:18:01 [vitepress] page reload .vitepress/dist/ROADMAP.html
17:18:01 [vitepress] page reload .vitepress/dist/components/element-bridge.html
17:18:01 [vitepress] page reload .vitepress/dist/components/lxactionbuttons.html
17:18:01 [vitepress] page reload .vitepress/dist/components/lxauthimg.html
17:18:01 [vitepress] page reload .vitepress/dist/components/lxbreadcrumb.html
17:18:01 [vitepress] page reload .vitepress/dist/components/lxbutton.html
17:18:01 [vitepress] page reload .vitepress/dist/components/lxcascader.html
17:18:01 [vitepress] page reload .vitepress/dist/components/lxcheckbox.html
17:18:01 [vitepress] page reload .vitepress/dist/components/lxcodeslot.html
17:18:01 [vitepress] page reload .vitepress/dist/components/lxconfirm.html
17:18:01 [vitepress] page reload .vitepress/dist/components/lxdatepicker.html
17:18:01 [vitepress] page reload .vitepress/dist/components/lxdescriptions.html
17:18:01 [vitepress] page reload .vitepress/dist/components/lxdialog.html
17:18:01 [vitepress] page reload .vitepress/dist/components/lxdrawer.html
17:18:01 [vitepress] page reload .vitepress/dist/components/lxdutycalendar.html
17:18:01 [vitepress] page reload .vitepress/dist/components/lxdynamicform.html
17:18:01 [vitepress] page reload .vitepress/dist/components/lxempty.html
17:18:01 [vitepress] page reload .vitepress/dist/components/lxform.html
17:18:01 [vitepress] page reload .vitepress/dist/components/lxformerrorbanner.html
17:18:01 [vitepress] page reload .vitepress/dist/components/lxgauge.html
17:18:01 [vitepress] page reload .vitepress/dist/components/lxicons.html
17:18:01 [vitepress] page reload .vitepress/dist/components/lxinput.html
17:18:01 [vitepress] page reload .vitepress/dist/components/lxinputnumber.html
17:18:01 [vitepress] page reload .vitepress/dist/components/lxmessage.html
17:18:02 [vitepress] page reload .vitepress/dist/components/lxmetriccard.html
17:18:02 [vitepress] page reload .vitepress/dist/components/lxnavbar.html
17:18:02 [vitepress] page reload .vitepress/dist/components/lxnodebadge.html
17:18:02 [vitepress] page reload .vitepress/dist/components/lxpagecard.html
17:18:02 [vitepress] page reload .vitepress/dist/components/lxpagination.html
17:18:02 [vitepress] page reload .vitepress/dist/components/lxpasswordinput.html
17:18:02 [vitepress] page reload .vitepress/dist/components/lxprotable.html
17:18:02 [vitepress] page reload .vitepress/dist/components/lxradio.html
17:18:02 [vitepress] page reload .vitepress/dist/components/lxsearchbar.html
17:18:02 [vitepress] page reload .vitepress/dist/components/lxsectiontitle.html
17:18:02 [vitepress] page reload .vitepress/dist/components/lxselect.html
17:18:02 [vitepress] page reload .vitepress/dist/components/lxselectpagination.html
17:18:02 [vitepress] page reload .vitepress/dist/components/lxselecttree.html
17:18:02 [vitepress] page reload .vitepress/dist/components/lxsidebar.html
17:18:02 [vitepress] page reload .vitepress/dist/components/lxsplitlayout.html
17:18:02 [vitepress] page reload .vitepress/dist/components/lxstatusdot.html
17:18:02 [vitepress] page reload .vitepress/dist/components/lxstatusswitch.html
17:18:02 [vitepress] page reload .vitepress/dist/components/lxswitch.html
17:18:02 [vitepress] page reload .vitepress/dist/components/lxtabsbar.html
17:18:02 [vitepress] page reload .vitepress/dist/components/lxtag.html
17:18:02 [vitepress] page reload .vitepress/dist/components/lxtextarea.html
17:18:02 [vitepress] page reload .vitepress/dist/components/lxtransferpanel.html
17:18:02 [vitepress] page reload .vitepress/dist/components/lxtreeselect.html
17:18:02 [vitepress] page reload .vitepress/dist/components/lxupload.html
17:18:02 [vitepress] page reload .vitepress/dist/components/lxvirtualtree.html
17:18:02 [vitepress] page reload .vitepress/dist/components/new-components.html
17:18:02 [vitepress] page reload .vitepress/dist/components/permissions.html
17:18:02 [vitepress] page reload .vitepress/dist/index.html
17:20:40 [vitepress] page reload .vitepress/dist/404.html
17:20:41 [vitepress] page reload .vitepress/dist/components/element-bridge.html
17:20:41 [vitepress] page reload .vitepress/dist/components/lxactionbuttons.html
17:20:41 [vitepress] page reload .vitepress/dist/components/lxauthimg.html
17:20:41 [vitepress] page reload .vitepress/dist/components/lxbreadcrumb.html
17:20:41 [vitepress] page reload .vitepress/dist/components/lxbutton.html
17:20:41 [vitepress] page reload .vitepress/dist/components/lxcascader.html
17:20:41 [vitepress] page reload .vitepress/dist/components/lxcheckbox.html
17:20:41 [vitepress] page reload .vitepress/dist/components/lxcodeslot.html
17:20:41 [vitepress] page reload .vitepress/dist/components/lxconfirm.html
17:20:41 [vitepress] page reload .vitepress/dist/components/lxdatepicker.html
17:20:41 [vitepress] page reload .vitepress/dist/components/lxdescriptions.html
17:20:41 [vitepress] page reload .vitepress/dist/components/lxdialog.html
17:20:41 [vitepress] page reload .vitepress/dist/components/lxdrawer.html
17:20:41 [vitepress] page reload .vitepress/dist/components/lxdutycalendar.html
17:20:41 [vitepress] page reload .vitepress/dist/components/lxdynamicform.html
17:20:41 [vitepress] page reload .vitepress/dist/components/lxempty.html
17:20:41 [vitepress] page reload .vitepress/dist/components/lxform.html
17:20:41 [vitepress] page reload .vitepress/dist/components/lxformerrorbanner.html
17:20:41 [vitepress] page reload .vitepress/dist/components/lxgauge.html
17:20:41 [vitepress] page reload .vitepress/dist/components/lxicons.html
17:20:41 [vitepress] page reload .vitepress/dist/components/lxinput.html
17:20:41 [vitepress] page reload .vitepress/dist/components/lxinputnumber.html
17:20:41 [vitepress] page reload .vitepress/dist/components/lxmessage.html
17:20:41 [vitepress] page reload .vitepress/dist/components/lxmetriccard.html
17:20:41 [vitepress] page reload .vitepress/dist/components/lxnavbar.html
17:20:41 [vitepress] page reload .vitepress/dist/components/lxnodebadge.html
17:20:41 [vitepress] page reload .vitepress/dist/components/lxpagecard.html
17:20:41 [vitepress] page reload .vitepress/dist/components/lxpagination.html
17:20:41 [vitepress] page reload .vitepress/dist/components/lxpasswordinput.html
17:20:41 [vitepress] page reload .vitepress/dist/components/lxprotable.html
17:20:41 [vitepress] page reload .vitepress/dist/components/lxradio.html
17:20:41 [vitepress] page reload .vitepress/dist/components/lxsearchbar.html
17:20:41 [vitepress] page reload .vitepress/dist/components/lxsectiontitle.html
17:20:41 [vitepress] page reload .vitepress/dist/components/lxselect.html
17:20:41 [vitepress] page reload .vitepress/dist/components/lxselectpagination.html
17:20:41 [vitepress] page reload .vitepress/dist/components/lxselecttree.html
17:20:41 [vitepress] page reload .vitepress/dist/components/lxsidebar.html
17:20:41 [vitepress] page reload .vitepress/dist/components/lxsplitlayout.html
17:20:41 [vitepress] page reload .vitepress/dist/components/lxstatusdot.html
17:20:41 [vitepress] page reload .vitepress/dist/components/lxstatusswitch.html
17:20:41 [vitepress] page reload .vitepress/dist/components/lxswitch.html
17:20:41 [vitepress] page reload .vitepress/dist/components/lxtabsbar.html
17:20:41 [vitepress] page reload .vitepress/dist/components/lxtag.html
17:20:41 [vitepress] page reload .vitepress/dist/components/lxtextarea.html
17:20:41 [vitepress] page reload .vitepress/dist/components/lxtransferpanel.html
17:20:41 [vitepress] page reload .vitepress/dist/components/lxtreeselect.html
17:20:41 [vitepress] page reload .vitepress/dist/components/lxupload.html
17:20:41 [vitepress] page reload .vitepress/dist/components/lxvirtualtree.html
17:20:41 [vitepress] page reload .vitepress/dist/components/new-components.html
17:20:41 [vitepress] page reload .vitepress/dist/components/permissions.html
17:20:41 [vitepress] page reload .vitepress/dist/DELIVERY-CHECK.html
17:20:41 [vitepress] page reload .vitepress/dist/ROADMAP.html
17:20:41 [vitepress] page reload .vitepress/dist/index.html
[ELIFECYCLE] Command failed with exit code 1.
